ARM Linker, 5.03 [Build 24] [MDK-ARM Standard]

==============================================================================

Section Cross References

    mb.o(i.eMBClose) refers to mb.o(.data) for .data
    mb.o(i.eMBDisable) refers to mb.o(.data) for .data
    mb.o(i.eMBEnable) refers to mb.o(.data) for .data
    mb.o(i.eMBInit) refers to mbrtu.o(i.eMBRTUInit) for eMBRTUInit
    mb.o(i.eMBInit) refers to modbus-port-stm32.o(i.xMBPortEventInit) for xMBPortEventInit
    mb.o(i.eMBInit) refers to mb.o(.data) for .data
    mb.o(i.eMBInit) refers to mbrtu.o(i.eMBRTUStart) for eMBRTUStart
    mb.o(i.eMBInit) refers to mbrtu.o(i.eMBRTUStop) for eMBRTUStop
    mb.o(i.eMBInit) refers to mbrtu.o(i.eMBRTUSend) for eMBRTUSend
    mb.o(i.eMBInit) refers to mbrtu.o(i.eMBRTUReceive) for eMBRTUReceive
    mb.o(i.eMBInit) refers to mbrtu.o(i.xMBRTUReceiveFSM) for xMBRTUReceiveFSM
    mb.o(i.eMBInit) refers to mbrtu.o(i.xMBRTUTransmitFSM) for xMBRTUTransmitFSM
    mb.o(i.eMBInit) refers to mbrtu.o(i.xMBRTUTimerT35Expired) for xMBRTUTimerT35Expired
    mb.o(i.eMBPoll) refers to modbus-port-stm32.o(i.xMBPortEventGet) for xMBPortEventGet
    mb.o(i.eMBPoll) refers to modbus-port-stm32.o(i.xMBPortEventPost) for xMBPortEventPost
    mb.o(i.eMBPoll) refers to mb.o(.data) for .data
    mb.o(i.eMBRegisterCB) refers to mb.o(.data) for .data
    mb.o(.data) refers to mbfuncother.o(i.eMBFuncReportSlaveID) for eMBFuncReportSlaveID
    mb.o(.data) refers to mbfuncinput.o(i.eMBFuncReadInputRegister) for eMBFuncReadInputRegister
    mb.o(.data) refers to mbfuncholding.o(i.eMBFuncReadHoldingRegister) for eMBFuncReadHoldingRegister
    mb.o(.data) refers to mbfuncholding.o(i.eMBFuncWriteMultipleHoldingRegister) for eMBFuncWriteMultipleHoldingRegister
    mb.o(.data) refers to mbfuncholding.o(i.eMBFuncWriteHoldingRegister) for eMBFuncWriteHoldingRegister
    mb.o(.data) refers to mbfuncholding.o(i.eMBFuncReadWriteMultipleHoldingRegister) for eMBFuncReadWriteMultipleHoldingRegister
    mb.o(.data) refers to mbfunccoils.o(i.eMBFuncReadCoils) for eMBFuncReadCoils
    mb.o(.data) refers to mbfunccoils.o(i.eMBFuncWriteCoil) for eMBFuncWriteCoil
    mb.o(.data) refers to mbfunccoils.o(i.eMBFuncWriteMultipleCoils) for eMBFuncWriteMultipleCoils
    mb.o(.data) refers to mbfuncdisc.o(i.eMBFuncReadDiscreteInputs) for eMBFuncReadDiscreteInputs
    mbfunccoils.o(i.eMBFuncReadCoils) refers to modbus-port-stm32.o(i.eMBRegCoilsCB) for eMBRegCoilsCB
    mbfunccoils.o(i.eMBFuncReadCoils) refers to mbutils.o(i.prveMBError2Exception) for prveMBError2Exception
    mbfunccoils.o(i.eMBFuncWriteCoil) refers to modbus-port-stm32.o(i.eMBRegCoilsCB) for eMBRegCoilsCB
    mbfunccoils.o(i.eMBFuncWriteCoil) refers to mbutils.o(i.prveMBError2Exception) for prveMBError2Exception
    mbfunccoils.o(i.eMBFuncWriteMultipleCoils) refers to modbus-port-stm32.o(i.eMBRegCoilsCB) for eMBRegCoilsCB
    mbfunccoils.o(i.eMBFuncWriteMultipleCoils) refers to mbutils.o(i.prveMBError2Exception) for prveMBError2Exception
    mbfuncdisc.o(i.eMBFuncReadDiscreteInputs) refers to modbus-port-stm32.o(i.eMBRegDiscreteCB) for eMBRegDiscreteCB
    mbfuncdisc.o(i.eMBFuncReadDiscreteInputs) refers to mbutils.o(i.prveMBError2Exception) for prveMBError2Exception
    mbfuncholding.o(i.eMBFuncReadHoldingRegister) refers to modbus-port-stm32.o(i.eMBRegHoldingCB) for eMBRegHoldingCB
    mbfuncholding.o(i.eMBFuncReadHoldingRegister) refers to mbutils.o(i.prveMBError2Exception) for prveMBError2Exception
    mbfuncholding.o(i.eMBFuncReadWriteMultipleHoldingRegister) refers to modbus-port-stm32.o(i.eMBRegHoldingCB) for eMBRegHoldingCB
    mbfuncholding.o(i.eMBFuncReadWriteMultipleHoldingRegister) refers to mbutils.o(i.prveMBError2Exception) for prveMBError2Exception
    mbfuncholding.o(i.eMBFuncWriteHoldingRegister) refers to modbus-port-stm32.o(i.eMBRegHoldingCB) for eMBRegHoldingCB
    mbfuncholding.o(i.eMBFuncWriteHoldingRegister) refers to mbutils.o(i.prveMBError2Exception) for prveMBError2Exception
    mbfuncholding.o(i.eMBFuncWriteMultipleHoldingRegister) refers to modbus-port-stm32.o(i.eMBRegHoldingCB) for eMBRegHoldingCB
    mbfuncholding.o(i.eMBFuncWriteMultipleHoldingRegister) refers to mbutils.o(i.prveMBError2Exception) for prveMBError2Exception
    mbfuncinput.o(i.eMBFuncReadInputRegister) refers to modbus-port-stm32.o(i.eMBRegInputCB) for eMBRegInputCB
    mbfuncinput.o(i.eMBFuncReadInputRegister) refers to mbutils.o(i.prveMBError2Exception) for prveMBError2Exception
    mbfuncother.o(i.eMBFuncReportSlaveID) refers to rt_memcpy_v6.o(.text) for __aeabi_memcpy
    mbfuncother.o(i.eMBFuncReportSlaveID) refers to mbfuncother.o(.data) for .data
    mbfuncother.o(i.eMBFuncReportSlaveID) refers to mbfuncother.o(.bss) for .bss
    mbfuncother.o(i.eMBSetSlaveID) refers to rt_memcpy_v6.o(.text) for __aeabi_memcpy
    mbfuncother.o(i.eMBSetSlaveID) refers to mbfuncother.o(.data) for .data
    mbfuncother.o(i.eMBSetSlaveID) refers to mbfuncother.o(.bss) for .bss
[...]
    .ARM.Collect$$rtentry$$00000000          0x080001dc   Section        0  rtentry.o(.ARM.Collect$$rtentry$$00000000)
    .ARM.Collect$$rtentry$$00000002          0x080001dc   Section        0  rtentry2.o(.ARM.Collect$$rtentry$$00000002)
    .ARM.Collect$$rtentry$$00000004          0x080001dc   Section        6  rtentry4.o(.ARM.Collect$$rtentry$$00000004)
    .ARM.Collect$$rtentry$$00000009          0x080001e2   Section        0  rtentry2.o(.ARM.Collect$$rtentry$$00000009)
    .ARM.Collect$$rtentry$$0000000A          0x080001e2   Section        4  rtentry2.o(.ARM.Collect$$rtentry$$0000000A)
    .ARM.Collect$$rtentry$$0000000C          0x080001e6   Section        0  rtentry2.o(.ARM.Collect$$rtentry$$0000000C)
    .ARM.Collect$$rtentry$$0000000D          0x080001e6   Section        8  rtentry2.o(.ARM.Collect$$rtentry$$0000000D)
    .ARM.Collect$$rtexit$$00000000           0x080001ee   Section        2  rtexit.o(.ARM.Collect$$rtexit$$00000000)
    .ARM.Collect$$rtexit$$00000002           0x080001f0   Section        0  rtexit2.o(.ARM.Collect$$rtexit$$00000002)
    .ARM.Collect$$rtexit$$00000003           0x080001f0   Section        4  rtexit2.o(.ARM.Collect$$rtexit$$00000003)
    .ARM.Collect$$rtexit$$00000004           0x080001f4   Section        6  rtexit2.o(.ARM.Collect$$rtexit$$00000004)
    .emb_text                                0x080001fc   Section       46  bios.o(.emb_text)
    .text                                    0x0800022c   Section       60  startup_stm32f10x_md_vl.o(.text)
    .text                                    0x08000268   Section      138  rt_memcpy_v6.o(.text)
    .text                                    0x080002f2   Section        0  heapauxi.o(.text)
    .text                                    0x080002f8   Section        0  _rserrno.o(.text)
    .text                                    0x0800030e   Section      100  rt_memcpy_w.o(.text)
    .text                                    0x08000374   Section        8  rt_errno_addr_intlibspace.o(.text)
    .text                                    0x0800037c   Section        8  libspace.o(.text)
    .text                                    0x08000384   Section       74  sys_stackheap_outer.o(.text)
    .text                                    0x080003ce   Section        0  exit.o(.text)
    .text                                    0x080003dc   Section        0  sys_exit.o(.text)
    .text                                    0x080003e8   Section        2  use_no_semi.o(.text)
    .text                                    0x080003ea   Section        0  indicate_semi.o(.text)
    i.BIOS_Init                              0x080003ec   Section        0  bios.o(i.BIOS_Init)
    i.Convert7705                            0x080004a8   Section        0  ad7705.o(i.Convert7705)
    i.DS18B20_1_Read                         0x080004d8   Section        0  ds18b20.o(i.DS18B20_1_Read)
    i.DS18B20_2_Read                         0x080004e4   Section        0  ds18b20.o(i.DS18B20_2_Read)
    i.DS18B20_3_Read                         0x080004f0   Section        0  ds18b20.o(i.DS18B20_3_Read)
    i.DS18B20_4_Read                         0x080004fc   Section        0  ds18b20.o(i.DS18B20_4_Read)
    i.DS18B20_Load                           0x08000508   Section        0  ds18b20.o(i.DS18B20_Load)
    DS18B20_Load                             0x08000509   Thumb Code   116  ds18b20.o(i.DS18B20_Load)
    i.DS18B20_Read                           0x08000580   Section        0  ds18b20.o(i.DS18B20_Read)
    DS18B20_Read                             0x08000581   Thumb Code    32  ds18b20.o(i.DS18B20_Read)
    i.FM24C64_Load                           0x080005a0   Section        0  fm24.o(i.FM24C64_Load)
    i.FM24C64_Save                           0x080005f8   Section        0  fm24.o(i.FM24C64_Save)
    i.Fan1_OutCmd                            0x08000640   Section        0  bios.o(i.Fan1_OutCmd)
    i.Fan2_OutCmd                            0x08000674   Section        0  bios.o(i.Fan2_OutCmd)
    i.FanSpeed_fetch                         0x080006a8   Section        0  hcboxs.o(i.FanSpeed_fetch)
    i.HCBoxControl                           0x08000708   Section        0  hcboxs.o(i.HCBoxControl)
    i.HCBoxCool_OutCmd                       0x08000798   Section        0  bios.o(i.HCBoxCool_OutCmd)
    i.HCBoxFan_OutCmd                        0x080007a4   Section        0  bios.o(i.HCBoxFan_OutCmd)
    i.HCBoxFan_Update                        0x080007d8   Section        0  hcboxs.o(i.HCBoxFan_Update)
    i.HCBoxHeat_OutCmd                       0x08000814   Section        0  bios.o(i.HCBoxHeat_OutCmd)
    i.HCBoxTemp_Update                       0x08000820   Section        0  hcboxs.o(i.HCBoxTemp_Update)
    i.HCBox_Cool                             0x08000860   Section        0  hcboxs.o(i.HCBox_Cool)
    HCBox_Cool                               0x08000861   Thumb Code   234  hcboxs.o(i.HCBox_Cool)
    i.HCBox_Heat                             0x08000968   Section        0  hcboxs.o(i.HCBox_Heat)
    HCBox_Heat                               0x08000969   Thumb Code   198  hcboxs.o(i.HCBox_Heat)
    i.HCBox_Output                           0x08000a48   Section        0  hcboxs.o(i.HCBox_Output)
    i.HCBox_Wait                             0x08000ad4   Section        0  hcboxs.o(i.HCBox_Wait)
    HCBox_Wait                               0x08000ad5   Thumb Code   188  hcboxs.o(i.HCBox_Wait)
    i.Heater_Exec                            0x08000b9c   Section        0  main_kb6120c-sensor.o(i.Heater_Exec)
    Heater_Exec                              0x08000b9d   Thumb Code    96  main_kb6120c-sensor.o(i.Heater_Exec)
    i.Heater_OutCmd                          0x08000c0c   Section        0  bios.o(i.Heater_OutCmd)
    i.Initialize7705                         0x08000c3c   Section        0  ad7705.o(i.Initialize7705)
    i.KB6120E_ConfigSelect                   0x08000cc8   Section        0  main_kb6120c-sensor.o(i.KB6120E_ConfigSelect)
    KB6120E_ConfigSelect                     0x08000cc9   Thumb Code   102  main_kb6120c-sensor.o(i.KB6120E_ConfigSelect)
    i.MB_485_Direct_Receive                  0x08000d34   Section        0  bios.o(i.MB_485_Direct_Receive)
    i.MB_485_Direct_Transmit                 0x08000d38   Section        0  bios.o(i.MB_485_Direct_Transmit)
    i.MODBUS_Init                            0x08000d44   Section        0  modbus-port-stm32.o(i.MODBUS_Init)
    i.MonitorTickInit                        0x08000d60   Section        0  bios.o(i.MonitorTickInit)
    i.MonitorTickTimeout                     0x08000d94   Section        0  bios.o(i.MonitorTickTimeout)
    i.MotorPWM_SetOutput                     0x08000da8   Section        0  bios.o(i.MotorPWM_SetOutput)
    i.MotorPower_OutCmd                      0x08000dc0   Section        0  bios.o(i.MotorPower_OutCmd)
    i.NVIC_EnableIRQ                         0x08000df0   Section        0  modbus-port-stm32.o(i.NVIC_EnableIRQ)
    NVIC_EnableIRQ                           0x08000df1   Thumb Code    24  modbus-port-stm32.o(i.NVIC_EnableIRQ)
    i.NVIC_SetPriority                       0x08000e08   Section        0  bios.o(i.NVIC_SetPriority)
    NVIC_SetPriority                         0x08000e09   Thumb Code    22  bios.o(i.NVIC_SetPriority)
    i.OW_1_Init                              0x08000e28   Section        0  bios.o(i.OW_1_Init)
    i.OW_1_Reset                             0x08000e68   Section        0  bios.o(i.OW_1_Reset)
    i.OW_1_Slot                              0x08000e74   Section        0  bios.o(i.OW_1_Slot)
    i.OW_2_Init                              0x08000e80   Section        0  bios.o(i.OW_2_Init)
    i.OW_2_Reset                             0x08000ebc   Section        0  bios.o(i.OW_2_Reset)
    i.OW_2_Slot                              0x08000ec8   Section        0  bios.o(i.OW_2_Slot)
    i.OW_3_Init                              0x08000ed4   Section        0  bios.o(i.OW_3_Init)
    i.OW_3_Reset                             0x08000f14   Section        0  bios.o(i.OW_3_Reset)
    i.OW_3_Slot                              0x08000f20   Section        0  bios.o(i.OW_3_Slot)
    i.OW_4_Init                              0x08000f2c   Section        0  bios.o(i.OW_4_Init)
    i.OW_4_Reset                             0x08000f6c   Section        0  bios.o(i.OW_4_Reset)
    i.OW_4_Slot                              0x08000f78   Section        0  bios.o(i.OW_4_Slot)
    i.OW_Slot8                               0x08000f84   Section        0  ds18b20.o(i.OW_Slot8)
    OW_Slot8                                 0x08000f85   Thumb Code    40  ds18b20.o(i.OW_Slot8)
    i.PWM1_SetOutput                         0x08000fac   Section        0  bios.o(i.PWM1_SetOutput)
    i.PWM2_SetOutput                         0x08000fc4   Section        0  bios.o(i.PWM2_SetOutput)
    i.PWM3_SetOutput                         0x08000fdc   Section        0  bios.o(i.PWM3_SetOutput)
    i.PWM4_SetOutput                         0x08000ff4   Section        0  bios.o(i.PWM4_SetOutput)
    i.PendSV_Handler                         0x0800100c   Section        0  modbus-port-stm32.o(i.PendSV_Handler)
    i.PowerAIR_OutCmd                        0x08001010   Section        0  bios.o(i.PowerAIR_OutCmd)
    i.Readout7705                            0x08001040   Section        0  ad7705.o(i.Readout7705)
    i.STM32_ADC1_Readout                     0x080010b0   Section        0  bios.o(i.STM32_ADC1_Readout)
    i.STM32_ADC_Init                         0x080010d8   Section        0  bios.o(i.STM32_ADC_Init)
    STM32_ADC_Init                           0x080010d9   Thumb Code   186  bios.o(i.STM32_ADC_Init)
    i.Select7705                             0x080011b4   Section        0  bios.o(i.Select7705)
    i.SetSysClockTo24                        0x0800121c   Section        0  bios.o(i.SetSysClockTo24)
    SetSysClockTo24                          0x0800121d   Thumb Code   130  bios.o(i.SetSysClockTo24)
    i.Slice0_Exec                            0x080012a4   Section        0  main_kb6120c-sensor.o(i.Slice0_Exec)
    Slice0_Exec                              0x080012a5   Thumb Code   262  main_kb6120c-sensor.o(i.Slice0_Exec)
    i.Slice1_Exec                            0x080013b8   Section        0  main_kb6120c-sensor.o(i.Slice1_Exec)
    Slice1_Exec                              0x080013b9   Thumb Code   112  main_kb6120c-sensor.o(i.Slice1_Exec)
    i.Slice2_Exec                            0x08001434   Section        0  main_kb6120c-sensor.o(i.Slice2_Exec)
    Slice2_Exec                              0x08001435   Thumb Code    68  main_kb6120c-sensor.o(i.Slice2_Exec)
    i.SysTick_Handler                        0x08001488   Section        0  bios.o(i.SysTick_Handler)
    i.SystemInit                             0x080014b0   Section        0  bios.o(i.SystemInit)
    i.TIM15_Configure                        0x08001504   Section        0  bios.o(i.TIM15_Configure)
    i.TIM3_Configure                         0x08001578   Section        0  bios.o(i.TIM3_Configure)
    TIM3_Configure                           0x08001579   Thumb Code    90  bios.o(i.TIM3_Configure)
    i.TIM4_IRQHandler                        0x080015e4   Section        0  modbus-port-stm32.o(i.TIM4_IRQHandler)
    i.USART1_IRQHandler                      0x08001604   Section        0  modbus-port-stm32.o(i.USART1_IRQHandler)
    i.Update_CH0                             0x0800165c   Section        0  main_kb6120c-sensor.o(i.Update_CH0)
    i.Update_CH1                             0x080016dc   Section        0  main_kb6120c-sensor.o(i.Update_CH1)
    i._CV_NTC10K                             0x0800175c   Section        0  sensor.o(i._CV_NTC10K)
    _CV_NTC10K                               0x0800175d   Thumb Code    72  sensor.o(i._CV_NTC10K)
    i._Convert7705                           0x080017b8   Section        0  ad7705.o(i._Convert7705)
    _Convert7705                             0x080017b9   Thumb Code    94  ad7705.o(i._Convert7705)
    i._OW_1_Reset                            0x08001818   Section        0  bios.o(i._OW_1_Reset)
    _OW_1_Reset                              0x08001819   Thumb Code    56  bios.o(i._OW_1_Reset)
    i._OW_1_Slot                             0x08001854   Section        0  bios.o(i._OW_1_Slot)
    _OW_1_Slot                               0x08001855   Thumb Code    62  bios.o(i._OW_1_Slot)
    i._OW_2_Reset                            0x08001898   Section        0  bios.o(i._OW_2_Reset)
    _OW_2_Reset                              0x08001899   Thumb Code    56  bios.o(i._OW_2_Reset)
    i._OW_2_Slot                             0x080018d4   Section        0  bios.o(i._OW_2_Slot)
    _OW_2_Slot                               0x080018d5   Thumb Code    62  bios.o(i._OW_2_Slot)
    i._OW_3_Reset                            0x08001918   Section        0  bios.o(i._OW_3_Reset)
    _OW_3_Reset                              0x08001919   Thumb Code    56  bios.o(i._OW_3_Reset)
    i._OW_3_Slot                             0x08001954   Section        0  bios.o(i._OW_3_Slot)
    _OW_3_Slot                               0x08001955   Thumb Code    62  bios.o(i._OW_3_Slot)
    i._OW_4_Reset                            0x08001998   Section        0  bios.o(i._OW_4_Reset)
    _OW_4_Reset                              0x08001999   Thumb Code    56  bios.o(i._OW_4_Reset)
    i._OW_4_Slot                             0x080019d4   Section        0  bios.o(i._OW_4_Slot)
    _OW_4_Slot                               0x080019d5   Thumb Code    62  bios.o(i._OW_4_Slot)
    i.bus_SPI1xPortInit                      0x08001a18   Section        0  bios.o(i.bus_SPI1xPortInit)
    i.bus_SPI1xShift                         0x08001a78   Section        0  bios.o(i.bus_SPI1xShift)
    i.bus_i2c_shin                           0x08001a8c   Section        0  bios.o(i.bus_i2c_shin)
    i.bus_i2c_shout                          0x08001af8   Section        0  bios.o(i.bus_i2c_shout)
    i.bus_i2c_start                          0x08001b5c   Section        0  bios.o(i.bus_i2c_start)
    i.bus_i2c_stop                           0x08001bd0   Section        0  bios.o(i.bus_i2c_stop)
    i.delay                                  0x08001bf8   Section        0  bios.o(i.delay)
    i.delay_us                               0x08001c14   Section        0  bios.o(i.delay_us)
    i.eMBEnable                              0x08001c44   Section        0  mb.o(i.eMBEnable)
    i.eMBFuncReadCoils                       0x08001c64   Section        0  mbfunccoils.o(i.eMBFuncReadCoils)
    i.eMBFuncReadDiscreteInputs              0x08001cd6   Section        0  mbfuncdisc.o(i.eMBFuncReadDiscreteInputs)
    i.eMBFuncReadHoldingRegister             0x08001d48   Section        0  mbfuncholding.o(i.eMBFuncReadHoldingRegister)
    i.eMBFuncReadInputRegister               0x08001da4   Section        0  mbfuncinput.o(i.eMBFuncReadInputRegister)
    i.eMBFuncReadWriteMultipleHoldingRegister 0x08001e04   Section        0  mbfuncholding.o(i.eMBFuncReadWriteMultipleHoldingRegister)
    i.eMBFuncReportSlaveID                   0x08001ea0   Section        0  mbfuncother.o(i.eMBFuncReportSlaveID)
    i.eMBFuncWriteCoil                       0x08001edc   Section        0  mbfunccoils.o(i.eMBFuncWriteCoil)
    i.eMBFuncWriteHoldingRegister            0x08001f32   Section        0  mbfuncholding.o(i.eMBFuncWriteHoldingRegister)
    i.eMBFuncWriteMultipleCoils              0x08001f64   Section        0  mbfunccoils.o(i.eMBFuncWriteMultipleCoils)
    i.eMBFuncWriteMultipleHoldingRegister    0x08001fc8   Section        0  mbfuncholding.o(i.eMBFuncWriteMultipleHoldingRegister)
    i.eMBInit                                0x08002018   Section        0  mb.o(i.eMBInit)
    i.eMBPoll                                0x08002098   Section        0  mb.o(i.eMBPoll)
    i.eMBRTUInit                             0x08002148   Section        0  mbrtu.o(i.eMBRTUInit)
    i.eMBRTUReceive                          0x08002180   Section        0  mbrtu.o(i.eMBRTUReceive)
    i.eMBRTUSend                             0x080021c4   Section        0  mbrtu.o(i.eMBRTUSend)
    i.eMBRTUStart                            0x0800221c   Section        0  mbrtu.o(i.eMBRTUStart)
    i.eMBRTUStop                             0x08002238   Section        0  mbrtu.o(i.eMBRTUStop)
    i.eMBRegCoilsCB                          0x0800224c   Section        0  modbus-port-stm32.o(i.eMBRegCoilsCB)
    i.eMBRegDiscreteCB                       0x080022c0   Section        0  modbus-port-stm32.o(i.eMBRegDiscreteCB)
    i.eMBRegHoldingCB                        0x0800230c   Section        0  modbus-port-stm32.o(i.eMBRegHoldingCB)
    i.eMBRegInputCB                          0x080023b0   Section        0  modbus-port-stm32.o(i.eMBRegInputCB)
    i.get_HCBoxFanSpeed                      0x080023ec   Section        0  hcboxs.o(i.get_HCBoxFanSpeed)
    i.get_HCBoxOutput                        0x080023f0   Section        0  hcboxs.o(i.get_HCBoxOutput)
    i.get_HCBoxTemp                          0x080023fc   Section        0  hcboxs.o(i.get_HCBoxTemp)
    i.get_NTC1_Temp                          0x0800241c   Section        0  sensor.o(i.get_NTC1_Temp)
    i.get_NTC2_Temp                          0x0800242c   Section        0  sensor.o(i.get_NTC2_Temp)
    i.logf                                   0x0800243c   Section        0  logf.o(i.logf)
    i.main                                   0x080025d0   Section        0  main_kb6120c-sensor.o(i.main)
    i.prveMBError2Exception                  0x0800265c   Section        0  mbutils.o(i.prveMBError2Exception)
    i.rint                                   0x08002674   Section        0  rint.o(i.rint)
    i.set_HCBoxTemp                          0x08002678   Section        0  hcboxs.o(i.set_HCBoxTemp)
    i.usMBCRC16                              0x08002684   Section        0  mbcrc.o(i.usMBCRC16)
    i.vMBPortSerialEnable                    0x080026b4   Section        0  modbus-port-stm32.o(i.vMBPortSerialEnable)
    i.vMBPortTimersDisable                   0x080026f0   Section        0  modbus-port-stm32.o(i.vMBPortTimersDisable)
    i.vMBPortTimersEnable                    0x08002720   Section        0  modbus-port-stm32.o(i.vMBPortTimersEnable)
    i.xMBPortEventGet                        0x08002750   Section        0  modbus-port-stm32.o(i.xMBPortEventGet)
    i.xMBPortEventInit                       0x0800276c   Section        0  modbus-port-stm32.o(i.xMBPortEventInit)
    i.xMBPortEventPost                       0x0800277c   Section        0  modbus-port-stm32.o(i.xMBPortEventPost)
    i.xMBPortSerialGetByte                   0x08002798   Section        0  modbus-port-stm32.o(i.xMBPortSerialGetByte)
    i.xMBPortSerialInit                      0x080027a8   Section        0  modbus-port-stm32.o(i.xMBPortSerialInit)
    i.xMBPortSerialPutByte                   0x0800285c   Section        0  modbus-port-stm32.o(i.xMBPortSerialPutByte)
    i.xMBPortTimersInit                      0x08002868   Section        0  modbus-port-stm32.o(i.xMBPortTimersInit)
    i.xMBRTUReceiveFSM                       0x080028b8   Section        0  mbrtu.o(i.xMBRTUReceiveFSM)
    i.xMBRTUTimerT35Expired                  0x08002918   Section        0  mbrtu.o(i.xMBRTUTimerT35Expired)
    i.xMBRTUTransmitFSM                      0x08002940   Section        0  mbrtu.o(i.xMBRTUTransmitFSM)
    i.xMBUtilGetBits                         0x08002990   Section        0  mbutils.o(i.xMBUtilGetBits)
    i.xMBUtilSetBits                         0x080029b2   Section        0  mbutils.o(i.xMBUtilSetBits)
    x$fpl$d2f                                0x080029dc   Section       98  d2f.o(x$fpl$d2f)
    x$fpl$dcheck1                            0x08002a40   Section       16  dcheck1.o(x$fpl$dcheck1)
    x$fpl$dfixu                              0x08002a50   Section       90  dfixu.o(x$fpl$dfixu)
    x$fpl$dfltu                              0x08002aaa   Section       38  dflt_clz.o(x$fpl$dfltu)
    x$fpl$dnaninf                            0x08002ad0   Section      156  dnaninf.o(x$fpl$dnaninf)
    x$fpl$dretinf                            0x08002b6c   Section       12  dretinf.o(x$fpl$dretinf)
    x$fpl$drnd                               0x08002b78   Section      180  drnd.o(x$fpl$drnd)
    x$fpl$f2d                                0x08002c2c   Section       86  f2d.o(x$fpl$f2d)
    x$fpl$fadd                               0x08002c84   Section      196  faddsub_clz.o(x$fpl$fadd)
    _fadd1                                   0x08002c93   Thumb Code     0  faddsub_clz.o(x$fpl$fadd)
    x$fpl$fcheck1                            0x08002d48   Section       12  fcheck1.o(x$fpl$fcheck1)
    x$fpl$fcmpinf                            0x08002d54   Section       24  fcmpi.o(x$fpl$fcmpinf)
    x$fpl$fdiv                               0x08002d6c   Section      388  fdiv.o(x$fpl$fdiv)
    _fdiv1                                   0x08002d6d   Thumb Code     0  fdiv.o(x$fpl$fdiv)
    x$fpl$ffixu                              0x08002ef0   Section       62  ffixu.o(x$fpl$ffixu)
    x$fpl$fflt                               0x08002f30   Section       48  fflt_clz.o(x$fpl$fflt)
    x$fpl$ffltu                              0x08002f60   Section       38  fflt_clz.o(x$fpl$ffltu)
    x$fpl$fleqf                              0x08002f88   Section      104  fleqf.o(x$fpl$fleqf)
    x$fpl$fmul                               0x08002ff0   Section      258  fmul.o(x$fpl$fmul)
    x$fpl$fnaninf                            0x080030f2   Section      140  fnaninf.o(x$fpl$fnaninf)
    x$fpl$fretinf                            0x0800317e   Section       10  fretinf.o(x$fpl$fretinf)
    x$fpl$frleqf                             0x08003188   Section       98  frleqf.o(x$fpl$frleqf)
    x$fpl$fsub                               0x080031ec   Section      234  faddsub_clz.o(x$fpl$fsub)
    _fsub1                                   0x080031fb   Thumb Code     0  faddsub_clz.o(x$fpl$fsub)
    x$fpl$retnan                             0x080032d6   Section      100  retnan.o(x$fpl$retnan)
    x$fpl$scalbn                             0x0800333a   Section       92  scalbn.o(x$fpl$scalbn)
    x$fpl$scalbnf                            0x08003396   Section       76  scalbnf.o(x$fpl$scalbnf)
    x$fpl$trapveneer                         0x080033e2   Section       48  trapv.o(x$fpl$trapveneer)
    .constdata                               0x08003412   Section      512  mbcrc.o(.constdata)
    x$fpl$usenofp                            0x08003412   Section        0  usenofp.o(x$fpl$usenofp)
    aucCRCHi                                 0x08003412   Data         256  mbcrc.o(.constdata)
    aucCRCLo                                 0x08003512   Data         256  mbcrc.o(.constdata)
    .constdata                               0x08003612   Section       10  ad7705.o(.constdata)
    Cfg7705                                  0x08003612   Data          10  ad7705.o(.constdata)
    .constdata                               0x0800361c   Section      304  ds18b20.o(.constdata)
    DallasCRC8                               0x0800364c   Data         256  ds18b20.o(.constdata)
    .constdata                               0x0800374c   Section       64  logf.o(.constdata)
    logahi                                   0x0800374c   Data          32  logf.o(.constdata)
    logalo                                   0x0800376c   Data          32  logf.o(.constdata)
    .data                                    0x20000000   Section      172  mb.o(.data)
    eMBState                                 0x20000000   Data           1  mb.o(.data)
    ucRcvAddress                             0x20000001   Data           1  mb.o(.data)
    ucFunctionCode                           0x20000002   Data           1  mb.o(.data)
    eException                               0x20000003   Data           1  mb.o(.data)
    ucMBAddress                              0x20000004   Data           1  mb.o(.data)
    eMBCurrentMode                           0x20000005   Data           1  mb.o(.data)
    usLength                                 0x20000006   Data           2  mb.o(.data)
    ucMBFrame                                0x20000008   Data           4  mb.o(.data)
    peMBFrameSendCur                         0x2000000c   Data           4  mb.o(.data)
    pvMBFrameStartCur                        0x20000010   Data           4  mb.o(.data)
    pvMBFrameStopCur                         0x20000014   Data           4  mb.o(.data)
    peMBFrameReceiveCur                      0x20000018   Data           4  mb.o(.data)
    pvMBFrameCloseCur                        0x2000001c   Data           4  mb.o(.data)
    xFuncHandlers                            0x2000002c   Data         128  mb.o(.data)
    .data                                    0x200000ac   Section        2  mbfuncother.o(.data)
    usMBSlaveIDLen                           0x200000ac   Data           2  mbfuncother.o(.data)
    .data                                    0x200000b0   Section       12  mbrtu.o(.data)
    eSndState                                0x200000b0   Data           1  mbrtu.o(.data)
    eRcvState                                0x200000b1   Data           1  mbrtu.o(.data)
    usSndBufferCount                         0x200000b2   Data           2  mbrtu.o(.data)
    usRcvBufferPos                           0x200000b4   Data           2  mbrtu.o(.data)
    pucSndBufferCur                          0x200000b8   Data           4  mbrtu.o(.data)
    .data                                    0x200000bc   Section       12  modbus-port-stm32.o(.data)
    eQueuedEvent                             0x200000bc   Data           1  modbus-port-stm32.o(.data)
    xEventInQueue                            0x200000bd   Data           1  modbus-port-stm32.o(.data)
    .data                                    0x200000c8   Section       32  bios.o(.data)
    HCBoxtick                                0x200000d0   Data           4  bios.o(.data)
    m_tick                                   0x200000d4   Data           4  bios.o(.data)
    .data                                    0x200000e8   Section       60  hcboxs.o(.data)
    fanCountList_index                       0x200000e8   Data           1  hcboxs.o(.data)
    HCBoxOutValue                            0x200000ec   Data           2  hcboxs.o(.data)
    Shut_DelayHeat                           0x200000ee   Data           2  hcboxs.o(.data)
    Shut_DelayCool                           0x200000f0   Data           2  hcboxs.o(.data)
    Ek_1                                     0x200000f4   Data           4  hcboxs.o(.data)
    Ek                                       0x200000f8   Data           4  hcboxs.o(.data)
    Up                                       0x200000fc   Data           4  hcboxs.o(.data)
    Ui                                       0x20000100   Data           4  hcboxs.o(.data)
    Ud                                       0x20000104   Data           4  hcboxs.o(.data)
    Upid                                     0x20000108   Data           4  hcboxs.o(.data)
    Ek_1                                     0x2000010c   Data           4  hcboxs.o(.data)
    Ek                                       0x20000110   Data           4  hcboxs.o(.data)
    Up                                       0x20000114   Data           4  hcboxs.o(.data)
    Ui                                       0x20000118   Data           4  hcboxs.o(.data)
    Ud                                       0x2000011c   Data           4  hcboxs.o(.data)
    Upid                                     0x20000120   Data           4  hcboxs.o(.data)
    .data                                    0x20000124   Section        6  main_kb6120c-sensor.o(.data)
    OutState                                 0x20000124   Data           1  main_kb6120c-sensor.o(.data)
    OutState                                 0x20000125   Data           1  main_kb6120c-sensor.o(.data)
    iRetry                                   0x20000128   Data           2  main_kb6120c-sensor.o(.data)
    .bss                                     0x2000012c   Section       32  mbfuncother.o(.bss)
    ucMBSlaveID                              0x2000012c   Data          32  mbfuncother.o(.bss)
    .bss                                     0x2000014c   Section      256  mbrtu.o(.bss)
    .bss                                     0x2000024c   Section      160  modbus-port-stm32.o(.bss)
    .bss                                     0x200002ec   Section       80  bios.o(.bss)
    .bss                                     0x2000033c   Section       30  hcboxs.o(.bss)
    fanCountList                             0x2000034c   Data          14  hcboxs.o(.bss)
    .bss                                     0x2000035c   Section       80  main_kb6120c-sensor.o(.bss)
    Sum7705_CH1                              0x2000035c   Data          80  main_kb6120c-sensor.o(.bss)
    .bss                                     0x200003ac   Section       96  libspace.o(.bss)
    HEAP                                     0x20000410   Section        0  startup_stm32f10x_md_vl.o(HEAP)
    STACK                                    0x20000410   Section     2048  startup_stm32f10x_md_vl.o(STACK)
    Heap_Mem                                 0x20000410   Data           0  startup_stm32f10x_md_vl.o(HEAP)
    Stack_Mem                                0x20000410   Data        2048  startup_stm32f10x_md_vl.o(STACK)
    __initial_sp                             0x20000c10   Data           0  startup_stm32f10x_md_vl.o(STACK)

    Global Symbols

    Symbol Name                              Value     Ov Type        Size  Object(Section)

    BuildAttributes$$THM_ISAv4$P$D$K$B$S$PE$A:L22UL41UL21$X:L11$S22US41US21$IEEE1$IW$USESV6$~STKCKD$USESV7$~SHL$OTIME$ROPI$IEEEJ$EBA8$UX$STANDARDLIB$REQ8$EABIv2 0x00000000   Number         0  anon$$obj.o ABSOLUTE
    __ARM_use_no_argv                        0x00000000   Number         0  main_kb6120c-sensor.o ABSOLUTE
    __ARM_exceptions_init                     - Undefined Weak Reference
    __alloca_initialize                       - Undefined Weak Reference
    __cpp_initialize__aeabi_                  - Undefined Weak Reference
    __cxa_finalize                            - Undefined Weak Reference
    __rt_locale                               - Undefined Weak Reference
    __sigvec_lookup                           - Undefined Weak Reference
    _atexit_init                              - Undefined Weak Reference
    _call_atexit_fns                          - Undefined Weak Reference
    _clock_init                               - Undefined Weak Reference
    _fp_trap_init                             - Undefined Weak Reference
    _fp_trap_shutdown                         - Undefined Weak Reference
    _get_lc_collate                           - Undefined Weak Reference
    _get_lc_ctype                             - Undefined Weak Reference
    _get_lc_monetary                          - Undefined Weak Reference
    _get_lc_numeric                           - Undefined Weak Reference
    _get_lc_time                              - Undefined Weak Reference
    _getenv_init                              - Undefined Weak Reference
    _handle_redirection                       - Undefined Weak Reference
    _init_alloc                               - Undefined Weak Reference
    _init_user_alloc                          - Undefined Weak Reference
    _initio                                   - Undefined Weak Reference
    _rand_init                                - Undefined Weak Reference
    _signal_finish                            - Undefined Weak Reference
    _signal_init                              - Undefined Weak Reference
    _terminate_alloc                          - Undefined Weak Reference
    _terminate_user_alloc                     - Undefined Weak Reference
    _terminateio                              - Undefined Weak Reference
    __Vectors_Size                           0x00000120   Number         0  startup_stm32f10x_md_vl.o ABSOLUTE
    __Vectors                                0x08000000   Data           4  startup_stm32f10x_md_vl.o(RESET)
    __Vectors_End                            0x08000120   Data           0  startup_stm32f10x_md_vl.o(RESET)
    __main                                   0x08000121   Thumb Code     8  __main.o(!!!main)
    __scatterload                            0x08000129   Thumb Code     0  __scatter.o(!!!scatter)
    __scatterload_rt2                        0x08000129   Thumb Code    44  __scatter.o(!!!scatter)
    __scatterload_rt2_thumb_only             0x08000129   Thumb Code     0  __scatter.o(!!!scatter)
    __scatterload_null                       0x08000137   Thumb Code     0  __scatter.o(!!!scatter)
    __decompress                             0x0800015d   Thumb Code    90  __dczerorl2.o(!!dczerorl2)
    __decompress1                            0x0800015d   Thumb Code     0  __dczerorl2.o(!!dczerorl2)
    __scatterload_zeroinit                   0x080001b9   Thumb Code    28  __scatter_zi.o(!!handler_zi)
    __rt_lib_init                            0x080001d5   Thumb Code     0  libinit.o(.ARM.Collect$$libinit$$00000000)
    __rt_lib_init_alloca_1                   0x080001d7   Thumb Code     0  libinit2.o(.ARM.Collect$$libinit$$0000002C)
    __rt_lib_init_argv_1                     0x080001d7   Thumb Code     0  libinit2.o(.ARM.Collect$$libinit$$0000002A)
    __rt_lib_init_atexit_1                   0x080001d7   Thumb Code     0  libinit2.o(.ARM.Collect$$libinit$$00000019)
    __rt_lib_init_clock_1                    0x080001d7   Thumb Code     0  libinit2.o(.ARM.Collect$$libinit$$0000001F)
    __rt_lib_init_cpp_1                      0x080001d7   Thumb Code     0  libinit2.o(.ARM.Collect$$libinit$$00000030)
    __rt_lib_init_exceptions_1               0x080001d7   Thumb Code     0  libinit2.o(.ARM.Collect$$libinit$$0000002E)
    __rt_lib_init_fp_1                       0x080001d7   Thumb Code     0  libinit2.o(.ARM.Collect$$libinit$$00000002)
    __rt_lib_init_fp_trap_1                  0x080001d7   Thumb Code     0  libinit2.o(.ARM.Collect$$libinit$$0000001D)
    __rt_lib_init_getenv_1                   0x080001d7   Thumb Code     0  libinit2.o(.ARM.Collect$$libinit$$00000021)
    __rt_lib_init_heap_1                     0x080001d7   Thumb Code     0  libinit2.o(.ARM.Collect$$libinit$$00000008)
    __rt_lib_init_lc_collate_1               0x080001d7   Thumb Code     0  libinit2.o(.ARM.Collect$$libinit$$0000000F)
    __rt_lib_init_lc_ctype_1                 0x080001d7   Thumb Code     0  libinit2.o(.ARM.Collect$$libinit$$00000011)
    __rt_lib_init_lc_monetary_1              0x080001d7   Thumb Code     0  libinit2.o(.ARM.Collect$$libinit$$00000013)
    __rt_lib_init_lc_numeric_1               0x080001d7   Thumb Code     0  libinit2.o(.ARM.Collect$$libinit$$00000015)
    __rt_lib_init_lc_time_1                  0x080001d7   Thumb Code     0  libinit2.o(.ARM.Collect$$libinit$$00000017)
    __rt_lib_init_rand_1                     0x080001d7   Thumb Code     0  libinit2.o(.ARM.Collect$$libinit$$0000000C)
    __rt_lib_init_return                     0x080001d7   Thumb Code     0  libinit2.o(.ARM.Collect$$libinit$$00000031)
    __rt_lib_init_signal_1                   0x080001d7   Thumb Code     0  libinit2.o(.ARM.Collect$$libinit$$0000001B)
    __rt_lib_init_stdio_1                    0x080001d7   Thumb Code     0  libinit2.o(.ARM.Collect$$libinit$$00000023)
    __rt_lib_init_user_alloc_1               0x080001d7   Thumb Code     0  libinit2.o(.ARM.Collect$$libinit$$0000000A)
    __rt_lib_shutdown                        0x080001d9   Thumb Code     0  libshutdown.o(.ARM.Collect$$libshutdown$$00000000)
    __rt_lib_shutdown_fp_trap_1              0x080001db   Thumb Code     0  libshutdown2.o(.ARM.Collect$$libshutdown$$00000006)
    __rt_lib_shutdown_heap_1                 0x080001db   Thumb Code     0  libshutdown2.o(.ARM.Collect$$libshutdown$$0000000E)
    __rt_lib_shutdown_return                 0x080001db   Thumb Code     0  libshutdown2.o(.ARM.Collect$$libshutdown$$0000000F)
    __rt_lib_shutdown_signal_1               0x080001db   Thumb Code     0  libshutdown2.o(.ARM.Collect$$libshutdown$$00000009)
    __rt_lib_shutdown_stdio_1                0x080001db   Thumb Code     0  libshutdown2.o(.ARM.Collect$$libshutdown$$00000003)
    __rt_lib_shutdown_user_alloc_1           0x080001db   Thumb Code     0  libshutdown2.o(.ARM.Collect$$libshutdown$$0000000B)
    __rt_entry                               0x080001dd   Thumb Code     0  rtentry.o(.ARM.Collect$$rtentry$$00000000)
    __rt_entry_presh_1                       0x080001dd   Thumb Code     0  rtentry2.o(.ARM.Collect$$rtentry$$00000002)
    __rt_entry_sh                            0x080001dd   Thumb Code     0  rtentry4.o(.ARM.Collect$$rtentry$$00000004)
    __rt_entry_li                            0x080001e3   Thumb Code     0  rtentry2.o(.ARM.Collect$$rtentry$$0000000A)
    __rt_entry_postsh_1                      0x080001e3   Thumb Code     0  rtentry2.o(.ARM.Collect$$rtentry$$00000009)
    __rt_entry_main                          0x080001e7   Thumb Code     0  rtentry2.o(.ARM.Collect$$rtentry$$0000000D)
    __rt_entry_postli_1                      0x080001e7   Thumb Code     0  rtentry2.o(.ARM.Collect$$rtentry$$0000000C)
    __rt_exit                                0x080001ef   Thumb Code     0  rtexit.o(.ARM.Collect$$rtexit$$00000000)
    __rt_exit_ls                             0x080001f1   Thumb Code     0  rtexit2.o(.ARM.Collect$$rtexit$$00000003)
    __rt_exit_prels_1                        0x080001f1   Thumb Code     0  rtexit2.o(.ARM.Collect$$rtexit$$00000002)
    __rt_exit_exit                           0x080001f5   Thumb Code     0  rtexit2.o(.ARM.Collect$$rtexit$$00000004)
    SVC_Handler                              0x080001fd   Thumb Code    46  bios.o(.emb_text)
    Reset_Handler                            0x0800022d   Thumb Code     8  startup_stm32f10x_md_vl.o(.text)
    NMI_Handler                              0x08000235   Thumb Code     2  startup_stm32f10x_md_vl.o(.text)
    HardFault_Handler                        0x08000237   Thumb Code     2  startup_stm32f10x_md_vl.o(.text)
    MemManage_Handler                        0x08000239   Thumb Code     2  startup_stm32f10x_md_vl.o(.text)
    BusFault_Handler                         0x0800023b   Thumb Code     2  startup_stm32f10x_md_vl.o(.text)
    UsageFault_Handler                       0x0800023d   Thumb Code     2  startup_stm32f10x_md_vl.o(.text)
    DebugMon_Handler                         0x08000241   Thumb Code     2  startup_stm32f10x_md_vl.o(.text)
    ADC1_IRQHandler                          0x08000247   Thumb Code     0  startup_stm32f10x_md_vl.o(.text)
    CEC_IRQHandler                           0x08000247   Thumb Code     0  startup_stm32f10x_md_vl.o(.text)
    DMA1_Channel1_IRQHandler                 0x08000247   Thumb Code     0  startup_stm32f10x_md_vl.o(.text)
    DMA1_Channel2_IRQHandler                 0x08000247   Thumb Code     0  startup_stm32f10x_md_vl.o(.text)
    DMA1_Channel3_IRQHandler                 0x08000247   Thumb Code     0  startup_stm32f10x_md_vl.o(.text)
    DMA1_Channel4_IRQHandler                 0x08000247   Thumb Code     0  startup_stm32f10x_md_vl.o(.text)
    DMA1_Channel5_IRQHandler                 0x08000247   Thumb Code     0  startup_stm32f10x_md_vl.o(.text)
    DMA1_Channel6_IRQHandler                 0x08000247   Thumb Code     0  startup_stm32f10x_md_vl.o(.text)
    DMA1_Channel7_IRQHandler                 0x08000247   Thumb Code     0  startup_stm32f10x_md_vl.o(.text)
    EXTI0_IRQHandler                         0x08000247   Thumb Code     0  startup_stm32f10x_md_vl.o(.text)
    EXTI15_10_IRQHandler                     0x08000247   Thumb Code     0  startup_stm32f10x_md_vl.o(.text)
    EXTI1_IRQHandler                         0x08000247   Thumb Code     0  startup_stm32f10x_md_vl.o(.text)
    EXTI2_IRQHandler                         0x08000247   Thumb Code     0  startup_stm32f10x_md_vl.o(.text)
    EXTI3_IRQHandler                         0x08000247   Thumb Code     0  startup_stm32f10x_md_vl.o(.text)
    EXTI4_IRQHandler                         0x08000247   Thumb Code     0  startup_stm32f10x_md_vl.o(.text)
    EXTI9_5_IRQHandler                       0x08000247   Thumb Code     0  startup_stm32f10x_md_vl.o(.text)
    FLASH_IRQHandler                         0x08000247   Thumb Code     0  startup_stm32f10x_md_vl.o(.text)
    I2C1_ER_IRQHandler                       0x08000247   Thumb Code     0  startup_stm32f10x_md_vl.o(.text)
    I2C1_EV_IRQHandler                       0x08000247   Thumb Code     0  startup_stm32f10x_md_vl.o(.text)
    I2C2_ER_IRQHandler                       0x08000247   Thumb Code     0  startup_stm32f10x_md_vl.o(.text)
    I2C2_EV_IRQHandler                       0x08000247   Thumb Code     0  startup_stm32f10x_md_vl.o(.text)
    PVD_IRQHandler                           0x08000247   Thumb Code     0  startup_stm32f10x_md_vl.o(.text)
    RCC_IRQHandler                           0x08000247   Thumb Code     0  startup_stm32f10x_md_vl.o(.text)
    RTCAlarm_IRQHandler                      0x08000247   Thumb Code     0  startup_stm32f10x_md_vl.o(.text)
    RTC_IRQHandler                           0x08000247   Thumb Code     0  startup_stm32f10x_md_vl.o(.text)
    SPI1_IRQHandler                          0x08000247   Thumb Code     0  startup_stm32f10x_md_vl.o(.text)
    SPI2_IRQHandler                          0x08000247   Thumb Code     0  startup_stm32f10x_md_vl.o(.text)
    TAMPER_IRQHandler                        0x08000247   Thumb Code     0  startup_stm32f10x_md_vl.o(.text)
    TIM1_BRK_TIM15_IRQHandler                0x08000247   Thumb Code     0  startup_stm32f10x_md_vl.o(.text)
    TIM1_CC_IRQHandler                       0x08000247   Thumb Code     0  startup_stm32f10x_md_vl.o(.text)
    TIM1_TRG_COM_TIM17_IRQHandler            0x08000247   Thumb Code     0  startup_stm32f10x_md_vl.o(.text)
    TIM1_UP_TIM16_IRQHandler                 0x08000247   Thumb Code     0  startup_stm32f10x_md_vl.o(.text)
    TIM2_IRQHandler                          0x08000247   Thumb Code     0  startup_stm32f10x_md_vl.o(.text)
    TIM3_IRQHandler                          0x08000247   Thumb Code     0  startup_stm32f10x_md_vl.o(.text)
    TIM6_DAC_IRQHandler                      0x08000247   Thumb Code     0  startup_stm32f10x_md_vl.o(.text)
    TIM7_IRQHandler                          0x08000247   Thumb Code     0  startup_stm32f10x_md_vl.o(.text)
    USART2_IRQHandler                        0x08000247   Thumb Code     0  startup_stm32f10x_md_vl.o(.text)
    USART3_IRQHandler                        0x08000247   Thumb Code     0  startup_stm32f10x_md_vl.o(.text)
    WWDG_IRQHandler                          0x08000247   Thumb Code     0  startup_stm32f10x_md_vl.o(.text)
    __user_initial_stackheap                 0x08000249   Thumb Code     0  startup_stm32f10x_md_vl.o(.text)
    __aeabi_memcpy                           0x08000269   Thumb Code     0  rt_memcpy_v6.o(.text)
    __rt_memcpy                              0x08000269   Thumb Code   138  rt_memcpy_v6.o(.text)
    _memcpy_lastbytes                        0x080002cf   Thumb Code     0  rt_memcpy_v6.o(.text)
    __use_two_region_memory                  0x080002f3   Thumb Code     2  heapauxi.o(.text)
    __rt_heap_escrow$2region                 0x080002f5   Thumb Code     2  heapauxi.o(.text)
    __rt_heap_expand$2region                 0x080002f7   Thumb Code     2  heapauxi.o(.text)
    __read_errno                             0x080002f9   Thumb Code    10  _rserrno.o(.text)
    __set_errno                              0x08000303   Thumb Code    12  _rserrno.o(.text)
    __aeabi_memcpy4                          0x0800030f   Thumb Code     0  rt_memcpy_w.o(.text)
    __aeabi_memcpy8                          0x0800030f   Thumb Code     0  rt_memcpy_w.o(.text)
    __rt_memcpy_w                            0x0800030f   Thumb Code   100  rt_memcpy_w.o(.text)
    _memcpy_lastbytes_aligned                0x08000357   Thumb Code     0  rt_memcpy_w.o(.text)
    __aeabi_errno_addr                       0x08000375   Thumb Code     8  rt_errno_addr_intlibspace.o(.text)
    __errno$intlibspace                      0x08000375   Thumb Code     0  rt_errno_addr_intlibspace.o(.text)
    __rt_errno_addr$intlibspace              0x08000375   Thumb Code     0  rt_errno_addr_intlibspace.o(.text)
    __user_libspace                          0x0800037d   Thumb Code     8  libspace.o(.text)
    __user_perproc_libspace                  0x0800037d   Thumb Code     0  libspace.o(.text)
    __user_perthread_libspace                0x0800037d   Thumb Code     0  libspace.o(.text)
    __user_setup_stackheap                   0x08000385   Thumb Code    74  sys_stackheap_outer.o(.text)
    exit                                     0x080003cf   Thumb Code    12  exit.o(.text)
    _sys_exit                                0x080003dd   Thumb Code     8  sys_exit.o(.text)
    __I$use$semihosting                      0x080003e9   Thumb Code     0  use_no_semi.o(.text)
    __use_no_semihosting_swi                 0x080003e9   Thumb Code     2  use_no_semi.o(.text)
    __semihosting_library_function           0x080003eb   Thumb Code     0  indicate_semi.o(.text)
    BIOS_Init                                0x080003ed   Thumb Code   166  bios.o(i.BIOS_Init)
    Convert7705                              0x080004a9   Thumb Code    44  ad7705.o(i.Convert7705)
    DS18B20_1_Read                           0x080004d9   Thumb Code     8  ds18b20.o(i.DS18B20_1_Read)
    DS18B20_2_Read                           0x080004e5   Thumb Code     8  ds18b20.o(i.DS18B20_2_Read)
    DS18B20_3_Read                           0x080004f1   Thumb Code     8  ds18b20.o(i.DS18B20_3_Read)
    DS18B20_4_Read                           0x080004fd   Thumb Code     8  ds18b20.o(i.DS18B20_4_Read)
    FM24C64_Load                             0x080005a1   Thumb Code    86  fm24.o(i.FM24C64_Load)
    FM24C64_Save                             0x080005f9   Thumb Code    70  fm24.o(i.FM24C64_Save)
    Fan1_OutCmd                              0x08000641   Thumb Code    42  bios.o(i.Fan1_OutCmd)
    Fan2_OutCmd                              0x08000675   Thumb Code    42  bios.o(i.Fan2_OutCmd)
    FanSpeed_fetch                           0x080006a9   Thumb Code    88  hcboxs.o(i.FanSpeed_fetch)
    HCBoxControl                             0x08000709   Thumb Code   130  hcboxs.o(i.HCBoxControl)
    HCBoxCool_OutCmd                         0x08000799   Thumb Code     6  bios.o(i.HCBoxCool_OutCmd)
    HCBoxFan_OutCmd                          0x080007a5   Thumb Code    42  bios.o(i.HCBoxFan_OutCmd)
    HCBoxFan_Update                          0x080007d9   Thumb Code    48  hcboxs.o(i.HCBoxFan_Update)
    HCBoxHeat_OutCmd                         0x08000815   Thumb Code     6  bios.o(i.HCBoxHeat_OutCmd)
    HCBoxTemp_Update                         0x08000821   Thumb Code    50  hcboxs.o(i.HCBoxTemp_Update)
    HCBox_Output                             0x08000a49   Thumb Code   126  hcboxs.o(i.HCBox_Output)
    Heater_OutCmd                            0x08000c0d   Thumb Code    40  bios.o(i.Heater_OutCmd)
    Initialize7705                           0x08000c3d   Thumb Code   136  ad7705.o(i.Initialize7705)
    MB_485_Direct_Receive                    0x08000d35   Thumb Code     2  bios.o(i.MB_485_Direct_Receive)
    MB_485_Direct_Transmit                   0x08000d39   Thumb Code     8  bios.o(i.MB_485_Direct_Transmit)
    MODBUS_Init                              0x08000d45   Thumb Code    28  modbus-port-stm32.o(i.MODBUS_Init)
    MonitorTickInit                          0x08000d61   Thumb Code    46  bios.o(i.MonitorTickInit)
    MonitorTickTimeout                       0x08000d95   Thumb Code    16  bios.o(i.MonitorTickTimeout)
    MotorPWM_SetOutput                       0x08000da9   Thumb Code    22  bios.o(i.MotorPWM_SetOutput)
    MotorPower_OutCmd                        0x08000dc1   Thumb Code    40  bios.o(i.MotorPower_OutCmd)
    OW_1_Init                                0x08000e29   Thumb Code    50  bios.o(i.OW_1_Init)
    OW_1_Reset                               0x08000e69   Thumb Code     8  bios.o(i.OW_1_Reset)
    OW_1_Slot                                0x08000e75   Thumb Code     8  bios.o(i.OW_1_Slot)
    OW_2_Init                                0x08000e81   Thumb Code    48  bios.o(i.OW_2_Init)
    OW_2_Reset                               0x08000ebd   Thumb Code     8  bios.o(i.OW_2_Reset)
    OW_2_Slot                                0x08000ec9   Thumb Code     8  bios.o(i.OW_2_Slot)
    OW_3_Init                                0x08000ed5   Thumb Code    50  bios.o(i.OW_3_Init)
    OW_3_Reset                               0x08000f15   Thumb Code     8  bios.o(i.OW_3_Reset)
    OW_3_Slot                                0x08000f21   Thumb Code     8  bios.o(i.OW_3_Slot)
    OW_4_Init                                0x08000f2d   Thumb Code    50  bios.o(i.OW_4_Init)
    OW_4_Reset                               0x08000f6d   Thumb Code     8  bios.o(i.OW_4_Reset)
    OW_4_Slot                                0x08000f79   Thumb Code     8  bios.o(i.OW_4_Slot)
    PWM1_SetOutput                           0x08000fad   Thumb Code    20  bios.o(i.PWM1_SetOutput)
    PWM2_SetOutput                           0x08000fc5   Thumb Code    20  bios.o(i.PWM2_SetOutput)
    PWM3_SetOutput                           0x08000fdd   Thumb Code    20  bios.o(i.PWM3_SetOutput)
    PWM4_SetOutput                           0x08000ff5   Thumb Code    20  bios.o(i.PWM4_SetOutput)
    PendSV_Handler                           0x0800100d   Thumb Code     4  modbus-port-stm32.o(i.PendSV_Handler)
    PowerAIR_OutCmd                          0x08001011   Thumb Code    40  bios.o(i.PowerAIR_OutCmd)
    Readout7705                              0x08001041   Thumb Code   110  ad7705.o(i.Readout7705)
    STM32_ADC1_Readout                       0x080010b1   Thumb Code    36  bios.o(i.STM32_ADC1_Readout)
    Select7705                               0x080011b5   Thumb Code    70  bios.o(i.Select7705)
    SysTick_Handler                          0x08001489   Thumb Code    36  bios.o(i.SysTick_Handler)
    SystemInit                               0x080014b1   Thumb Code    68  bios.o(i.SystemInit)
    TIM15_Configure                          0x08001505   Thumb Code    98  bios.o(i.TIM15_Configure)
    TIM4_IRQHandler                          0x080015e5   Thumb Code    24  modbus-port-stm32.o(i.TIM4_IRQHandler)
    USART1_IRQHandler                        0x08001605   Thumb Code    72  modbus-port-stm32.o(i.USART1_IRQHandler)
    Update_CH0                               0x0800165d   Thumb Code   122  main_kb6120c-sensor.o(i.Update_CH0)
    Update_CH1                               0x080016dd   Thumb Code   118  main_kb6120c-sensor.o(i.Update_CH1)
    bus_SPI1xPortInit                        0x08001a19   Thumb Code    70  bios.o(i.bus_SPI1xPortInit)
    bus_SPI1xShift                           0x08001a79   Thumb Code    16  bios.o(i.bus_SPI1xShift)
    bus_i2c_shin                             0x08001a8d   Thumb Code   102  bios.o(i.bus_i2c_shin)
    bus_i2c_shout                            0x08001af9   Thumb Code    96  bios.o(i.bus_i2c_shout)
    bus_i2c_start                            0x08001b5d   Thumb Code   102  bios.o(i.bus_i2c_start)
    bus_i2c_stop                             0x08001bd1   Thumb Code    36  bios.o(i.bus_i2c_stop)
    delay                                    0x08001bf9   Thumb Code    28  bios.o(i.delay)
    delay_us                                 0x08001c15   Thumb Code    48  bios.o(i.delay_us)
    eMBEnable                                0x08001c45   Thumb Code    28  mb.o(i.eMBEnable)
    eMBFuncReadCoils                         0x08001c65   Thumb Code   114  mbfunccoils.o(i.eMBFuncReadCoils)
    eMBFuncReadDiscreteInputs                0x08001cd7   Thumb Code   114  mbfuncdisc.o(i.eMBFuncReadDiscreteInputs)
    eMBFuncReadHoldingRegister               0x08001d49   Thumb Code    92  mbfuncholding.o(i.eMBFuncReadHoldingRegister)
    eMBFuncReadInputRegister                 0x08001da5   Thumb Code    96  mbfuncinput.o(i.eMBFuncReadInputRegister)
    eMBFuncReadWriteMultipleHoldingRegister  0x08001e05   Thumb Code   154  mbfuncholding.o(i.eMBFuncReadWriteMultipleHoldingRegister)
    eMBFuncReportSlaveID                     0x08001ea1   Thumb Code    50  mbfuncother.o(i.eMBFuncReportSlaveID)
    eMBFuncWriteCoil                         0x08001edd   Thumb Code    86  mbfunccoils.o(i.eMBFuncWriteCoil)
    eMBFuncWriteHoldingRegister              0x08001f33   Thumb Code    50  mbfuncholding.o(i.eMBFuncWriteHoldingRegister)
    eMBFuncWriteMultipleCoils                0x08001f65   Thumb Code   100  mbfunccoils.o(i.eMBFuncWriteMultipleCoils)
    eMBFuncWriteMultipleHoldingRegister      0x08001fc9   Thumb Code    78  mbfuncholding.o(i.eMBFuncWriteMultipleHoldingRegister)
    eMBInit                                  0x08002019   Thumb Code    96  mb.o(i.eMBInit)
    eMBPoll                                  0x08002099   Thumb Code   172  mb.o(i.eMBPoll)
    eMBRTUInit                               0x08002149   Thumb Code    50  mbrtu.o(i.eMBRTUInit)
    eMBRTUReceive                            0x08002181   Thumb Code    60  mbrtu.o(i.eMBRTUReceive)
    eMBRTUSend                               0x080021c5   Thumb Code    80  mbrtu.o(i.eMBRTUSend)
    eMBRTUStart                              0x0800221d   Thumb Code    24  mbrtu.o(i.eMBRTUStart)
    eMBRTUStop                               0x08002239   Thumb Code    18  mbrtu.o(i.eMBRTUStop)
    eMBRegCoilsCB                            0x0800224d   Thumb Code   110  modbus-port-stm32.o(i.eMBRegCoilsCB)
    eMBRegDiscreteCB                         0x080022c1   Thumb Code    70  modbus-port-stm32.o(i.eMBRegDiscreteCB)
    eMBRegHoldingCB                          0x0800230d   Thumb Code   158  modbus-port-stm32.o(i.eMBRegHoldingCB)
    eMBRegInputCB                            0x080023b1   Thumb Code    56  modbus-port-stm32.o(i.eMBRegInputCB)
    get_HCBoxFanSpeed                        0x080023ed   Thumb Code     4  hcboxs.o(i.get_HCBoxFanSpeed)
    get_HCBoxOutput                          0x080023f1   Thumb Code     6  hcboxs.o(i.get_HCBoxOutput)
    get_HCBoxTemp                            0x080023fd   Thumb Code    26  hcboxs.o(i.get_HCBoxTemp)
    get_NTC1_Temp                            0x0800241d   Thumb Code    16  sensor.o(i.get_NTC1_Temp)
    get_NTC2_Temp                            0x0800242d   Thumb Code    16  sensor.o(i.get_NTC2_Temp)
    __mathlib_logf                           0x0800243d   Thumb Code     0  logf.o(i.logf)
    logf                                     0x0800243d   Thumb Code   362  logf.o(i.logf)
    main                                     0x080025d1   Thumb Code   124  main_kb6120c-sensor.o(i.main)
    prveMBError2Exception                    0x0800265d   Thumb Code    24  mbutils.o(i.prveMBError2Exception)
    rint                                     0x08002675   Thumb Code     4  rint.o(i.rint)
    set_HCBoxTemp                            0x08002679   Thumb Code     8  hcboxs.o(i.set_HCBoxTemp)
    usMBCRC16                                0x08002685   Thumb Code    44  mbcrc.o(i.usMBCRC16)
    vMBPortSerialEnable                      0x080026b5   Thumb Code    54  modbus-port-stm32.o(i.vMBPortSerialEnable)
    vMBPortTimersDisable                     0x080026f1   Thumb Code    42  modbus-port-stm32.o(i.vMBPortTimersDisable)
    vMBPortTimersEnable                      0x08002721   Thumb Code    42  modbus-port-stm32.o(i.vMBPortTimersEnable)
    xMBPortEventGet                          0x08002751   Thumb Code    24  modbus-port-stm32.o(i.xMBPortEventGet)
    xMBPortEventInit                         0x0800276d   Thumb Code    10  modbus-port-stm32.o(i.xMBPortEventInit)
    xMBPortEventPost                         0x0800277d   Thumb Code    18  modbus-port-stm32.o(i.xMBPortEventPost)
    xMBPortSerialGetByte                     0x08002799   Thumb Code    10  modbus-port-stm32.o(i.xMBPortSerialGetByte)
    xMBPortSerialInit                        0x080027a9   Thumb Code   164  modbus-port-stm32.o(i.xMBPortSerialInit)
    xMBPortSerialPutByte                     0x0800285d   Thumb Code     8  modbus-port-stm32.o(i.xMBPortSerialPutByte)
    xMBPortTimersInit                        0x08002869   Thumb Code    66  modbus-port-stm32.o(i.xMBPortTimersInit)
    xMBRTUReceiveFSM                         0x080028b9   Thumb Code    88  mbrtu.o(i.xMBRTUReceiveFSM)
    xMBRTUTimerT35Expired                    0x08002919   Thumb Code    34  mbrtu.o(i.xMBRTUTimerT35Expired)
    xMBRTUTransmitFSM                        0x08002941   Thumb Code    76  mbrtu.o(i.xMBRTUTransmitFSM)
    xMBUtilGetBits                           0x08002991   Thumb Code    34  mbutils.o(i.xMBUtilGetBits)
    xMBUtilSetBits                           0x080029b3   Thumb Code    42  mbutils.o(i.xMBUtilSetBits)
    __aeabi_d2f                              0x080029dd   Thumb Code     0  d2f.o(x$fpl$d2f)
    _d2f                                     0x080029dd   Thumb Code    98  d2f.o(x$fpl$d2f)
    __fpl_dcheck_NaN1                        0x08002a41   Thumb Code    10  dcheck1.o(x$fpl$dcheck1)
    __aeabi_d2uiz                            0x08002a51   Thumb Code     0  dfixu.o(x$fpl$dfixu)
    _dfixu                                   0x08002a51   Thumb Code    90  dfixu.o(x$fpl$dfixu)
    __aeabi_ui2d                             0x08002aab   Thumb Code     0  dflt_clz.o(x$fpl$dfltu)
    _dfltu                                   0x08002aab   Thumb Code    38  dflt_clz.o(x$fpl$dfltu)
    __fpl_dnaninf                            0x08002ad1   Thumb Code   156  dnaninf.o(x$fpl$dnaninf)
    __fpl_dretinf                            0x08002b6d   Thumb Code    12  dretinf.o(x$fpl$dretinf)
    _drnd                                    0x08002b79   Thumb Code   180  drnd.o(x$fpl$drnd)
    __aeabi_f2d                              0x08002c2d   Thumb Code     0  f2d.o(x$fpl$f2d)
    _f2d                                     0x08002c2d   Thumb Code    86  f2d.o(x$fpl$f2d)
    __aeabi_fadd                             0x08002c85   Thumb Code     0  faddsub_clz.o(x$fpl$fadd)
    _fadd                                    0x08002c85   Thumb Code   196  faddsub_clz.o(x$fpl$fadd)
    __fpl_fcheck_NaN1                        0x08002d49   Thumb Code     6  fcheck1.o(x$fpl$fcheck1)
    __fpl_fcmp_Inf                           0x08002d55   Thumb Code    24  fcmpi.o(x$fpl$fcmpinf)
    __aeabi_fdiv                             0x08002d6d   Thumb Code     0  fdiv.o(x$fpl$fdiv)
    _fdiv                                    0x08002d6d   Thumb Code   384  fdiv.o(x$fpl$fdiv)
    __aeabi_f2uiz                            0x08002ef1   Thumb Code     0  ffixu.o(x$fpl$ffixu)
    _ffixu                                   0x08002ef1   Thumb Code    62  ffixu.o(x$fpl$ffixu)
    __aeabi_i2f                              0x08002f31   Thumb Code     0  fflt_clz.o(x$fpl$fflt)
    _fflt                                    0x08002f31   Thumb Code    48  fflt_clz.o(x$fpl$fflt)
    __aeabi_ui2f                             0x08002f61   Thumb Code     0  fflt_clz.o(x$fpl$ffltu)
    _ffltu                                   0x08002f61   Thumb Code    38  fflt_clz.o(x$fpl$ffltu)
    __aeabi_cfcmple                          0x08002f89   Thumb Code     0  fleqf.o(x$fpl$fleqf)
    _fcmple                                  0x08002f89   Thumb Code   104  fleqf.o(x$fpl$fleqf)
    __fpl_fcmple_InfNaN                      0x08002fdb   Thumb Code     0  fleqf.o(x$fpl$fleqf)
    __aeabi_fmul                             0x08002ff1   Thumb Code     0  fmul.o(x$fpl$fmul)
    _fmul                                    0x08002ff1   Thumb Code   258  fmul.o(x$fpl$fmul)
    __fpl_fnaninf                            0x080030f3   Thumb Code   140  fnaninf.o(x$fpl$fnaninf)
    __fpl_fretinf                            0x0800317f   Thumb Code    10  fretinf.o(x$fpl$fretinf)
    __aeabi_cfrcmple                         0x08003189   Thumb Code     0  frleqf.o(x$fpl$frleqf)
    _frcmple                                 0x08003189   Thumb Code    98  frleqf.o(x$fpl$frleqf)
    __aeabi_fsub                             0x080031ed   Thumb Code     0  faddsub_clz.o(x$fpl$fsub)
    _fsub                                    0x080031ed   Thumb Code   234  faddsub_clz.o(x$fpl$fsub)
    __fpl_return_NaN                         0x080032d7   Thumb Code   100  retnan.o(x$fpl$retnan)
    __ARM_scalbn                             0x0800333b   Thumb Code    92  scalbn.o(x$fpl$scalbn)
    __ARM_scalbnf                            0x08003397   Thumb Code    76  scalbnf.o(x$fpl$scalbnf)
    __fpl_cmpreturn                          0x080033e3   Thumb Code    48  trapv.o(x$fpl$trapveneer)
    __I$use$fp                               0x08003412   Number         0  usenofp.o(x$fpl$usenofp)
    DS18B20_Temp1                            0x0800361c   Data          12  ds18b20.o(.constdata)
    DS18B20_Temp2                            0x08003628   Data          12  ds18b20.o(.constdata)
    DS18B20_Temp3                            0x08003634   Data          12  ds18b20.o(.constdata)
    DS18B20_Temp4                            0x08003640   Data          12  ds18b20.o(.constdata)
    Region$$Table$$Base                      0x0800378c   Number         0  anon$$obj.o(Region$$Table)
    Region$$Table$$Limit                     0x080037ac   Number         0  anon$$obj.o(Region$$Table)
    pxMBFrameCBByteReceived                  0x20000020   Data           4  mb.o(.data)
    pxMBFrameCBTransmitterEmpty              0x20000024   Data           4  mb.o(.data)
    pxMBPortCBTimerExpired                   0x20000028   Data           4  mb.o(.data)
    ucRegDiscBuf                             0x200000be   Data           5  modbus-port-stm32.o(.data)
    ucRegCoilsBuf                            0x200000c3   Data           5  modbus-port-stm32.o(.data)
    HCBoxFlag                                0x200000c8   Data           1  bios.o(.data)
    SystemCoreClock                          0x200000cc   Data           4  bios.o(.data)
    AHBPrescTable                            0x200000d8   Data          16  bios.o(.data)
    EN_Cool                                  0x200000e9   Data           1  hcboxs.o(.data)
    EN_Heat                                  0x200000ea   Data           1  hcboxs.o(.data)
    fan_shut_delay                           0x200000f2   Data           2  hcboxs.o(.data)
    iRetry                                   0x20000126   Data           2  main_kb6120c-sensor.o(.data)
    ucRTUBuf                                 0x2000014c   Data         256  mbrtu.o(.bss)
    usRegInputBuf                            0x2000024c   Data          80  modbus-port-stm32.o(.bss)
    usRegHoldingBuf                          0x2000029c   Data          80  modbus-port-stm32.o(.bss)
    ADCResultBuf                             0x200002ec   Data          80  bios.o(.bss)
    HCBox                                    0x2000033c   Data          16  hcboxs.o(.bss)
    __libspace_start                         0x200003ac   Data          96  libspace.o(.bss)
    __temporary_stack_top$libspace           0x2000040c   Data           0  libspace.o(.bss)



==============================================================================

Memory Map of the image

  Image Entry point : 0x08000121

  Load Region LR_IROM1 (Base: 0x08000000, Size: 0x000038d8, Max: 0x00010000, ABSOLUTE, COMPRESSED[0x000037fc])

    Execution Region ER_IROM1 (Base: 0x08000000, Size: 0x000037ac, Max: 0x00010000, ABSOLUTE)

    Base Addr    Size         Type   Attr      Idx    E Section Name        Object

    0x08000000   0x00000120   Data   RO          495    RESET               startup_stm32f10x_md_vl.o
    0x08000120   0x00000008   Code   RO         1181  * !!!main             c_w.l(__main.o)
    0x08000128   0x00000034   Code   RO         1423    !!!scatter          c_w.l(__scatter.o)
    0x0800015c   0x0000005a   Code   RO         1421    !!dczerorl2         c_w.l(__dczerorl2.o)
    0x080001b6   0x00000002   PAD
    0x080001b8   0x0000001c   Code   RO         1425    !!handler_zi        c_w.l(__scatter_zi.o)
    0x080001d4   0x00000002   Code   RO         1295    .ARM.Collect$$libinit$$00000000  c_w.l(libinit.o)
    0x080001d6   0x00000000   Code   RO         1301    .ARM.Collect$$libinit$$00000002  c_w.l(libinit2.o)
    0x080001d6   0x00000000   Code   RO         1304    .ARM.Collect$$libinit$$00000008  c_w.l(libinit2.o)
    0x080001d6   0x00000000   Code   RO         1306    .ARM.Collect$$libinit$$0000000A  c_w.l(libinit2.o)
    0x080001d6   0x00000000   Code   RO         1308    .ARM.Collect$$libinit$$0000000C  c_w.l(libinit2.o)
    0x080001d6   0x00000000   Code   RO         1311    .ARM.Collect$$libinit$$0000000F  c_w.l(libinit2.o)
    0x080001d6   0x00000000   Code   RO         1313    .ARM.Collect$$libinit$$00000011  c_w.l(libinit2.o)
    0x080001d6   0x00000000   Code   RO         1315    .ARM.Collect$$libinit$$00000013  c_w.l(libinit2.o)
    0x080001d6   0x00000000   Code   RO         1317    .ARM.Collect$$libinit$$00000015  c_w.l(libinit2.o)
    0x080001d6   0x00000000   Code   RO         1319    .ARM.Collect$$libinit$$00000017  c_w.l(libinit2.o)
    0x080001d6   0x00000000   Code   RO         1321    .ARM.Collect$$libinit$$00000019  c_w.l(libinit2.o)
    0x080001d6   0x00000000   Code   RO         1323    .ARM.Collect$$libinit$$0000001B  c_w.l(libinit2.o)
    0x080001d6   0x00000000   Code   RO         1325    .ARM.Collect$$libinit$$0000001D  c_w.l(libinit2.o)
    0x080001d6   0x00000000   Code   RO         1327    .ARM.Collect$$libinit$$0000001F  c_w.l(libinit2.o)
    0x080001d6   0x00000000   Code   RO         1329    .ARM.Collect$$libinit$$00000021  c_w.l(libinit2.o)
    0x080001d6   0x00000000   Code   RO         1331    .ARM.Collect$$libinit$$00000023  c_w.l(libinit2.o)
    0x080001d6   0x00000000   Code   RO         1335    .ARM.Collect$$libinit$$0000002A  c_w.l(libinit2.o)
    0x080001d6   0x00000000   Code   RO         1337    .ARM.Collect$$libinit$$0000002C  c_w.l(libinit2.o)
    0x080001d6   0x00000000   Code   RO         1339    .ARM.Collect$$libinit$$0000002E  c_w.l(libinit2.o)
    0x080001d6   0x00000000   Code   RO         1341    .ARM.Collect$$libinit$$00000030  c_w.l(libinit2.o)
    0x080001d6   0x00000002   Code   RO         1342    .ARM.Collect$$libinit$$00000031  c_w.l(libinit2.o)
    0x080001d8   0x00000002   Code   RO         1362    .ARM.Collect$$libshutdown$$00000000  c_w.l(libshutdown.o)
    0x080001da   0x00000000   Code   RO         1376    .ARM.Collect$$libshutdown$$00000003  c_w.l(libshutdown2.o)
    0x080001da   0x00000000   Code   RO         1379    .ARM.Collect$$libshutdown$$00000006  c_w.l(libshutdown2.o)
    0x080001da   0x00000000   Code   RO         1382    .ARM.Collect$$libshutdown$$00000009  c_w.l(libshutdown2.o)
    0x080001da   0x00000000   Code   RO         1384    .ARM.Collect$$libshutdown$$0000000B  c_w.l(libshutdown2.o)
    0x080001da   0x00000000   Code   RO         1387    .ARM.Collect$$libshutdown$$0000000E  c_w.l(libshutdown2.o)
    0x080001da   0x00000002   Code   RO         1388    .ARM.Collect$$libshutdown$$0000000F  c_w.l(libshutdown2.o)
    0x080001dc   0x00000000   Code   RO         1239    .ARM.Collect$$rtentry$$00000000  c_w.l(rtentry.o)
    0x080001dc   0x00000000   Code   RO         1262    .ARM.Collect$$rtentry$$00000002  c_w.l(rtentry2.o)
    0x080001dc   0x00000006   Code   RO         1274    .ARM.Collect$$rtentry$$00000004  c_w.l(rtentry4.o)
    0x080001e2   0x00000000   Code   RO         1264    .ARM.Collect$$rtentry$$00000009  c_w.l(rtentry2.o)
    0x080001e2   0x00000004   Code   RO         1265    .ARM.Collect$$rtentry$$0000000A  c_w.l(rtentry2.o)
    0x080001e6   0x00000000   Code   RO         1267    .ARM.Collect$$rtentry$$0000000C  c_w.l(rtentry2.o)
    0x080001e6   0x00000008   Code   RO         1268    .ARM.Collect$$rtentry$$0000000D  c_w.l(rtentry2.o)
    0x080001ee   0x00000002   Code   RO         1298    .ARM.Collect$$rtexit$$00000000  c_w.l(rtexit.o)
    0x080001f0   0x00000000   Code   RO         1344    .ARM.Collect$$rtexit$$00000002  c_w.l(rtexit2.o)
    0x080001f0   0x00000004   Code   RO         1345    .ARM.Collect$$rtexit$$00000003  c_w.l(rtexit2.o)
    0x080001f4   0x00000006   Code   RO         1346    .ARM.Collect$$rtexit$$00000004  c_w.l(rtexit2.o)
    0x080001fa   0x00000002   PAD
    0x080001fc   0x0000002e   Code   RO          502    .emb_text           bios.o
    0x0800022a   0x00000002   PAD
    0x0800022c   0x0000003c   Code   RO          496    .text               startup_stm32f10x_md_vl.o
    0x08000268   0x0000008a   Code   RO         1177    .text               c_w.l(rt_memcpy_v6.o)
    0x080002f2   0x00000006   Code   RO         1179    .text               c_w.l(heapauxi.o)
    0x080002f8   0x00000016   Code   RO         1240    .text               c_w.l(_rserrno.o)
    0x0800030e   0x00000064   Code   RO         1242    .text               c_w.l(rt_memcpy_w.o)
    0x08000372   0x00000002   PAD
    0x08000374   0x00000008   Code   RO         1279    .text               c_w.l(rt_errno_addr_intlibspace.o)
    0x0800037c   0x00000008   Code   RO         1283    .text               c_w.l(libspace.o)
    0x08000384   0x0000004a   Code   RO         1286    .text               c_w.l(sys_stackheap_outer.o)
    0x080003ce   0x0000000c   Code   RO         1288    .text               c_w.l(exit.o)
    0x080003da   0x00000002   PAD
    0x080003dc   0x0000000c   Code   RO         1354    .text               c_w.l(sys_exit.o)
    0x080003e8   0x00000002   Code   RO         1365    .text               c_w.l(use_no_semi.o)
    0x080003ea   0x00000000   Code   RO         1367    .text               c_w.l(indicate_semi.o)
    0x080003ea   0x00000002   PAD
    0x080003ec   0x000000bc   Code   RO          503    i.BIOS_Init         bios.o
    0x080004a8   0x00000030   Code   RO          868    i.Convert7705       ad7705.o
    0x080004d8   0x0000000c   Code   RO          970    i.DS18B20_1_Read    ds18b20.o
    0x080004e4   0x0000000c   Code   RO          971    i.DS18B20_2_Read    ds18b20.o
    0x080004f0   0x0000000c   Code   RO          972    i.DS18B20_3_Read    ds18b20.o
    0x080004fc   0x0000000c   Code   RO          973    i.DS18B20_4_Read    ds18b20.o
    0x08000508   0x00000078   Code   RO          974    i.DS18B20_Load      ds18b20.o
    0x08000580   0x00000020   Code   RO          975    i.DS18B20_Read      ds18b20.o
    0x080005a0   0x00000056   Code   RO          913    i.FM24C64_Load      fm24.o
    0x080005f6   0x00000002   PAD
    0x080005f8   0x00000046   Code   RO          914    i.FM24C64_Save      fm24.o
    0x0800063e   0x00000002   PAD
    0x08000640   0x00000034   Code   RO          504    i.Fan1_OutCmd       bios.o
    0x08000674   0x00000034   Code   RO          505    i.Fan2_OutCmd       bios.o
    0x080006a8   0x00000060   Code   RO         1020    i.FanSpeed_fetch    hcboxs.o
    0x08000708   0x00000090   Code   RO         1021    i.HCBoxControl      hcboxs.o
    0x08000798   0x0000000c   Code   RO          506    i.HCBoxCool_OutCmd  bios.o
    0x080007a4   0x00000034   Code   RO          507    i.HCBoxFan_OutCmd   bios.o
    0x080007d8   0x0000003c   Code   RO         1023    i.HCBoxFan_Update   hcboxs.o
    0x08000814   0x0000000c   Code   RO          508    i.HCBoxHeat_OutCmd  bios.o
    0x08000820   0x00000040   Code   RO         1024    i.HCBoxTemp_Update  hcboxs.o
    0x08000860   0x00000108   Code   RO         1025    i.HCBox_Cool        hcboxs.o
    0x08000968   0x000000e0   Code   RO         1026    i.HCBox_Heat        hcboxs.o
    0x08000a48   0x0000008c   Code   RO         1027    i.HCBox_Output      hcboxs.o
    0x08000ad4   0x000000c8   Code   RO         1028    i.HCBox_Wait        hcboxs.o
    0x08000b9c   0x00000070   Code   RO         1113    i.Heater_Exec       main_kb6120c-sensor.o
    0x08000c0c   0x00000030   Code   RO          509    i.Heater_OutCmd     bios.o
    0x08000c3c   0x0000008c   Code   RO          869    i.Initialize7705    ad7705.o
    0x08000cc8   0x0000006c   Code   RO         1114    i.KB6120E_ConfigSelect  main_kb6120c-sensor.o
    0x08000d34   0x00000002   Code   RO          510    i.MB_485_Direct_Receive  bios.o
    0x08000d36   0x00000002   PAD
    0x08000d38   0x0000000c   Code   RO          511    i.MB_485_Direct_Transmit  bios.o
    0x08000d44   0x0000001c   Code   RO          314    i.MODBUS_Init       modbus-port-stm32.o
    0x08000d60   0x00000034   Code   RO          512    i.MonitorTickInit   bios.o
    0x08000d94   0x00000014   Code   RO          514    i.MonitorTickTimeout  bios.o
    0x08000da8   0x00000016   Code   RO          515    i.MotorPWM_SetOutput  bios.o
    0x08000dbe   0x00000002   PAD
    0x08000dc0   0x00000030   Code   RO          516    i.MotorPower_OutCmd  bios.o
    0x08000df0   0x00000018   Code   RO          315    i.NVIC_EnableIRQ    modbus-port-stm32.o
    0x08000e08   0x00000020   Code   RO          517    i.NVIC_SetPriority  bios.o
    0x08000e28   0x00000040   Code   RO          518    i.OW_1_Init         bios.o
    0x08000e68   0x0000000c   Code   RO          519    i.OW_1_Reset        bios.o
    0x08000e74   0x0000000c   Code   RO          520    i.OW_1_Slot         bios.o
    0x08000e80   0x0000003c   Code   RO          521    i.OW_2_Init         bios.o
    0x08000ebc   0x0000000c   Code   RO          522    i.OW_2_Reset        bios.o
    0x08000ec8   0x0000000c   Code   RO          523    i.OW_2_Slot         bios.o
    0x08000ed4   0x00000040   Code   RO          524    i.OW_3_Init         bios.o
    0x08000f14   0x0000000c   Code   RO          525    i.OW_3_Reset        bios.o
    0x08000f20   0x0000000c   Code   RO          526    i.OW_3_Slot         bios.o
    0x08000f2c   0x00000040   Code   RO          527    i.OW_4_Init         bios.o
    0x08000f6c   0x0000000c   Code   RO          528    i.OW_4_Reset        bios.o
    0x08000f78   0x0000000c   Code   RO          529    i.OW_4_Slot         bios.o
    0x08000f84   0x00000028   Code   RO          976    i.OW_Slot8          ds18b20.o
    0x08000fac   0x00000018   Code   RO          530    i.PWM1_SetOutput    bios.o
    0x08000fc4   0x00000018   Code   RO          531    i.PWM2_SetOutput    bios.o
    0x08000fdc   0x00000018   Code   RO          532    i.PWM3_SetOutput    bios.o
    0x08000ff4   0x00000018   Code   RO          533    i.PWM4_SetOutput    bios.o
    0x0800100c   0x00000004   Code   RO          316    i.PendSV_Handler    modbus-port-stm32.o
    0x08001010   0x00000030   Code   RO          534    i.PowerAIR_OutCmd   bios.o
    0x08001040   0x0000006e   Code   RO          870    i.Readout7705       ad7705.o
    0x080010ae   0x00000002   PAD
    0x080010b0   0x00000028   Code   RO          535    i.STM32_ADC1_Readout  bios.o
    0x080010d8   0x000000dc   Code   RO          536    i.STM32_ADC_Init    bios.o
    0x080011b4   0x00000068   Code   RO          537    i.Select7705        bios.o
    0x0800121c   0x00000088   Code   RO          538    i.SetSysClockTo24   bios.o
    0x080012a4   0x00000114   Code   RO         1115    i.Slice0_Exec       main_kb6120c-sensor.o
    0x080013b8   0x0000007c   Code   RO         1116    i.Slice1_Exec       main_kb6120c-sensor.o
    0x08001434   0x00000054   Code   RO         1117    i.Slice2_Exec       main_kb6120c-sensor.o
    0x08001488   0x00000028   Code   RO          539    i.SysTick_Handler   bios.o
    0x080014b0   0x00000054   Code   RO          541    i.SystemInit        bios.o
    0x08001504   0x00000074   Code   RO          542    i.TIM15_Configure   bios.o
    0x08001578   0x0000006c   Code   RO          543    i.TIM3_Configure    bios.o
    0x080015e4   0x00000020   Code   RO          317    i.TIM4_IRQHandler   modbus-port-stm32.o
    0x08001604   0x00000058   Code   RO          318    i.USART1_IRQHandler  modbus-port-stm32.o
    0x0800165c   0x00000080   Code   RO         1118    i.Update_CH0        main_kb6120c-sensor.o
    0x080016dc   0x00000080   Code   RO         1119    i.Update_CH1        main_kb6120c-sensor.o
    0x0800175c   0x0000005c   Code   RO          931    i._CV_NTC10K        sensor.o
    0x080017b8   0x0000005e   Code   RO          871    i._Convert7705      ad7705.o
    0x08001816   0x00000002   PAD
    0x08001818   0x0000003c   Code   RO          544    i._OW_1_Reset       bios.o
    0x08001854   0x00000044   Code   RO          545    i._OW_1_Slot        bios.o
    0x08001898   0x0000003c   Code   RO          546    i._OW_2_Reset       bios.o
    0x080018d4   0x00000044   Code   RO          547    i._OW_2_Slot        bios.o
    0x08001918   0x0000003c   Code   RO          548    i._OW_3_Reset       bios.o
    0x08001954   0x00000044   Code   RO          549    i._OW_3_Slot        bios.o
    0x08001998   0x0000003c   Code   RO          550    i._OW_4_Reset       bios.o
    0x080019d4   0x00000044   Code   RO          551    i._OW_4_Slot        bios.o
    0x08001a18   0x00000060   Code   RO          552    i.bus_SPI1xPortInit  bios.o
    0x08001a78   0x00000014   Code   RO          553    i.bus_SPI1xShift    bios.o
    0x08001a8c   0x0000006c   Code   RO          554    i.bus_i2c_shin      bios.o
    0x08001af8   0x00000064   Code   RO          555    i.bus_i2c_shout     bios.o
    0x08001b5c   0x00000074   Code   RO          556    i.bus_i2c_start     bios.o
    0x08001bd0   0x00000028   Code   RO          557    i.bus_i2c_stop      bios.o
    0x08001bf8   0x0000001c   Code   RO          558    i.delay             bios.o
    0x08001c14   0x00000030   Code   RO          559    i.delay_us          bios.o
    0x08001c44   0x00000020   Code   RO            3    i.eMBEnable         mb.o
    0x08001c64   0x00000072   Code   RO           89    i.eMBFuncReadCoils  mbfunccoils.o
    0x08001cd6   0x00000072   Code   RO          120    i.eMBFuncReadDiscreteInputs  mbfuncdisc.o
    0x08001d48   0x0000005c   Code   RO          132    i.eMBFuncReadHoldingRegister  mbfuncholding.o
    0x08001da4   0x00000060   Code   RO          162    i.eMBFuncReadInputRegister  mbfuncinput.o
    0x08001e04   0x0000009a   Code   RO          133    i.eMBFuncReadWriteMultipleHoldingRegister  mbfuncholding.o
    0x08001e9e   0x00000002   PAD
    0x08001ea0   0x0000003c   Code   RO          174    i.eMBFuncReportSlaveID  mbfuncother.o
    0x08001edc   0x00000056   Code   RO           90    i.eMBFuncWriteCoil  mbfunccoils.o
    0x08001f32   0x00000032   Code   RO          134    i.eMBFuncWriteHoldingRegister  mbfuncholding.o
    0x08001f64   0x00000064   Code   RO           91    i.eMBFuncWriteMultipleCoils  mbfunccoils.o
    0x08001fc8   0x0000004e   Code   RO          135    i.eMBFuncWriteMultipleHoldingRegister  mbfuncholding.o
    0x08002016   0x00000002   PAD
    0x08002018   0x00000080   Code   RO            4    i.eMBInit           mb.o
    0x08002098   0x000000b0   Code   RO            5    i.eMBPoll           mb.o
    0x08002148   0x00000038   Code   RO          233    i.eMBRTUInit        mbrtu.o
    0x08002180   0x00000044   Code   RO          234    i.eMBRTUReceive     mbrtu.o
    0x080021c4   0x00000058   Code   RO          235    i.eMBRTUSend        mbrtu.o
    0x0800221c   0x0000001c   Code   RO          236    i.eMBRTUStart       mbrtu.o
    0x08002238   0x00000012   Code   RO          237    i.eMBRTUStop        mbrtu.o
    0x0800224a   0x00000002   PAD
    0x0800224c   0x00000074   Code   RO          319    i.eMBRegCoilsCB     modbus-port-stm32.o
    0x080022c0   0x0000004c   Code   RO          320    i.eMBRegDiscreteCB  modbus-port-stm32.o
    0x0800230c   0x000000a4   Code   RO          321    i.eMBRegHoldingCB   modbus-port-stm32.o
    0x080023b0   0x0000003c   Code   RO          322    i.eMBRegInputCB     modbus-port-stm32.o
    0x080023ec   0x00000004   Code   RO         1029    i.get_HCBoxFanSpeed  hcboxs.o
    0x080023f0   0x0000000c   Code   RO         1030    i.get_HCBoxOutput   hcboxs.o
    0x080023fc   0x00000020   Code   RO         1031    i.get_HCBoxTemp     hcboxs.o
    0x0800241c   0x00000010   Code   RO          933    i.get_NTC1_Temp     sensor.o
    0x0800242c   0x00000010   Code   RO          934    i.get_NTC2_Temp     sensor.o
    0x0800243c   0x00000194   Code   RO         1228    i.logf              m_ws.l(logf.o)
    0x080025d0   0x0000008c   Code   RO         1120    i.main              main_kb6120c-sensor.o
    0x0800265c   0x00000018   Code   RO          195    i.prveMBError2Exception  mbutils.o
    0x08002674   0x00000004   Code   RO         1237    i.rint              m_ws.l(rint.o)
    0x08002678   0x0000000c   Code   RO         1032    i.set_HCBoxTemp     hcboxs.o
    0x08002684   0x00000030   Code   RO          219    i.usMBCRC16         mbcrc.o
    0x080026b4   0x0000003c   Code   RO          323    i.vMBPortSerialEnable  modbus-port-stm32.o
    0x080026f0   0x00000030   Code   RO          324    i.vMBPortTimersDisable  modbus-port-stm32.o
    0x08002720   0x00000030   Code   RO          325    i.vMBPortTimersEnable  modbus-port-stm32.o
    0x08002750   0x0000001c   Code   RO          326    i.xMBPortEventGet   modbus-port-stm32.o
    0x0800276c   0x00000010   Code   RO          327    i.xMBPortEventInit  modbus-port-stm32.o
    0x0800277c   0x0000001c   Code   RO          328    i.xMBPortEventPost  modbus-port-stm32.o
    0x08002798   0x00000010   Code   RO          329    i.xMBPortSerialGetByte  modbus-port-stm32.o
    0x080027a8   0x000000b4   Code   RO          330    i.xMBPortSerialInit  modbus-port-stm32.o
    0x0800285c   0x0000000c   Code   RO          331    i.xMBPortSerialPutByte  modbus-port-stm32.o
    0x08002868   0x00000050   Code   RO          332    i.xMBPortTimersInit  modbus-port-stm32.o
    0x080028b8   0x00000060   Code   RO          238    i.xMBRTUReceiveFSM  mbrtu.o
    0x08002918   0x00000028   Code   RO          239    i.xMBRTUTimerT35Expired  mbrtu.o
    0x08002940   0x00000050   Code   RO          240    i.xMBRTUTransmitFSM  mbrtu.o
    0x08002990   0x00000022   Code   RO          196    i.xMBUtilGetBits    mbutils.o
    0x080029b2   0x0000002a   Code   RO          197    i.xMBUtilSetBits    mbutils.o
    0x080029dc   0x00000062   Code   RO         1183    x$fpl$d2f           fz_ws.l(d2f.o)
    0x08002a3e   0x00000002   PAD
    0x08002a40   0x00000010   Code   RO         1244    x$fpl$dcheck1       fz_ws.l(dcheck1.o)
    0x08002a50   0x0000005a   Code   RO         1185    x$fpl$dfixu         fz_ws.l(dfixu.o)
    0x08002aaa   0x00000026   Code   RO         1189    x$fpl$dfltu         fz_ws.l(dflt_clz.o)
    0x08002ad0   0x0000009c   Code   RO         1246    x$fpl$dnaninf       fz_ws.l(dnaninf.o)
    0x08002b6c   0x0000000c   Code   RO         1248    x$fpl$dretinf       fz_ws.l(dretinf.o)
    0x08002b78   0x000000b4   Code   RO         1250    x$fpl$drnd          fz_ws.l(drnd.o)
    0x08002c2c   0x00000056   Code   RO         1195    x$fpl$f2d           fz_ws.l(f2d.o)
    0x08002c82   0x00000002   PAD
    0x08002c84   0x000000c4   Code   RO         1197    x$fpl$fadd          fz_ws.l(faddsub_clz.o)
    0x08002d48   0x0000000c   Code   RO         1252    x$fpl$fcheck1       fz_ws.l(fcheck1.o)
    0x08002d54   0x00000018   Code   RO         1254    x$fpl$fcmpinf       fz_ws.l(fcmpi.o)
    0x08002d6c   0x00000184   Code   RO         1204    x$fpl$fdiv          fz_ws.l(fdiv.o)
    0x08002ef0   0x0000003e   Code   RO         1207    x$fpl$ffixu         fz_ws.l(ffixu.o)
    0x08002f2e   0x00000002   PAD
    0x08002f30   0x00000030   Code   RO         1212    x$fpl$fflt          fz_ws.l(fflt_clz.o)
    0x08002f60   0x00000026   Code   RO         1211    x$fpl$ffltu         fz_ws.l(fflt_clz.o)
    0x08002f86   0x00000002   PAD
    0x08002f88   0x00000068   Code   RO         1217    x$fpl$fleqf         fz_ws.l(fleqf.o)
    0x08002ff0   0x00000102   Code   RO         1219    x$fpl$fmul          fz_ws.l(fmul.o)
    0x080030f2   0x0000008c   Code   RO         1256    x$fpl$fnaninf       fz_ws.l(fnaninf.o)
    0x0800317e   0x0000000a   Code   RO         1258    x$fpl$fretinf       fz_ws.l(fretinf.o)
    0x08003188   0x00000062   Code   RO         1221    x$fpl$frleqf        fz_ws.l(frleqf.o)
    0x080031ea   0x00000002   PAD
    0x080031ec   0x000000ea   Code   RO         1199    x$fpl$fsub          fz_ws.l(faddsub_clz.o)
    0x080032d6   0x00000064   Code   RO         1281    x$fpl$retnan        fz_ws.l(retnan.o)
    0x0800333a   0x0000005c   Code   RO         1223    x$fpl$scalbn        fz_ws.l(scalbn.o)
    0x08003396   0x0000004c   Code   RO         1225    x$fpl$scalbnf       fz_ws.l(scalbnf.o)
    0x080033e2   0x00000030   Code   RO         1296    x$fpl$trapveneer    fz_ws.l(trapv.o)
    0x08003412   0x00000000   Code   RO         1260    x$fpl$usenofp       fz_ws.l(usenofp.o)
    0x08003412   0x00000200   Data   RO          220    .constdata          mbcrc.o
    0x08003612   0x0000000a   Data   RO          872    .constdata          ad7705.o
    0x0800361c   0x00000130   Data   RO          977    .constdata          ds18b20.o
    0x0800374c   0x00000040   Data   RO         1229    .constdata          m_ws.l(logf.o)
    0x0800378c   0x00000020   Data   RO         1419    Region$$Table       anon$$obj.o


    Execution Region RW_IRAM1 (Base: 0x20000000, Size: 0x00000c10, Max: 0x00002000, ABSOLUTE, COMPRESSED[0x00000050])

    Base Addr    Size         Type   Attr      Idx    E Section Name        Object

    0x20000000   0x000000ac   Data   RW            7    .data               mb.o
    0x200000ac   0x00000002   Data   RW          177    .data               mbfuncother.o
    0x200000ae   0x00000002   PAD
    0x200000b0   0x0000000c   Data   RW          242    .data               mbrtu.o
    0x200000bc   0x0000000c   Data   RW          334    .data               modbus-port-stm32.o
    0x200000c8   0x00000020   Data   RW          561    .data               bios.o
    0x200000e8   0x0000003c   Data   RW         1034    .data               hcboxs.o
    0x20000124   0x00000006   Data   RW         1122    .data               main_kb6120c-sensor.o
    0x2000012a   0x00000002   PAD
    0x2000012c   0x00000020   Zero   RW          176    .bss                mbfuncother.o
    0x2000014c   0x00000100   Zero   RW          241    .bss                mbrtu.o
    0x2000024c   0x000000a0   Zero   RW          333    .bss                modbus-port-stm32.o
    0x200002ec   0x00000050   Zero   RW          560    .bss                bios.o
    0x2000033c   0x0000001e   Zero   RW         1033    .bss                hcboxs.o
    0x2000035a   0x00000002   PAD
    0x2000035c   0x00000050   Zero   RW         1121    .bss                main_kb6120c-sensor.o
    0x200003ac   0x00000060   Zero   RW         1284    .bss                c_w.l(libspace.o)
    0x2000040c   0x00000004   PAD
    0x20000410   0x00000000   Zero   RW          494    HEAP                startup_stm32f10x_md_vl.o
    0x20000410   0x00000800   Zero   RW          493    STACK               startup_stm32f10x_md_vl.o


==============================================================================

Image component sizes


      Code (inc. data)   RO Data    RW Data    ZI Data      Debug   Object Name

       392          8         10          0          0       4494   ad7705.o
      3058        452          0         32         80      48516   bios.o
       240         20        304          0          0       4214   ds18b20.o
       156          0          0          0          0       1314   fm24.o
      1252        146          0         60         30       7039   hcboxs.o
      1100         96          0          6         80       5318   main_kb6120c-sensor.o
       336         40          0        172          0      10616   mb.o
        48          4        512          0          0        964   mbcrc.o
       300          0          0          0          0       3735   mbfunccoils.o
       114          0          0          0          0       1300   mbfuncdisc.o
       374          0          0          0          0       4331   mbfuncholding.o
        96          0          0          0          0       1327   mbfuncinput.o
        60         10          0          2         32       1095   mbfuncother.o
       474         44          0         12        256       5151   mbrtu.o
       100          0          0          0          0       2074   mbutils.o
      1108        124          0         12        160     238482   modbus-port-stm32.o
       124         20          0          0          0       1396   sensor.o
        60         22        288          0       2048        744   startup_stm32f10x_md_vl.o

    ----------------------------------------------------------------------
      9412        986       1146        300       2688     342110   Object Totals
         0          0         32          0          0          0   (incl. Generated)
        20          0          0          4          2          0   (incl. Padding)

    ----------------------------------------------------------------------

      Code (inc. data)   RO Data    RW Data    ZI Data      Debug   Library Member Name

        90          0          0          0          0          0   __dczerorl2.o
         8          0          0          0          0         68   __main.o
        52          8          0          0          0          0   __scatter.o
        28          0          0          0          0          0   __scatter_zi.o
        22          0          0          0          0        100   _rserrno.o
        12          0          0          0          0         72   exit.o
         6          0          0          0          0        152   heapauxi.o
         0          0          0          0          0          0   indicate_semi.o
         2          0          0          0          0          0   libinit.o
         2          0          0          0          0          0   libinit2.o
         2          0          0          0          0          0   libshutdown.o
         2          0          0          0          0          0   libshutdown2.o
         8          4          0          0         96         68   libspace.o
         8          4          0          0          0         68   rt_errno_addr_intlibspace.o
       138          0          0          0          0         68   rt_memcpy_v6.o
       100          0          0          0          0         80   rt_memcpy_w.o
         0          0          0          0          0          0   rtentry.o
        12          0          0          0          0          0   rtentry2.o
         6          0          0          0          0          0   rtentry4.o
         2          0          0          0          0          0   rtexit.o
        10          0          0          0          0          0   rtexit2.o
        12          4          0          0          0         68   sys_exit.o
        74          0          0          0          0         80   sys_stackheap_outer.o
         2          0          0          0          0         68   use_no_semi.o
        98          4          0          0          0         92   d2f.o
        16          4          0          0          0         68   dcheck1.o
        90          4          0          0          0         92   dfixu.o
        38          0          0          0          0         68   dflt_clz.o
       156          4          0          0          0         92   dnaninf.o
        12          0          0          0          0         68   dretinf.o
       180          4          0          0          0         80   drnd.o
        86          4          0          0          0         84   f2d.o
       430          8          0          0          0        168   faddsub_clz.o
        12          4          0          0          0         68   fcheck1.o
        24          0          0          0          0         68   fcmpi.o
       388         76          0          0          0         96   fdiv.o
        62          4          0          0          0         84   ffixu.o
        86          0          0          0          0        136   fflt_clz.o
       104          4          0          0          0         84   fleqf.o
       258          4          0          0          0         84   fmul.o
       140          4          0          0          0         84   fnaninf.o
        10          0          0          0          0         68   fretinf.o
        98          0          0          0          0         68   frleqf.o
       100          0          0          0          0         68   retnan.o
        92          0          0          0          0         68   scalbn.o
        76          0          0          0          0         68   scalbnf.o
        48          0          0          0          0         68   trapv.o
         0          0          0          0          0          0   usenofp.o
       404         42         64          0          0        144   logf.o
         4          0          0          0          0         68   rint.o

    ----------------------------------------------------------------------
      3630        190         64          0        100       3028   Library Totals
        20          0          0          0          4          0   (incl. Padding)

    ----------------------------------------------------------------------

      Code (inc. data)   RO Data    RW Data    ZI Data      Debug   Library Name

       598         20          0          0         96        892   c_w.l
      2604        128          0          0          0       1924   fz_ws.l
       408         42         64          0          0        212   m_ws.l

    ----------------------------------------------------------------------
      3630        190         64          0        100       3028   Library Totals

    ----------------------------------------------------------------------

==============================================================================


      Code (inc. data)   RO Data    RW Data    ZI Data      Debug   

     13042       1176       1210        300       2788     336402   Grand Totals
     13042       1176       1210         80       2788     336402   ELF Image Totals (compressed)
     13042       1176       1210         80          0          0   ROM Totals

==============================================================================

    Total RO  Size (Code + RO Data)                14252 (  13.92kB)
    Total RW  Size (RW Data + ZI Data)              3088 (   3.02kB)
    Total ROM Size (Code + RO Data + RW Data)      14332 (  14.00kB)

==============================================================================

