ARM Linker, 5.03 [Build 24] [MDK-ARM Standard]

==============================================================================

Section Cross References

    mb.o(i.eMBClose) refers to mb.o(.data) for .data
    mb.o(i.eMBDisable) refers to mb.o(.data) for .data
    mb.o(i.eMBEnable) refers to mb.o(.data) for .data
    mb.o(i.eMBInit) refers to mbrtu.o(i.eMBRTUInit) for eMBRTUInit
    mb.o(i.eMBInit) refers to modbus-port-stm32.o(i.xMBPortEventInit) for xMBPortEventInit
    mb.o(i.eMBInit) refers to mb.o(.data) for .data
    mb.o(i.eMBInit) refers to mbrtu.o(i.eMBRTUStart) for eMBRTUStart
    mb.o(i.eMBInit) refers to mbrtu.o(i.eMBRTUStop) for eMBRTUStop
    mb.o(i.eMBInit) refers to mbrtu.o(i.eMBRTUSend) for eMBRTUSend
    mb.o(i.eMBInit) refers to mbrtu.o(i.eMBRTUReceive) for eMBRTUReceive
    mb.o(i.eMBInit) refers to mbrtu.o(i.xMBRTUReceiveFSM) for xMBRTUReceiveFSM
    mb.o(i.eMBInit) refers to mbrtu.o(i.xMBRTUTransmitFSM) for xMBRTUTransmitFSM
    mb.o(i.eMBInit) refers to mbrtu.o(i.xMBRTUTimerT35Expired) for xMBRTUTimerT35Expired
    mb.o(i.eMBPoll) refers to modbus-port-stm32.o(i.xMBPortEventGet) for xMBPortEventGet
    mb.o(i.eMBPoll) refers to modbus-port-stm32.o(i.xMBPortEventPost) for xMBPortEventPost
    mb.o(i.eMBPoll) refers to mb.o(.data) for .data
    mb.o(i.eMBRegisterCB) refers to mb.o(.data) for .data
    mb.o(.data) refers to mbfuncother.o(i.eMBFuncReportSlaveID) for eMBFuncReportSlaveID
    mb.o(.data) refers to mbfuncinput.o(i.eMBFuncReadInputRegister) for eMBFuncReadInputRegister
    mb.o(.data) refers to mbfuncholding.o(i.eMBFuncReadHoldingRegister) for eMBFuncReadHoldingRegister
    mb.o(.data) refers to mbfuncholding.o(i.eMBFuncWriteMultipleHoldingRegister) for eMBFuncWriteMultipleHoldingRegister
    mb.o(.data) refers to mbfuncholding.o(i.eMBFuncWriteHoldingRegister) for eMBFuncWriteHoldingRegister
    mb.o(.data) refers to mbfuncholding.o(i.eMBFuncReadWriteMultipleHoldingRegister) for eMBFuncReadWriteMultipleHoldingRegister
    mb.o(.data) refers to mbfunccoils.o(i.eMBFuncReadCoils) for eMBFuncReadCoils
    mb.o(.data) refers to mbfunccoils.o(i.eMBFuncWriteCoil) for eMBFuncWriteCoil
    mb.o(.data) refers to mbfunccoils.o(i.eMBFuncWriteMultipleCoils) for eMBFuncWriteMultipleCoils
    mb.o(.data) refers to mbfuncdisc.o(i.eMBFuncReadDiscreteInputs) for eMBFuncReadDiscreteInputs
    mbfunccoils.o(i.eMBFuncReadCoils) refers to modbus-port-stm32.o(i.eMBRegCoilsCB) for eMBRegCoilsCB
    mbfunccoils.o(i.eMBFuncReadCoils) refers to mbutils.o(i.prveMBError2Exception) for prveMBError2Exception
    mbfunccoils.o(i.eMBFuncWriteCoil) refers to modbus-port-stm32.o(i.eMBRegCoilsCB) for eMBRegCoilsCB
    mbfunccoils.o(i.eMBFuncWriteCoil) refers to mbutils.o(i.prveMBError2Exception) for prveMBError2Exception
    mbfunccoils.o(i.eMBFuncWriteMultipleCoils) refers to modbus-port-stm32.o(i.eMBRegCoilsCB) for eMBRegCoilsCB
    mbfunccoils.o(i.eMBFuncWriteMultipleCoils) refers to mbutils.o(i.prveMBError2Exception) for prveMBError2Exception
    mbfuncdisc.o(i.eMBFuncReadDiscreteInputs) refers to modbus-port-stm32.o(i.eMBRegDiscreteCB) for eMBRegDiscreteCB
    mbfuncdisc.o(i.eMBFuncReadDiscreteInputs) refers to mbutils.o(i.prveMBError2Exception) for prveMBError2Exception
    mbfuncholding.o(i.eMBFuncReadHoldingRegister) refers to modbus-port-stm32.o(i.eMBRegHoldingCB) for eMBRegHoldingCB
    mbfuncholding.o(i.eMBFuncReadHoldingRegister) refers to mbutils.o(i.prveMBError2Exception) for prveMBError2Exception
    mbfuncholding.o(i.eMBFuncReadWriteMultipleHoldingRegister) refers to modbus-port-stm32.o(i.eMBRegHoldingCB) for eMBRegHoldingCB
    mbfuncholding.o(i.eMBFuncReadWriteMultipleHoldingRegister) refers to mbutils.o(i.prveMBError2Exception) for prveMBError2Exception
    mbfuncholding.o(i.eMBFuncWriteHoldingRegister) refers to modbus-port-stm32.o(i.eMBRegHoldingCB) for eMBRegHoldingCB
    mbfuncholding.o(i.eMBFuncWriteHoldingRegister) refers to mbutils.o(i.prveMBError2Exception) for prveMBError2Exception
    mbfuncholding.o(i.eMBFuncWriteMultipleHoldingRegister) refers to modbus-port-stm32.o(i.eMBRegHoldingCB) for eMBRegHoldingCB
    mbfuncholding.o(i.eMBFuncWriteMultipleHoldingRegister) refers to mbutils.o(i.prveMBError2Exception) for prveMBError2Exception
    mbfuncinput.o(i.eMBFuncReadInputRegister) refers to modbus-port-stm32.o(i.eMBRegInputCB) for eMBRegInputCB
    mbfuncinput.o(i.eMBFuncReadInputRegister) refers to mbutils.o(i.prveMBError2Exception) for prveMBError2Exception
    mbfuncother.o(i.eMBFuncReportSlaveID) refers to rt_memcpy_v6.o(.text) for __aeabi_memcpy
    mbfuncother.o(i.eMBFuncReportSlaveID) refers to mbfuncother.o(.data) for .data
    mbfuncother.o(i.eMBFuncReportSlaveID) refers to mbfuncother.o(.bss) for .bss
    mbfuncother.o(i.eMBSetSlaveID) refers to rt_memcpy_v6.o(.text) for __aeabi_memcpy
    mbfuncother.o(i.eMBSetSlaveID) refers to mbfuncother.o(.data) for .data
    mbfuncother.o(i.eMBSetSlaveID) refers to mbfuncother.o(.bss) for .bss
[...]
    .ARM.Collect$$libshutdown$$0000000F      0x0800019a   Section        2  libshutdown2.o(.ARM.Collect$$libshutdown$$0000000F)
    .ARM.Collect$$rtentry$$00000000          0x0800019c   Section        0  rtentry.o(.ARM.Collect$$rtentry$$00000000)
    .ARM.Collect$$rtentry$$00000002          0x0800019c   Section        0  rtentry2.o(.ARM.Collect$$rtentry$$00000002)
    .ARM.Collect$$rtentry$$00000004          0x0800019c   Section        6  rtentry4.o(.ARM.Collect$$rtentry$$00000004)
    .ARM.Collect$$rtentry$$00000009          0x080001a2   Section        0  rtentry2.o(.ARM.Collect$$rtentry$$00000009)
    .ARM.Collect$$rtentry$$0000000A          0x080001a2   Section        4  rtentry2.o(.ARM.Collect$$rtentry$$0000000A)
    .ARM.Collect$$rtentry$$0000000C          0x080001a6   Section        0  rtentry2.o(.ARM.Collect$$rtentry$$0000000C)
    .ARM.Collect$$rtentry$$0000000D          0x080001a6   Section        8  rtentry2.o(.ARM.Collect$$rtentry$$0000000D)
    .ARM.Collect$$rtexit$$00000000           0x080001ae   Section        2  rtexit.o(.ARM.Collect$$rtexit$$00000000)
    .ARM.Collect$$rtexit$$00000002           0x080001b0   Section        0  rtexit2.o(.ARM.Collect$$rtexit$$00000002)
    .ARM.Collect$$rtexit$$00000003           0x080001b0   Section        4  rtexit2.o(.ARM.Collect$$rtexit$$00000003)
    .ARM.Collect$$rtexit$$00000004           0x080001b4   Section        6  rtexit2.o(.ARM.Collect$$rtexit$$00000004)
    .emb_text                                0x080001bc   Section       46  bios.o(.emb_text)
    .text                                    0x080001ec   Section       60  startup_stm32f10x_md_vl.o(.text)
    .text                                    0x08000228   Section      138  rt_memcpy_v6.o(.text)
    .text                                    0x080002b2   Section        0  heapauxi.o(.text)
    .text                                    0x080002b8   Section        0  _rserrno.o(.text)
    .text                                    0x080002ce   Section      100  rt_memcpy_w.o(.text)
    .text                                    0x08000334   Section        8  rt_errno_addr_intlibspace.o(.text)
    .text                                    0x0800033c   Section        8  libspace.o(.text)
    .text                                    0x08000344   Section       74  sys_stackheap_outer.o(.text)
    .text                                    0x0800038e   Section        0  exit.o(.text)
    .text                                    0x0800039c   Section        0  sys_exit.o(.text)
    .text                                    0x080003a8   Section        2  use_no_semi.o(.text)
    .text                                    0x080003aa   Section        0  indicate_semi.o(.text)
    i.BIOS_Init                              0x080003ac   Section        0  bios.o(i.BIOS_Init)
    i.Convert7705                            0x08000468   Section        0  ad7705.o(i.Convert7705)
    i.DS18B20_1_Read                         0x08000498   Section        0  ds18b20.o(i.DS18B20_1_Read)
    i.DS18B20_2_Read                         0x080004a4   Section        0  ds18b20.o(i.DS18B20_2_Read)
    i.DS18B20_3_Read                         0x080004b0   Section        0  ds18b20.o(i.DS18B20_3_Read)
    i.DS18B20_4_Read                         0x080004bc   Section        0  ds18b20.o(i.DS18B20_4_Read)
    i.DS18B20_Load                           0x080004c8   Section        0  ds18b20.o(i.DS18B20_Load)
    DS18B20_Load                             0x080004c9   Thumb Code   116  ds18b20.o(i.DS18B20_Load)
    i.DS18B20_Read                           0x08000540   Section        0  ds18b20.o(i.DS18B20_Read)
    DS18B20_Read                             0x08000541   Thumb Code    32  ds18b20.o(i.DS18B20_Read)
    i.FM24C64_Load                           0x08000560   Section        0  fm24.o(i.FM24C64_Load)
    i.FM24C64_Save                           0x080005b8   Section        0  fm24.o(i.FM24C64_Save)
    i.Fan1_OutCmd                            0x08000600   Section        0  bios.o(i.Fan1_OutCmd)
    i.Fan2_OutCmd                            0x08000634   Section        0  bios.o(i.Fan2_OutCmd)
    i.FanSpeed_fetch                         0x08000668   Section        0  hcboxs.o(i.FanSpeed_fetch)
    i.HCBoxControl                           0x080006c8   Section        0  hcboxs.o(i.HCBoxControl)
    i.HCBoxCool_OutCmd                       0x08000758   Section        0  bios.o(i.HCBoxCool_OutCmd)
    i.HCBoxFan_OutCmd                        0x08000764   Section        0  bios.o(i.HCBoxFan_OutCmd)
    i.HCBoxFan_Update                        0x08000798   Section        0  hcboxs.o(i.HCBoxFan_Update)
    i.HCBoxHeat_OutCmd                       0x080007dc   Section        0  bios.o(i.HCBoxHeat_OutCmd)
    i.HCBoxTemp_Update                       0x080007e8   Section        0  hcboxs.o(i.HCBoxTemp_Update)
    i.HCBox_Cool                             0x08000828   Section        0  hcboxs.o(i.HCBox_Cool)
    HCBox_Cool                               0x08000829   Thumb Code   246  hcboxs.o(i.HCBox_Cool)
    i.HCBox_Heat                             0x08000940   Section        0  hcboxs.o(i.HCBox_Heat)
    HCBox_Heat                               0x08000941   Thumb Code   196  hcboxs.o(i.HCBox_Heat)
    i.HCBox_Output                           0x08000a20   Section        0  hcboxs.o(i.HCBox_Output)
    i.HCBox_Wait                             0x08000ae4   Section        0  hcboxs.o(i.HCBox_Wait)
    HCBox_Wait                               0x08000ae5   Thumb Code   188  hcboxs.o(i.HCBox_Wait)
    i.Heater_Exec                            0x08000bac   Section        0  main_kb6120c-sensor.o(i.Heater_Exec)
    Heater_Exec                              0x08000bad   Thumb Code    96  main_kb6120c-sensor.o(i.Heater_Exec)
    i.Heater_OutCmd                          0x08000c1c   Section        0  bios.o(i.Heater_OutCmd)
    i.Initialize7705                         0x08000c4c   Section        0  ad7705.o(i.Initialize7705)
    i.KB6120E_ConfigSelect                   0x08000cd8   Section        0  main_kb6120c-sensor.o(i.KB6120E_ConfigSelect)
    KB6120E_ConfigSelect                     0x08000cd9   Thumb Code   102  main_kb6120c-sensor.o(i.KB6120E_ConfigSelect)
    i.MB_485_Direct_Receive                  0x08000d44   Section        0  bios.o(i.MB_485_Direct_Receive)
    i.MB_485_Direct_Transmit                 0x08000d48   Section        0  bios.o(i.MB_485_Direct_Transmit)
    i.MODBUS_Init                            0x08000d54   Section        0  modbus-port-stm32.o(i.MODBUS_Init)
    i.MonitorTickInit                        0x08000d70   Section        0  bios.o(i.MonitorTickInit)
    i.MonitorTickTimeout                     0x08000da4   Section        0  bios.o(i.MonitorTickTimeout)
    i.MotorPWM_SetOutput                     0x08000db8   Section        0  bios.o(i.MotorPWM_SetOutput)
    i.MotorPower_OutCmd                      0x08000dd0   Section        0  bios.o(i.MotorPower_OutCmd)
    i.NVIC_EnableIRQ                         0x08000e00   Section        0  modbus-port-stm32.o(i.NVIC_EnableIRQ)
    NVIC_EnableIRQ                           0x08000e01   Thumb Code    24  modbus-port-stm32.o(i.NVIC_EnableIRQ)
    i.NVIC_SetPriority                       0x08000e18   Section        0  bios.o(i.NVIC_SetPriority)
    NVIC_SetPriority                         0x08000e19   Thumb Code    22  bios.o(i.NVIC_SetPriority)
    i.OW_1_Init                              0x08000e38   Section        0  bios.o(i.OW_1_Init)
    i.OW_1_Reset                             0x08000e78   Section        0  bios.o(i.OW_1_Reset)
    i.OW_1_Slot                              0x08000e84   Section        0  bios.o(i.OW_1_Slot)
    i.OW_2_Init                              0x08000e90   Section        0  bios.o(i.OW_2_Init)
    i.OW_2_Reset                             0x08000ecc   Section        0  bios.o(i.OW_2_Reset)
    i.OW_2_Slot                              0x08000ed8   Section        0  bios.o(i.OW_2_Slot)
    i.OW_3_Init                              0x08000ee4   Section        0  bios.o(i.OW_3_Init)
    i.OW_3_Reset                             0x08000f24   Section        0  bios.o(i.OW_3_Reset)
    i.OW_3_Slot                              0x08000f30   Section        0  bios.o(i.OW_3_Slot)
    i.OW_4_Init                              0x08000f3c   Section        0  bios.o(i.OW_4_Init)
    i.OW_4_Reset                             0x08000f7c   Section        0  bios.o(i.OW_4_Reset)
    i.OW_4_Slot                              0x08000f88   Section        0  bios.o(i.OW_4_Slot)
    i.OW_Slot8                               0x08000f94   Section        0  ds18b20.o(i.OW_Slot8)
    OW_Slot8                                 0x08000f95   Thumb Code    40  ds18b20.o(i.OW_Slot8)
    i.PWM1_SetOutput                         0x08000fbc   Section        0  bios.o(i.PWM1_SetOutput)
    i.PWM2_SetOutput                         0x08000fd4   Section        0  bios.o(i.PWM2_SetOutput)
    i.PWM3_SetOutput                         0x08000fec   Section        0  bios.o(i.PWM3_SetOutput)
    i.PWM4_SetOutput                         0x08001004   Section        0  bios.o(i.PWM4_SetOutput)
    i.PendSV_Handler                         0x0800101c   Section        0  modbus-port-stm32.o(i.PendSV_Handler)
    i.PowerAIR_OutCmd                        0x08001020   Section        0  bios.o(i.PowerAIR_OutCmd)
    i.Readout7705                            0x08001050   Section        0  ad7705.o(i.Readout7705)
    i.STM32_ADC1_Readout                     0x080010c0   Section        0  bios.o(i.STM32_ADC1_Readout)
    i.STM32_ADC_Init                         0x080010e8   Section        0  bios.o(i.STM32_ADC_Init)
    STM32_ADC_Init                           0x080010e9   Thumb Code   186  bios.o(i.STM32_ADC_Init)
    i.Select7705                             0x080011c4   Section        0  bios.o(i.Select7705)
    i.SetSysClockTo24                        0x0800122c   Section        0  bios.o(i.SetSysClockTo24)
    SetSysClockTo24                          0x0800122d   Thumb Code   130  bios.o(i.SetSysClockTo24)
    i.Slice0_Exec                            0x080012b4   Section        0  main_kb6120c-sensor.o(i.Slice0_Exec)
    Slice0_Exec                              0x080012b5   Thumb Code   262  main_kb6120c-sensor.o(i.Slice0_Exec)
    i.Slice1_Exec                            0x080013c8   Section        0  main_kb6120c-sensor.o(i.Slice1_Exec)
    Slice1_Exec                              0x080013c9   Thumb Code   112  main_kb6120c-sensor.o(i.Slice1_Exec)
    i.Slice2_Exec                            0x08001444   Section        0  main_kb6120c-sensor.o(i.Slice2_Exec)
    Slice2_Exec                              0x08001445   Thumb Code    68  main_kb6120c-sensor.o(i.Slice2_Exec)
    i.SysTick_Handler                        0x08001498   Section        0  bios.o(i.SysTick_Handler)
    i.SystemInit                             0x080014c0   Section        0  bios.o(i.SystemInit)
    i.TIM15_Configure                        0x08001514   Section        0  bios.o(i.TIM15_Configure)
    i.TIM3_Configure                         0x08001588   Section        0  bios.o(i.TIM3_Configure)
    TIM3_Configure                           0x08001589   Thumb Code    90  bios.o(i.TIM3_Configure)
    i.TIM4_IRQHandler                        0x080015f4   Section        0  modbus-port-stm32.o(i.TIM4_IRQHandler)
    i.USART1_IRQHandler                      0x08001614   Section        0  modbus-port-stm32.o(i.USART1_IRQHandler)
    i.Update_CH0                             0x0800166c   Section        0  main_kb6120c-sensor.o(i.Update_CH0)
    i.Update_CH1                             0x080016ec   Section        0  main_kb6120c-sensor.o(i.Update_CH1)
    i._CV_NTC10K                             0x0800176c   Section        0  sensor.o(i._CV_NTC10K)
    _CV_NTC10K                               0x0800176d   Thumb Code    70  sensor.o(i._CV_NTC10K)
    i._Convert7705                           0x080017c8   Section        0  ad7705.o(i._Convert7705)
    _Convert7705                             0x080017c9   Thumb Code    94  ad7705.o(i._Convert7705)
    i._OW_1_Reset                            0x08001828   Section        0  bios.o(i._OW_1_Reset)
    _OW_1_Reset                              0x08001829   Thumb Code    56  bios.o(i._OW_1_Reset)
    i._OW_1_Slot                             0x08001864   Section        0  bios.o(i._OW_1_Slot)
    _OW_1_Slot                               0x08001865   Thumb Code    62  bios.o(i._OW_1_Slot)
    i._OW_2_Reset                            0x080018a8   Section        0  bios.o(i._OW_2_Reset)
    _OW_2_Reset                              0x080018a9   Thumb Code    56  bios.o(i._OW_2_Reset)
    i._OW_2_Slot                             0x080018e4   Section        0  bios.o(i._OW_2_Slot)
    _OW_2_Slot                               0x080018e5   Thumb Code    62  bios.o(i._OW_2_Slot)
    i._OW_3_Reset                            0x08001928   Section        0  bios.o(i._OW_3_Reset)
    _OW_3_Reset                              0x08001929   Thumb Code    56  bios.o(i._OW_3_Reset)
    i._OW_3_Slot                             0x08001964   Section        0  bios.o(i._OW_3_Slot)
    _OW_3_Slot                               0x08001965   Thumb Code    62  bios.o(i._OW_3_Slot)
    i._OW_4_Reset                            0x080019a8   Section        0  bios.o(i._OW_4_Reset)
    _OW_4_Reset                              0x080019a9   Thumb Code    56  bios.o(i._OW_4_Reset)
    i._OW_4_Slot                             0x080019e4   Section        0  bios.o(i._OW_4_Slot)
    _OW_4_Slot                               0x080019e5   Thumb Code    62  bios.o(i._OW_4_Slot)
    i.bus_SPI1xPortInit                      0x08001a28   Section        0  bios.o(i.bus_SPI1xPortInit)
    i.bus_SPI1xShift                         0x08001a88   Section        0  bios.o(i.bus_SPI1xShift)
    i.bus_i2c_shin                           0x08001a9c   Section        0  bios.o(i.bus_i2c_shin)
    i.bus_i2c_shout                          0x08001b08   Section        0  bios.o(i.bus_i2c_shout)
    i.bus_i2c_start                          0x08001b6c   Section        0  bios.o(i.bus_i2c_start)
    i.bus_i2c_stop                           0x08001be0   Section        0  bios.o(i.bus_i2c_stop)
    i.delay                                  0x08001c08   Section        0  bios.o(i.delay)
    i.delay_us                               0x08001c24   Section        0  bios.o(i.delay_us)
    i.eMBEnable                              0x08001c54   Section        0  mb.o(i.eMBEnable)
    i.eMBFuncReadCoils                       0x08001c74   Section        0  mbfunccoils.o(i.eMBFuncReadCoils)
    i.eMBFuncReadDiscreteInputs              0x08001ce6   Section        0  mbfuncdisc.o(i.eMBFuncReadDiscreteInputs)
    i.eMBFuncReadHoldingRegister             0x08001d58   Section        0  mbfuncholding.o(i.eMBFuncReadHoldingRegister)
    i.eMBFuncReadInputRegister               0x08001db4   Section        0  mbfuncinput.o(i.eMBFuncReadInputRegister)
    i.eMBFuncReadWriteMultipleHoldingRegister 0x08001e14   Section        0  mbfuncholding.o(i.eMBFuncReadWriteMultipleHoldingRegister)
    i.eMBFuncReportSlaveID                   0x08001eb0   Section        0  mbfuncother.o(i.eMBFuncReportSlaveID)
    i.eMBFuncWriteCoil                       0x08001eec   Section        0  mbfunccoils.o(i.eMBFuncWriteCoil)
    i.eMBFuncWriteHoldingRegister            0x08001f42   Section        0  mbfuncholding.o(i.eMBFuncWriteHoldingRegister)
    i.eMBFuncWriteMultipleCoils              0x08001f74   Section        0  mbfunccoils.o(i.eMBFuncWriteMultipleCoils)
    i.eMBFuncWriteMultipleHoldingRegister    0x08001fd8   Section        0  mbfuncholding.o(i.eMBFuncWriteMultipleHoldingRegister)
    i.eMBInit                                0x08002028   Section        0  mb.o(i.eMBInit)
    i.eMBPoll                                0x080020a8   Section        0  mb.o(i.eMBPoll)
    i.eMBRTUInit                             0x08002158   Section        0  mbrtu.o(i.eMBRTUInit)
    i.eMBRTUReceive                          0x08002190   Section        0  mbrtu.o(i.eMBRTUReceive)
    i.eMBRTUSend                             0x080021d4   Section        0  mbrtu.o(i.eMBRTUSend)
    i.eMBRTUStart                            0x0800222c   Section        0  mbrtu.o(i.eMBRTUStart)
    i.eMBRTUStop                             0x08002248   Section        0  mbrtu.o(i.eMBRTUStop)
    i.eMBRegCoilsCB                          0x0800225c   Section        0  modbus-port-stm32.o(i.eMBRegCoilsCB)
    i.eMBRegDiscreteCB                       0x080022d0   Section        0  modbus-port-stm32.o(i.eMBRegDiscreteCB)
    i.eMBRegHoldingCB                        0x0800231c   Section        0  modbus-port-stm32.o(i.eMBRegHoldingCB)
    i.eMBRegInputCB                          0x080023c0   Section        0  modbus-port-stm32.o(i.eMBRegInputCB)
    i.get_HCBoxFanSpeed                      0x080023fc   Section        0  hcboxs.o(i.get_HCBoxFanSpeed)
    i.get_HCBoxOutput                        0x08002400   Section        0  hcboxs.o(i.get_HCBoxOutput)
    i.get_HCBoxTemp                          0x0800240c   Section        0  hcboxs.o(i.get_HCBoxTemp)
    i.get_NTC1_Temp                          0x0800242c   Section        0  sensor.o(i.get_NTC1_Temp)
    i.get_NTC2_Temp                          0x0800243c   Section        0  sensor.o(i.get_NTC2_Temp)
    i.logf                                   0x0800244c   Section        0  logf.o(i.logf)
    i.main                                   0x080025e0   Section        0  main_kb6120c-sensor.o(i.main)
    i.prveMBError2Exception                  0x0800266c   Section        0  mbutils.o(i.prveMBError2Exception)
    i.rint                                   0x08002684   Section        0  rint.o(i.rint)
    i.set_HCBoxTemp                          0x08002688   Section        0  hcboxs.o(i.set_HCBoxTemp)
    i.usMBCRC16                              0x08002694   Section        0  mbcrc.o(i.usMBCRC16)
    i.vMBPortSerialEnable                    0x080026c4   Section        0  modbus-port-stm32.o(i.vMBPortSerialEnable)
    i.vMBPortTimersDisable                   0x08002700   Section        0  modbus-port-stm32.o(i.vMBPortTimersDisable)
    i.vMBPortTimersEnable                    0x08002730   Section        0  modbus-port-stm32.o(i.vMBPortTimersEnable)
    i.xMBPortEventGet                        0x08002760   Section        0  modbus-port-stm32.o(i.xMBPortEventGet)
    i.xMBPortEventInit                       0x0800277c   Section        0  modbus-port-stm32.o(i.xMBPortEventInit)
    i.xMBPortEventPost                       0x0800278c   Section        0  modbus-port-stm32.o(i.xMBPortEventPost)
    i.xMBPortSerialGetByte                   0x080027a8   Section        0  modbus-port-stm32.o(i.xMBPortSerialGetByte)
    i.xMBPortSerialInit                      0x080027b8   Section        0  modbus-port-stm32.o(i.xMBPortSerialInit)
    i.xMBPortSerialPutByte                   0x0800286c   Section        0  modbus-port-stm32.o(i.xMBPortSerialPutByte)
    i.xMBPortTimersInit                      0x08002878   Section        0  modbus-port-stm32.o(i.xMBPortTimersInit)
    i.xMBRTUReceiveFSM                       0x080028c8   Section        0  mbrtu.o(i.xMBRTUReceiveFSM)
    i.xMBRTUTimerT35Expired                  0x08002928   Section        0  mbrtu.o(i.xMBRTUTimerT35Expired)
    i.xMBRTUTransmitFSM                      0x08002950   Section        0  mbrtu.o(i.xMBRTUTransmitFSM)
    i.xMBUtilGetBits                         0x080029a0   Section        0  mbutils.o(i.xMBUtilGetBits)
    i.xMBUtilSetBits                         0x080029c2   Section        0  mbutils.o(i.xMBUtilSetBits)
    x$fpl$d2f                                0x080029ec   Section       98  d2f.o(x$fpl$d2f)
    x$fpl$dcheck1                            0x08002a50   Section       16  dcheck1.o(x$fpl$dcheck1)
    x$fpl$dfixu                              0x08002a60   Section       90  dfixu.o(x$fpl$dfixu)
    x$fpl$dfltu                              0x08002aba   Section       38  dflt_clz.o(x$fpl$dfltu)
    x$fpl$dnaninf                            0x08002ae0   Section      156  dnaninf.o(x$fpl$dnaninf)
    x$fpl$dretinf                            0x08002b7c   Section       12  dretinf.o(x$fpl$dretinf)
    x$fpl$drnd                               0x08002b88   Section      180  drnd.o(x$fpl$drnd)
    x$fpl$f2d                                0x08002c3c   Section       86  f2d.o(x$fpl$f2d)
    x$fpl$fadd                               0x08002c94   Section      196  faddsub_clz.o(x$fpl$fadd)
    _fadd1                                   0x08002ca3   Thumb Code     0  faddsub_clz.o(x$fpl$fadd)
    x$fpl$fcheck1                            0x08002d58   Section       12  fcheck1.o(x$fpl$fcheck1)
    x$fpl$fcmpinf                            0x08002d64   Section       24  fcmpi.o(x$fpl$fcmpinf)
    x$fpl$fdiv                               0x08002d7c   Section      388  fdiv.o(x$fpl$fdiv)
    _fdiv1                                   0x08002d7d   Thumb Code     0  fdiv.o(x$fpl$fdiv)
    x$fpl$ffixu                              0x08002f00   Section       62  ffixu.o(x$fpl$ffixu)
    x$fpl$fflt                               0x08002f40   Section       48  fflt_clz.o(x$fpl$fflt)
    x$fpl$ffltu                              0x08002f70   Section       38  fflt_clz.o(x$fpl$ffltu)
    x$fpl$fleqf                              0x08002f98   Section      104  fleqf.o(x$fpl$fleqf)
    x$fpl$fmul                               0x08003000   Section      258  fmul.o(x$fpl$fmul)
    x$fpl$fnaninf                            0x08003102   Section      140  fnaninf.o(x$fpl$fnaninf)
    x$fpl$fretinf                            0x0800318e   Section       10  fretinf.o(x$fpl$fretinf)
    x$fpl$frleqf                             0x08003198   Section       98  frleqf.o(x$fpl$frleqf)
    x$fpl$fsub                               0x080031fc   Section      234  faddsub_clz.o(x$fpl$fsub)
    _fsub1                                   0x0800320b   Thumb Code     0  faddsub_clz.o(x$fpl$fsub)
    x$fpl$retnan                             0x080032e6   Section      100  retnan.o(x$fpl$retnan)
    x$fpl$scalbn                             0x0800334a   Section       92  scalbn.o(x$fpl$scalbn)
    x$fpl$scalbnf                            0x080033a6   Section       76  scalbnf.o(x$fpl$scalbnf)
    x$fpl$trapveneer                         0x080033f2   Section       48  trapv.o(x$fpl$trapveneer)
    .constdata                               0x08003422   Section      512  mbcrc.o(.constdata)
    x$fpl$usenofp                            0x08003422   Section        0  usenofp.o(x$fpl$usenofp)
    aucCRCHi                                 0x08003422   Data         256  mbcrc.o(.constdata)
    aucCRCLo                                 0x08003522   Data         256  mbcrc.o(.constdata)
    .constdata                               0x08003622   Section       10  ad7705.o(.constdata)
    Cfg7705                                  0x08003622   Data          10  ad7705.o(.constdata)
    .constdata                               0x0800362c   Section      304  ds18b20.o(.constdata)
    DallasCRC8                               0x0800365c   Data         256  ds18b20.o(.constdata)
    .constdata                               0x0800375c   Section       64  logf.o(.constdata)
    logahi                                   0x0800375c   Data          32  logf.o(.constdata)
    logalo                                   0x0800377c   Data          32  logf.o(.constdata)
    .data                                    0x20000000   Section      172  mb.o(.data)
    eMBState                                 0x20000000   Data           1  mb.o(.data)
    ucRcvAddress                             0x20000001   Data           1  mb.o(.data)
    ucFunctionCode                           0x20000002   Data           1  mb.o(.data)
    eException                               0x20000003   Data           1  mb.o(.data)
    ucMBAddress                              0x20000004   Data           1  mb.o(.data)
    eMBCurrentMode                           0x20000005   Data           1  mb.o(.data)
    usLength                                 0x20000006   Data           2  mb.o(.data)
    ucMBFrame                                0x20000008   Data           4  mb.o(.data)
    peMBFrameSendCur                         0x2000000c   Data           4  mb.o(.data)
    pvMBFrameStartCur                        0x20000010   Data           4  mb.o(.data)
    pvMBFrameStopCur                         0x20000014   Data           4  mb.o(.data)
    peMBFrameReceiveCur                      0x20000018   Data           4  mb.o(.data)
    pvMBFrameCloseCur                        0x2000001c   Data           4  mb.o(.data)
    xFuncHandlers                            0x2000002c   Data         128  mb.o(.data)
    .data                                    0x200000ac   Section        2  mbfuncother.o(.data)
    usMBSlaveIDLen                           0x200000ac   Data           2  mbfuncother.o(.data)
    .data                                    0x200000b0   Section       12  mbrtu.o(.data)
    eSndState                                0x200000b0   Data           1  mbrtu.o(.data)
    eRcvState                                0x200000b1   Data           1  mbrtu.o(.data)
    usSndBufferCount                         0x200000b2   Data           2  mbrtu.o(.data)
    usRcvBufferPos                           0x200000b4   Data           2  mbrtu.o(.data)
    pucSndBufferCur                          0x200000b8   Data           4  mbrtu.o(.data)
    .data                                    0x200000bc   Section       12  modbus-port-stm32.o(.data)
    eQueuedEvent                             0x200000bc   Data           1  modbus-port-stm32.o(.data)
    xEventInQueue                            0x200000bd   Data           1  modbus-port-stm32.o(.data)
    .data                                    0x200000c8   Section       32  bios.o(.data)
    HCBoxtick                                0x200000d0   Data           4  bios.o(.data)
    m_tick                                   0x200000d4   Data           4  bios.o(.data)
    .data                                    0x200000e8   Section       56  hcboxs.o(.data)
    fanCountList_index                       0x200000e8   Data           1  hcboxs.o(.data)
    Shut_DelayHeat                           0x200000ec   Data           2  hcboxs.o(.data)
    Shut_DelayCool                           0x200000ee   Data           2  hcboxs.o(.data)
    Ek_1                                     0x200000f0   Data           4  hcboxs.o(.data)
    Ek                                       0x200000f4   Data           4  hcboxs.o(.data)
    Up                                       0x200000f8   Data           4  hcboxs.o(.data)
    Ui                                       0x200000fc   Data           4  hcboxs.o(.data)
    Ud                                       0x20000100   Data           4  hcboxs.o(.data)
    Upid                                     0x20000104   Data           4  hcboxs.o(.data)
    Ek_1                                     0x20000108   Data           4  hcboxs.o(.data)
    Ek                                       0x2000010c   Data           4  hcboxs.o(.data)
    Up                                       0x20000110   Data           4  hcboxs.o(.data)
    Ui                                       0x20000114   Data           4  hcboxs.o(.data)
    Ud                                       0x20000118   Data           4  hcboxs.o(.data)
    Upid                                     0x2000011c   Data           4  hcboxs.o(.data)
    .data                                    0x20000120   Section        6  main_kb6120c-sensor.o(.data)
    OutState                                 0x20000120   Data           1  main_kb6120c-sensor.o(.data)
    OutState                                 0x20000121   Data           1  main_kb6120c-sensor.o(.data)
    iRetry                                   0x20000124   Data           2  main_kb6120c-sensor.o(.data)
    .data                                    0x20000126   Section        2  main_kb6120c-sensor.o(.data)
    .bss                                     0x20000128   Section       32  mbfuncother.o(.bss)
    ucMBSlaveID                              0x20000128   Data          32  mbfuncother.o(.bss)
    .bss                                     0x20000148   Section      256  mbrtu.o(.bss)
    .bss                                     0x20000248   Section      160  modbus-port-stm32.o(.bss)
    .bss                                     0x200002e8   Section       80  bios.o(.bss)
    .bss                                     0x20000338   Section       30  hcboxs.o(.bss)
    fanCountList                             0x20000348   Data          14  hcboxs.o(.bss)
    .bss                                     0x20000358   Section       80  main_kb6120c-sensor.o(.bss)
    Sum7705_CH1                              0x20000358   Data          80  main_kb6120c-sensor.o(.bss)
    .bss                                     0x200003a8   Section       96  libspace.o(.bss)
    HEAP                                     0x20000408   Section        0  startup_stm32f10x_md_vl.o(HEAP)
    STACK                                    0x20000408   Section     2048  startup_stm32f10x_md_vl.o(STACK)
    Heap_Mem                                 0x20000408   Data           0  startup_stm32f10x_md_vl.o(HEAP)
    Stack_Mem                                0x20000408   Data        2048  startup_stm32f10x_md_vl.o(STACK)
    __initial_sp                             0x20000c08   Data           0  startup_stm32f10x_md_vl.o(STACK)

    Global Symbols

    Symbol Name                              Value     Ov Type        Size  Object(Section)

    BuildAttributes$$THM_ISAv4$P$D$K$B$S$PE$A:L22UL41UL21$X:L11$S22US41US21$IEEE1$IW$USESV6$~STKCKD$USESV7$~SHL$OTIME$ROPI$IEEEJ$EBA8$UX$STANDARDLIB$REQ8$EABIv2 0x00000000   Number         0  anon$$obj.o ABSOLUTE
    __ARM_use_no_argv                        0x00000000   Number         0  main_kb6120c-sensor.o ABSOLUTE
    __ARM_exceptions_init                     - Undefined Weak Reference
    __alloca_initialize                       - Undefined Weak Reference
    __cpp_initialize__aeabi_                  - Undefined Weak Reference
    __cxa_finalize                            - Undefined Weak Reference
    __rt_locale                               - Undefined Weak Reference
    __sigvec_lookup                           - Undefined Weak Reference
    _atexit_init                              - Undefined Weak Reference
    _call_atexit_fns                          - Undefined Weak Reference
    _clock_init                               - Undefined Weak Reference
    _fp_trap_init                             - Undefined Weak Reference
    _fp_trap_shutdown                         - Undefined Weak Reference
    _get_lc_collate                           - Undefined Weak Reference
    _get_lc_ctype                             - Undefined Weak Reference
    _get_lc_monetary                          - Undefined Weak Reference
    _get_lc_numeric                           - Undefined Weak Reference
    _get_lc_time                              - Undefined Weak Reference
    _getenv_init                              - Undefined Weak Reference
    _handle_redirection                       - Undefined Weak Reference
    _init_alloc                               - Undefined Weak Reference
    _init_user_alloc                          - Undefined Weak Reference
    _initio                                   - Undefined Weak Reference
    _rand_init                                - Undefined Weak Reference
    _signal_finish                            - Undefined Weak Reference
    _signal_init                              - Undefined Weak Reference
    _terminate_alloc                          - Undefined Weak Reference
    _terminate_user_alloc                     - Undefined Weak Reference
    _terminateio                              - Undefined Weak Reference
    __Vectors_Size                           0x00000120   Number         0  startup_stm32f10x_md_vl.o ABSOLUTE
    __Vectors                                0x08000000   Data           4  startup_stm32f10x_md_vl.o(RESET)
    __Vectors_End                            0x08000120   Data           0  startup_stm32f10x_md_vl.o(RESET)
    __main                                   0x08000121   Thumb Code     8  __main.o(!!!main)
    __scatterload                            0x08000129   Thumb Code     0  __scatter.o(!!!scatter)
    __scatterload_rt2                        0x08000129   Thumb Code    44  __scatter.o(!!!scatter)
    __scatterload_rt2_thumb_only             0x08000129   Thumb Code     0  __scatter.o(!!!scatter)
    __scatterload_null                       0x08000137   Thumb Code     0  __scatter.o(!!!scatter)
    __scatterload_copy                       0x0800015d   Thumb Code    26  __scatter_copy.o(!!handler_copy)
    __scatterload_zeroinit                   0x08000179   Thumb Code    28  __scatter_zi.o(!!handler_zi)
    __rt_lib_init                            0x08000195   Thumb Code     0  libinit.o(.ARM.Collect$$libinit$$00000000)
    __rt_lib_init_alloca_1                   0x08000197   Thumb Code     0  libinit2.o(.ARM.Collect$$libinit$$0000002C)
    __rt_lib_init_argv_1                     0x08000197   Thumb Code     0  libinit2.o(.ARM.Collect$$libinit$$0000002A)
    __rt_lib_init_atexit_1                   0x08000197   Thumb Code     0  libinit2.o(.ARM.Collect$$libinit$$00000019)
    __rt_lib_init_clock_1                    0x08000197   Thumb Code     0  libinit2.o(.ARM.Collect$$libinit$$0000001F)
    __rt_lib_init_cpp_1                      0x08000197   Thumb Code     0  libinit2.o(.ARM.Collect$$libinit$$00000030)
    __rt_lib_init_exceptions_1               0x08000197   Thumb Code     0  libinit2.o(.ARM.Collect$$libinit$$0000002E)
    __rt_lib_init_fp_1                       0x08000197   Thumb Code     0  libinit2.o(.ARM.Collect$$libinit$$00000002)
    __rt_lib_init_fp_trap_1                  0x08000197   Thumb Code     0  libinit2.o(.ARM.Collect$$libinit$$0000001D)
    __rt_lib_init_getenv_1                   0x08000197   Thumb Code     0  libinit2.o(.ARM.Collect$$libinit$$00000021)
    __rt_lib_init_heap_1                     0x08000197   Thumb Code     0  libinit2.o(.ARM.Collect$$libinit$$00000008)
    __rt_lib_init_lc_collate_1               0x08000197   Thumb Code     0  libinit2.o(.ARM.Collect$$libinit$$0000000F)
    __rt_lib_init_lc_ctype_1                 0x08000197   Thumb Code     0  libinit2.o(.ARM.Collect$$libinit$$00000011)
    __rt_lib_init_lc_monetary_1              0x08000197   Thumb Code     0  libinit2.o(.ARM.Collect$$libinit$$00000013)
    __rt_lib_init_lc_numeric_1               0x08000197   Thumb Code     0  libinit2.o(.ARM.Collect$$libinit$$00000015)
    __rt_lib_init_lc_time_1                  0x08000197   Thumb Code     0  libinit2.o(.ARM.Collect$$libinit$$00000017)
    __rt_lib_init_rand_1                     0x08000197   Thumb Code     0  libinit2.o(.ARM.Collect$$libinit$$0000000C)
    __rt_lib_init_return                     0x08000197   Thumb Code     0  libinit2.o(.ARM.Collect$$libinit$$00000031)
    __rt_lib_init_signal_1                   0x08000197   Thumb Code     0  libinit2.o(.ARM.Collect$$libinit$$0000001B)
    __rt_lib_init_stdio_1                    0x08000197   Thumb Code     0  libinit2.o(.ARM.Collect$$libinit$$00000023)
    __rt_lib_init_user_alloc_1               0x08000197   Thumb Code     0  libinit2.o(.ARM.Collect$$libinit$$0000000A)
    __rt_lib_shutdown                        0x08000199   Thumb Code     0  libshutdown.o(.ARM.Collect$$libshutdown$$00000000)
    __rt_lib_shutdown_fp_trap_1              0x0800019b   Thumb Code     0  libshutdown2.o(.ARM.Collect$$libshutdown$$00000006)
    __rt_lib_shutdown_heap_1                 0x0800019b   Thumb Code     0  libshutdown2.o(.ARM.Collect$$libshutdown$$0000000E)
    __rt_lib_shutdown_return                 0x0800019b   Thumb Code     0  libshutdown2.o(.ARM.Collect$$libshutdown$$0000000F)
    __rt_lib_shutdown_signal_1               0x0800019b   Thumb Code     0  libshutdown2.o(.ARM.Collect$$libshutdown$$00000009)
    __rt_lib_shutdown_stdio_1                0x0800019b   Thumb Code     0  libshutdown2.o(.ARM.Collect$$libshutdown$$00000003)
    __rt_lib_shutdown_user_alloc_1           0x0800019b   Thumb Code     0  libshutdown2.o(.ARM.Collect$$libshutdown$$0000000B)
    __rt_entry                               0x0800019d   Thumb Code     0  rtentry.o(.ARM.Collect$$rtentry$$00000000)
    __rt_entry_presh_1                       0x0800019d   Thumb Code     0  rtentry2.o(.ARM.Collect$$rtentry$$00000002)
    __rt_entry_sh                            0x0800019d   Thumb Code     0  rtentry4.o(.ARM.Collect$$rtentry$$00000004)
    __rt_entry_li                            0x080001a3   Thumb Code     0  rtentry2.o(.ARM.Collect$$rtentry$$0000000A)
    __rt_entry_postsh_1                      0x080001a3   Thumb Code     0  rtentry2.o(.ARM.Collect$$rtentry$$00000009)
    __rt_entry_main                          0x080001a7   Thumb Code     0  rtentry2.o(.ARM.Collect$$rtentry$$0000000D)
    __rt_entry_postli_1                      0x080001a7   Thumb Code     0  rtentry2.o(.ARM.Collect$$rtentry$$0000000C)
    __rt_exit                                0x080001af   Thumb Code     0  rtexit.o(.ARM.Collect$$rtexit$$00000000)
    __rt_exit_ls                             0x080001b1   Thumb Code     0  rtexit2.o(.ARM.Collect$$rtexit$$00000003)
    __rt_exit_prels_1                        0x080001b1   Thumb Code     0  rtexit2.o(.ARM.Collect$$rtexit$$00000002)
    __rt_exit_exit                           0x080001b5   Thumb Code     0  rtexit2.o(.ARM.Collect$$rtexit$$00000004)
    SVC_Handler                              0x080001bd   Thumb Code    46  bios.o(.emb_text)
    Reset_Handler                            0x080001ed   Thumb Code     8  startup_stm32f10x_md_vl.o(.text)
    NMI_Handler                              0x080001f5   Thumb Code     2  startup_stm32f10x_md_vl.o(.text)
    HardFault_Handler                        0x080001f7   Thumb Code     2  startup_stm32f10x_md_vl.o(.text)
    MemManage_Handler                        0x080001f9   Thumb Code     2  startup_stm32f10x_md_vl.o(.text)
    BusFault_Handler                         0x080001fb   Thumb Code     2  startup_stm32f10x_md_vl.o(.text)
    UsageFault_Handler                       0x080001fd   Thumb Code     2  startup_stm32f10x_md_vl.o(.text)
    DebugMon_Handler                         0x08000201   Thumb Code     2  startup_stm32f10x_md_vl.o(.text)
    ADC1_IRQHandler                          0x08000207   Thumb Code     0  startup_stm32f10x_md_vl.o(.text)
    CEC_IRQHandler                           0x08000207   Thumb Code     0  startup_stm32f10x_md_vl.o(.text)
    DMA1_Channel1_IRQHandler                 0x08000207   Thumb Code     0  startup_stm32f10x_md_vl.o(.text)
    DMA1_Channel2_IRQHandler                 0x08000207   Thumb Code     0  startup_stm32f10x_md_vl.o(.text)
    DMA1_Channel3_IRQHandler                 0x08000207   Thumb Code     0  startup_stm32f10x_md_vl.o(.text)
    DMA1_Channel4_IRQHandler                 0x08000207   Thumb Code     0  startup_stm32f10x_md_vl.o(.text)
    DMA1_Channel5_IRQHandler                 0x08000207   Thumb Code     0  startup_stm32f10x_md_vl.o(.text)
    DMA1_Channel6_IRQHandler                 0x08000207   Thumb Code     0  startup_stm32f10x_md_vl.o(.text)
    DMA1_Channel7_IRQHandler                 0x08000207   Thumb Code     0  startup_stm32f10x_md_vl.o(.text)
    EXTI0_IRQHandler                         0x08000207   Thumb Code     0  startup_stm32f10x_md_vl.o(.text)
    EXTI15_10_IRQHandler                     0x08000207   Thumb Code     0  startup_stm32f10x_md_vl.o(.text)
    EXTI1_IRQHandler                         0x08000207   Thumb Code     0  startup_stm32f10x_md_vl.o(.text)
    EXTI2_IRQHandler                         0x08000207   Thumb Code     0  startup_stm32f10x_md_vl.o(.text)
    EXTI3_IRQHandler                         0x08000207   Thumb Code     0  startup_stm32f10x_md_vl.o(.text)
    EXTI4_IRQHandler                         0x08000207   Thumb Code     0  startup_stm32f10x_md_vl.o(.text)
    EXTI9_5_IRQHandler                       0x08000207   Thumb Code     0  startup_stm32f10x_md_vl.o(.text)
    FLASH_IRQHandler                         0x08000207   Thumb Code     0  startup_stm32f10x_md_vl.o(.text)
    I2C1_ER_IRQHandler                       0x08000207   Thumb Code     0  startup_stm32f10x_md_vl.o(.text)
    I2C1_EV_IRQHandler                       0x08000207   Thumb Code     0  startup_stm32f10x_md_vl.o(.text)
    I2C2_ER_IRQHandler                       0x08000207   Thumb Code     0  startup_stm32f10x_md_vl.o(.text)
    I2C2_EV_IRQHandler                       0x08000207   Thumb Code     0  startup_stm32f10x_md_vl.o(.text)
    PVD_IRQHandler                           0x08000207   Thumb Code     0  startup_stm32f10x_md_vl.o(.text)
    RCC_IRQHandler                           0x08000207   Thumb Code     0  startup_stm32f10x_md_vl.o(.text)
    RTCAlarm_IRQHandler                      0x08000207   Thumb Code     0  startup_stm32f10x_md_vl.o(.text)
    RTC_IRQHandler                           0x08000207   Thumb Code     0  startup_stm32f10x_md_vl.o(.text)
    SPI1_IRQHandler                          0x08000207   Thumb Code     0  startup_stm32f10x_md_vl.o(.text)
    SPI2_IRQHandler                          0x08000207   Thumb Code     0  startup_stm32f10x_md_vl.o(.text)
    TAMPER_IRQHandler                        0x08000207   Thumb Code     0  startup_stm32f10x_md_vl.o(.text)
    TIM1_BRK_TIM15_IRQHandler                0x08000207   Thumb Code     0  startup_stm32f10x_md_vl.o(.text)
    TIM1_CC_IRQHandler                       0x08000207   Thumb Code     0  startup_stm32f10x_md_vl.o(.text)
    TIM1_TRG_COM_TIM17_IRQHandler            0x08000207   Thumb Code     0  startup_stm32f10x_md_vl.o(.text)
    TIM1_UP_TIM16_IRQHandler                 0x08000207   Thumb Code     0  startup_stm32f10x_md_vl.o(.text)
    TIM2_IRQHandler                          0x08000207   Thumb Code     0  startup_stm32f10x_md_vl.o(.text)
    TIM3_IRQHandler                          0x08000207   Thumb Code     0  startup_stm32f10x_md_vl.o(.text)
    TIM6_DAC_IRQHandler                      0x08000207   Thumb Code     0  startup_stm32f10x_md_vl.o(.text)
    TIM7_IRQHandler                          0x08000207   Thumb Code     0  startup_stm32f10x_md_vl.o(.text)
    USART2_IRQHandler                        0x08000207   Thumb Code     0  startup_stm32f10x_md_vl.o(.text)
    USART3_IRQHandler                        0x08000207   Thumb Code     0  startup_stm32f10x_md_vl.o(.text)
    WWDG_IRQHandler                          0x08000207   Thumb Code     0  startup_stm32f10x_md_vl.o(.text)
    __user_initial_stackheap                 0x08000209   Thumb Code     0  startup_stm32f10x_md_vl.o(.text)
    __aeabi_memcpy                           0x08000229   Thumb Code     0  rt_memcpy_v6.o(.text)
    __rt_memcpy                              0x08000229   Thumb Code   138  rt_memcpy_v6.o(.text)
    _memcpy_lastbytes                        0x0800028f   Thumb Code     0  rt_memcpy_v6.o(.text)
    __use_two_region_memory                  0x080002b3   Thumb Code     2  heapauxi.o(.text)
    __rt_heap_escrow$2region                 0x080002b5   Thumb Code     2  heapauxi.o(.text)
    __rt_heap_expand$2region                 0x080002b7   Thumb Code     2  heapauxi.o(.text)
    __read_errno                             0x080002b9   Thumb Code    10  _rserrno.o(.text)
    __set_errno                              0x080002c3   Thumb Code    12  _rserrno.o(.text)
    __aeabi_memcpy4                          0x080002cf   Thumb Code     0  rt_memcpy_w.o(.text)
    __aeabi_memcpy8                          0x080002cf   Thumb Code     0  rt_memcpy_w.o(.text)
    __rt_memcpy_w                            0x080002cf   Thumb Code   100  rt_memcpy_w.o(.text)
    _memcpy_lastbytes_aligned                0x08000317   Thumb Code     0  rt_memcpy_w.o(.text)
    __aeabi_errno_addr                       0x08000335   Thumb Code     8  rt_errno_addr_intlibspace.o(.text)
    __errno$intlibspace                      0x08000335   Thumb Code     0  rt_errno_addr_intlibspace.o(.text)
    __rt_errno_addr$intlibspace              0x08000335   Thumb Code     0  rt_errno_addr_intlibspace.o(.text)
    __user_libspace                          0x0800033d   Thumb Code     8  libspace.o(.text)
    __user_perproc_libspace                  0x0800033d   Thumb Code     0  libspace.o(.text)
    __user_perthread_libspace                0x0800033d   Thumb Code     0  libspace.o(.text)
    __user_setup_stackheap                   0x08000345   Thumb Code    74  sys_stackheap_outer.o(.text)
    exit                                     0x0800038f   Thumb Code    12  exit.o(.text)
    _sys_exit                                0x0800039d   Thumb Code     8  sys_exit.o(.text)
    __I$use$semihosting                      0x080003a9   Thumb Code     0  use_no_semi.o(.text)
    __use_no_semihosting_swi                 0x080003a9   Thumb Code     2  use_no_semi.o(.text)
    __semihosting_library_function           0x080003ab   Thumb Code     0  indicate_semi.o(.text)
    BIOS_Init                                0x080003ad   Thumb Code   168  bios.o(i.BIOS_Init)
    Convert7705                              0x08000469   Thumb Code    44  ad7705.o(i.Convert7705)
    DS18B20_1_Read                           0x08000499   Thumb Code     8  ds18b20.o(i.DS18B20_1_Read)
    DS18B20_2_Read                           0x080004a5   Thumb Code     8  ds18b20.o(i.DS18B20_2_Read)
    DS18B20_3_Read                           0x080004b1   Thumb Code     8  ds18b20.o(i.DS18B20_3_Read)
    DS18B20_4_Read                           0x080004bd   Thumb Code     8  ds18b20.o(i.DS18B20_4_Read)
    FM24C64_Load                             0x08000561   Thumb Code    86  fm24.o(i.FM24C64_Load)
    FM24C64_Save                             0x080005b9   Thumb Code    70  fm24.o(i.FM24C64_Save)
    Fan1_OutCmd                              0x08000601   Thumb Code    42  bios.o(i.Fan1_OutCmd)
    Fan2_OutCmd                              0x08000635   Thumb Code    42  bios.o(i.Fan2_OutCmd)
    FanSpeed_fetch                           0x08000669   Thumb Code    88  hcboxs.o(i.FanSpeed_fetch)
    HCBoxControl                             0x080006c9   Thumb Code   130  hcboxs.o(i.HCBoxControl)
    HCBoxCool_OutCmd                         0x08000759   Thumb Code     6  bios.o(i.HCBoxCool_OutCmd)
    HCBoxFan_OutCmd                          0x08000765   Thumb Code    42  bios.o(i.HCBoxFan_OutCmd)
    HCBoxFan_Update                          0x08000799   Thumb Code    50  hcboxs.o(i.HCBoxFan_Update)
    HCBoxHeat_OutCmd                         0x080007dd   Thumb Code     6  bios.o(i.HCBoxHeat_OutCmd)
    HCBoxTemp_Update                         0x080007e9   Thumb Code    50  hcboxs.o(i.HCBoxTemp_Update)
    HCBox_Output                             0x08000a21   Thumb Code   174  hcboxs.o(i.HCBox_Output)
    Heater_OutCmd                            0x08000c1d   Thumb Code    40  bios.o(i.Heater_OutCmd)
    Initialize7705                           0x08000c4d   Thumb Code   136  ad7705.o(i.Initialize7705)
    MB_485_Direct_Receive                    0x08000d45   Thumb Code     2  bios.o(i.MB_485_Direct_Receive)
    MB_485_Direct_Transmit                   0x08000d49   Thumb Code     8  bios.o(i.MB_485_Direct_Transmit)
    MODBUS_Init                              0x08000d55   Thumb Code    28  modbus-port-stm32.o(i.MODBUS_Init)
    MonitorTickInit                          0x08000d71   Thumb Code    46  bios.o(i.MonitorTickInit)
    MonitorTickTimeout                       0x08000da5   Thumb Code    16  bios.o(i.MonitorTickTimeout)
    MotorPWM_SetOutput                       0x08000db9   Thumb Code    22  bios.o(i.MotorPWM_SetOutput)
    MotorPower_OutCmd                        0x08000dd1   Thumb Code    40  bios.o(i.MotorPower_OutCmd)
    OW_1_Init                                0x08000e39   Thumb Code    50  bios.o(i.OW_1_Init)
    OW_1_Reset                               0x08000e79   Thumb Code     8  bios.o(i.OW_1_Reset)
    OW_1_Slot                                0x08000e85   Thumb Code     8  bios.o(i.OW_1_Slot)
    OW_2_Init                                0x08000e91   Thumb Code    48  bios.o(i.OW_2_Init)
    OW_2_Reset                               0x08000ecd   Thumb Code     8  bios.o(i.OW_2_Reset)
    OW_2_Slot                                0x08000ed9   Thumb Code     8  bios.o(i.OW_2_Slot)
    OW_3_Init                                0x08000ee5   Thumb Code    50  bios.o(i.OW_3_Init)
    OW_3_Reset                               0x08000f25   Thumb Code     8  bios.o(i.OW_3_Reset)
    OW_3_Slot                                0x08000f31   Thumb Code     8  bios.o(i.OW_3_Slot)
    OW_4_Init                                0x08000f3d   Thumb Code    50  bios.o(i.OW_4_Init)
    OW_4_Reset                               0x08000f7d   Thumb Code     8  bios.o(i.OW_4_Reset)
    OW_4_Slot                                0x08000f89   Thumb Code     8  bios.o(i.OW_4_Slot)
    PWM1_SetOutput                           0x08000fbd   Thumb Code    20  bios.o(i.PWM1_SetOutput)
    PWM2_SetOutput                           0x08000fd5   Thumb Code    20  bios.o(i.PWM2_SetOutput)
    PWM3_SetOutput                           0x08000fed   Thumb Code    20  bios.o(i.PWM3_SetOutput)
    PWM4_SetOutput                           0x08001005   Thumb Code    20  bios.o(i.PWM4_SetOutput)
    PendSV_Handler                           0x0800101d   Thumb Code     4  modbus-port-stm32.o(i.PendSV_Handler)
    PowerAIR_OutCmd                          0x08001021   Thumb Code    40  bios.o(i.PowerAIR_OutCmd)
    Readout7705                              0x08001051   Thumb Code   110  ad7705.o(i.Readout7705)
    STM32_ADC1_Readout                       0x080010c1   Thumb Code    36  bios.o(i.STM32_ADC1_Readout)
    Select7705                               0x080011c5   Thumb Code    70  bios.o(i.Select7705)
    SysTick_Handler                          0x08001499   Thumb Code    36  bios.o(i.SysTick_Handler)
    SystemInit                               0x080014c1   Thumb Code    68  bios.o(i.SystemInit)
    TIM15_Configure                          0x08001515   Thumb Code    98  bios.o(i.TIM15_Configure)
    TIM4_IRQHandler                          0x080015f5   Thumb Code    24  modbus-port-stm32.o(i.TIM4_IRQHandler)
    USART1_IRQHandler                        0x08001615   Thumb Code    72  modbus-port-stm32.o(i.USART1_IRQHandler)
    Update_CH0                               0x0800166d   Thumb Code   122  main_kb6120c-sensor.o(i.Update_CH0)
    Update_CH1                               0x080016ed   Thumb Code   118  main_kb6120c-sensor.o(i.Update_CH1)
    bus_SPI1xPortInit                        0x08001a29   Thumb Code    70  bios.o(i.bus_SPI1xPortInit)
    bus_SPI1xShift                           0x08001a89   Thumb Code    16  bios.o(i.bus_SPI1xShift)
    bus_i2c_shin                             0x08001a9d   Thumb Code   102  bios.o(i.bus_i2c_shin)
    bus_i2c_shout                            0x08001b09   Thumb Code    96  bios.o(i.bus_i2c_shout)
    bus_i2c_start                            0x08001b6d   Thumb Code   102  bios.o(i.bus_i2c_start)
    bus_i2c_stop                             0x08001be1   Thumb Code    36  bios.o(i.bus_i2c_stop)
    delay                                    0x08001c09   Thumb Code    28  bios.o(i.delay)
    delay_us                                 0x08001c25   Thumb Code    48  bios.o(i.delay_us)
    eMBEnable                                0x08001c55   Thumb Code    28  mb.o(i.eMBEnable)
    eMBFuncReadCoils                         0x08001c75   Thumb Code   114  mbfunccoils.o(i.eMBFuncReadCoils)
    eMBFuncReadDiscreteInputs                0x08001ce7   Thumb Code   114  mbfuncdisc.o(i.eMBFuncReadDiscreteInputs)
    eMBFuncReadHoldingRegister               0x08001d59   Thumb Code    92  mbfuncholding.o(i.eMBFuncReadHoldingRegister)
    eMBFuncReadInputRegister                 0x08001db5   Thumb Code    96  mbfuncinput.o(i.eMBFuncReadInputRegister)
    eMBFuncReadWriteMultipleHoldingRegister  0x08001e15   Thumb Code   154  mbfuncholding.o(i.eMBFuncReadWriteMultipleHoldingRegister)
    eMBFuncReportSlaveID                     0x08001eb1   Thumb Code    50  mbfuncother.o(i.eMBFuncReportSlaveID)
    eMBFuncWriteCoil                         0x08001eed   Thumb Code    86  mbfunccoils.o(i.eMBFuncWriteCoil)
    eMBFuncWriteHoldingRegister              0x08001f43   Thumb Code    50  mbfuncholding.o(i.eMBFuncWriteHoldingRegister)
    eMBFuncWriteMultipleCoils                0x08001f75   Thumb Code   100  mbfunccoils.o(i.eMBFuncWriteMultipleCoils)
    eMBFuncWriteMultipleHoldingRegister      0x08001fd9   Thumb Code    78  mbfuncholding.o(i.eMBFuncWriteMultipleHoldingRegister)
    eMBInit                                  0x08002029   Thumb Code    96  mb.o(i.eMBInit)
    eMBPoll                                  0x080020a9   Thumb Code   172  mb.o(i.eMBPoll)
    eMBRTUInit                               0x08002159   Thumb Code    50  mbrtu.o(i.eMBRTUInit)
    eMBRTUReceive                            0x08002191   Thumb Code    60  mbrtu.o(i.eMBRTUReceive)
    eMBRTUSend                               0x080021d5   Thumb Code    80  mbrtu.o(i.eMBRTUSend)
    eMBRTUStart                              0x0800222d   Thumb Code    24  mbrtu.o(i.eMBRTUStart)
    eMBRTUStop                               0x08002249   Thumb Code    18  mbrtu.o(i.eMBRTUStop)
    eMBRegCoilsCB                            0x0800225d   Thumb Code   110  modbus-port-stm32.o(i.eMBRegCoilsCB)
    eMBRegDiscreteCB                         0x080022d1   Thumb Code    70  modbus-port-stm32.o(i.eMBRegDiscreteCB)
    eMBRegHoldingCB                          0x0800231d   Thumb Code   158  modbus-port-stm32.o(i.eMBRegHoldingCB)
    eMBRegInputCB                            0x080023c1   Thumb Code    56  modbus-port-stm32.o(i.eMBRegInputCB)
    get_HCBoxFanSpeed                        0x080023fd   Thumb Code     4  hcboxs.o(i.get_HCBoxFanSpeed)
    get_HCBoxOutput                          0x08002401   Thumb Code     6  hcboxs.o(i.get_HCBoxOutput)
    get_HCBoxTemp                            0x0800240d   Thumb Code    26  hcboxs.o(i.get_HCBoxTemp)
    get_NTC1_Temp                            0x0800242d   Thumb Code    16  sensor.o(i.get_NTC1_Temp)
    get_NTC2_Temp                            0x0800243d   Thumb Code    16  sensor.o(i.get_NTC2_Temp)
    __mathlib_logf                           0x0800244d   Thumb Code     0  logf.o(i.logf)
    logf                                     0x0800244d   Thumb Code   362  logf.o(i.logf)
    main                                     0x080025e1   Thumb Code   124  main_kb6120c-sensor.o(i.main)
    prveMBError2Exception                    0x0800266d   Thumb Code    24  mbutils.o(i.prveMBError2Exception)
    rint                                     0x08002685   Thumb Code     4  rint.o(i.rint)
    set_HCBoxTemp                            0x08002689   Thumb Code     8  hcboxs.o(i.set_HCBoxTemp)
    usMBCRC16                                0x08002695   Thumb Code    44  mbcrc.o(i.usMBCRC16)
    vMBPortSerialEnable                      0x080026c5   Thumb Code    54  modbus-port-stm32.o(i.vMBPortSerialEnable)
    vMBPortTimersDisable                     0x08002701   Thumb Code    42  modbus-port-stm32.o(i.vMBPortTimersDisable)
    vMBPortTimersEnable                      0x08002731   Thumb Code    42  modbus-port-stm32.o(i.vMBPortTimersEnable)
    xMBPortEventGet                          0x08002761   Thumb Code    24  modbus-port-stm32.o(i.xMBPortEventGet)
    xMBPortEventInit                         0x0800277d   Thumb Code    10  modbus-port-stm32.o(i.xMBPortEventInit)
    xMBPortEventPost                         0x0800278d   Thumb Code    18  modbus-port-stm32.o(i.xMBPortEventPost)
    xMBPortSerialGetByte                     0x080027a9   Thumb Code    10  modbus-port-stm32.o(i.xMBPortSerialGetByte)
    xMBPortSerialInit                        0x080027b9   Thumb Code   164  modbus-port-stm32.o(i.xMBPortSerialInit)
    xMBPortSerialPutByte                     0x0800286d   Thumb Code     8  modbus-port-stm32.o(i.xMBPortSerialPutByte)
    xMBPortTimersInit                        0x08002879   Thumb Code    66  modbus-port-stm32.o(i.xMBPortTimersInit)
    xMBRTUReceiveFSM                         0x080028c9   Thumb Code    88  mbrtu.o(i.xMBRTUReceiveFSM)
    xMBRTUTimerT35Expired                    0x08002929   Thumb Code    34  mbrtu.o(i.xMBRTUTimerT35Expired)
    xMBRTUTransmitFSM                        0x08002951   Thumb Code    76  mbrtu.o(i.xMBRTUTransmitFSM)
    xMBUtilGetBits                           0x080029a1   Thumb Code    34  mbutils.o(i.xMBUtilGetBits)
    xMBUtilSetBits                           0x080029c3   Thumb Code    42  mbutils.o(i.xMBUtilSetBits)
    __aeabi_d2f                              0x080029ed   Thumb Code     0  d2f.o(x$fpl$d2f)
    _d2f                                     0x080029ed   Thumb Code    98  d2f.o(x$fpl$d2f)
    __fpl_dcheck_NaN1                        0x08002a51   Thumb Code    10  dcheck1.o(x$fpl$dcheck1)
    __aeabi_d2uiz                            0x08002a61   Thumb Code     0  dfixu.o(x$fpl$dfixu)
    _dfixu                                   0x08002a61   Thumb Code    90  dfixu.o(x$fpl$dfixu)
    __aeabi_ui2d                             0x08002abb   Thumb Code     0  dflt_clz.o(x$fpl$dfltu)
    _dfltu                                   0x08002abb   Thumb Code    38  dflt_clz.o(x$fpl$dfltu)
    __fpl_dnaninf                            0x08002ae1   Thumb Code   156  dnaninf.o(x$fpl$dnaninf)
    __fpl_dretinf                            0x08002b7d   Thumb Code    12  dretinf.o(x$fpl$dretinf)
    _drnd                                    0x08002b89   Thumb Code   180  drnd.o(x$fpl$drnd)
    __aeabi_f2d                              0x08002c3d   Thumb Code     0  f2d.o(x$fpl$f2d)
    _f2d                                     0x08002c3d   Thumb Code    86  f2d.o(x$fpl$f2d)
    __aeabi_fadd                             0x08002c95   Thumb Code     0  faddsub_clz.o(x$fpl$fadd)
    _fadd                                    0x08002c95   Thumb Code   196  faddsub_clz.o(x$fpl$fadd)
    __fpl_fcheck_NaN1                        0x08002d59   Thumb Code     6  fcheck1.o(x$fpl$fcheck1)
    __fpl_fcmp_Inf                           0x08002d65   Thumb Code    24  fcmpi.o(x$fpl$fcmpinf)
    __aeabi_fdiv                             0x08002d7d   Thumb Code     0  fdiv.o(x$fpl$fdiv)
    _fdiv                                    0x08002d7d   Thumb Code   384  fdiv.o(x$fpl$fdiv)
    __aeabi_f2uiz                            0x08002f01   Thumb Code     0  ffixu.o(x$fpl$ffixu)
    _ffixu                                   0x08002f01   Thumb Code    62  ffixu.o(x$fpl$ffixu)
    __aeabi_i2f                              0x08002f41   Thumb Code     0  fflt_clz.o(x$fpl$fflt)
    _fflt                                    0x08002f41   Thumb Code    48  fflt_clz.o(x$fpl$fflt)
    __aeabi_ui2f                             0x08002f71   Thumb Code     0  fflt_clz.o(x$fpl$ffltu)
    _ffltu                                   0x08002f71   Thumb Code    38  fflt_clz.o(x$fpl$ffltu)
    __aeabi_cfcmple                          0x08002f99   Thumb Code     0  fleqf.o(x$fpl$fleqf)
    _fcmple                                  0x08002f99   Thumb Code   104  fleqf.o(x$fpl$fleqf)
    __fpl_fcmple_InfNaN                      0x08002feb   Thumb Code     0  fleqf.o(x$fpl$fleqf)
    __aeabi_fmul                             0x08003001   Thumb Code     0  fmul.o(x$fpl$fmul)
    _fmul                                    0x08003001   Thumb Code   258  fmul.o(x$fpl$fmul)
    __fpl_fnaninf                            0x08003103   Thumb Code   140  fnaninf.o(x$fpl$fnaninf)
    __fpl_fretinf                            0x0800318f   Thumb Code    10  fretinf.o(x$fpl$fretinf)
    __aeabi_cfrcmple                         0x08003199   Thumb Code     0  frleqf.o(x$fpl$frleqf)
    _frcmple                                 0x08003199   Thumb Code    98  frleqf.o(x$fpl$frleqf)
    __aeabi_fsub                             0x080031fd   Thumb Code     0  faddsub_clz.o(x$fpl$fsub)
    _fsub                                    0x080031fd   Thumb Code   234  faddsub_clz.o(x$fpl$fsub)
    __fpl_return_NaN                         0x080032e7   Thumb Code   100  retnan.o(x$fpl$retnan)
    __ARM_scalbn                             0x0800334b   Thumb Code    92  scalbn.o(x$fpl$scalbn)
    __ARM_scalbnf                            0x080033a7   Thumb Code    76  scalbnf.o(x$fpl$scalbnf)
    __fpl_cmpreturn                          0x080033f3   Thumb Code    48  trapv.o(x$fpl$trapveneer)
    __I$use$fp                               0x08003422   Number         0  usenofp.o(x$fpl$usenofp)
    DS18B20_Temp1                            0x0800362c   Data          12  ds18b20.o(.constdata)
    DS18B20_Temp2                            0x08003638   Data          12  ds18b20.o(.constdata)
    DS18B20_Temp3                            0x08003644   Data          12  ds18b20.o(.constdata)
    DS18B20_Temp4                            0x08003650   Data          12  ds18b20.o(.constdata)
    Region$$Table$$Base                      0x0800379c   Number         0  anon$$obj.o(Region$$Table)
    Region$$Table$$Limit                     0x080037bc   Number         0  anon$$obj.o(Region$$Table)
    pxMBFrameCBByteReceived                  0x20000020   Data           4  mb.o(.data)
    pxMBFrameCBTransmitterEmpty              0x20000024   Data           4  mb.o(.data)
    pxMBPortCBTimerExpired                   0x20000028   Data           4  mb.o(.data)
    ucRegDiscBuf                             0x200000be   Data           5  modbus-port-stm32.o(.data)
    ucRegCoilsBuf                            0x200000c3   Data           5  modbus-port-stm32.o(.data)
    HCBoxFlag                                0x200000c8   Data           1  bios.o(.data)
    SystemCoreClock                          0x200000cc   Data           4  bios.o(.data)
    AHBPrescTable                            0x200000d8   Data          16  bios.o(.data)
    EN_Cool                                  0x200000e9   Data           1  hcboxs.o(.data)
    EN_Heat                                  0x200000ea   Data           1  hcboxs.o(.data)
    iRetry                                   0x20000122   Data           2  main_kb6120c-sensor.o(.data)
    fan_shut_delay                           0x20000126   Data           2  main_kb6120c-sensor.o(.data)
    ucRTUBuf                                 0x20000148   Data         256  mbrtu.o(.bss)
    usRegInputBuf                            0x20000248   Data          80  modbus-port-stm32.o(.bss)
    usRegHoldingBuf                          0x20000298   Data          80  modbus-port-stm32.o(.bss)
    ADCResultBuf                             0x200002e8   Data          80  bios.o(.bss)
    HCBox                                    0x20000338   Data          16  hcboxs.o(.bss)
    __libspace_start                         0x200003a8   Data          96  libspace.o(.bss)
    __temporary_stack_top$libspace           0x20000408   Data           0  libspace.o(.bss)



==============================================================================

Memory Map of the image

  Image Entry point : 0x08000121

  Load Region LR_IROM1 (Base: 0x08000000, Size: 0x000038e4, Max: 0x00010000, ABSOLUTE)

    Execution Region ER_IROM1 (Base: 0x08000000, Size: 0x000037bc, Max: 0x00010000, ABSOLUTE)

    Base Addr    Size         Type   Attr      Idx    E Section Name        Object

    0x08000000   0x00000120   Data   RO          495    RESET               startup_stm32f10x_md_vl.o
    0x08000120   0x00000008   Code   RO         1182  * !!!main             c_w.l(__main.o)
    0x08000128   0x00000034   Code   RO         1422    !!!scatter          c_w.l(__scatter.o)
    0x0800015c   0x0000001a   Code   RO         1424    !!handler_copy      c_w.l(__scatter_copy.o)
    0x08000176   0x00000002   PAD
    0x08000178   0x0000001c   Code   RO         1426    !!handler_zi        c_w.l(__scatter_zi.o)
    0x08000194   0x00000002   Code   RO         1296    .ARM.Collect$$libinit$$00000000  c_w.l(libinit.o)
    0x08000196   0x00000000   Code   RO         1302    .ARM.Collect$$libinit$$00000002  c_w.l(libinit2.o)
    0x08000196   0x00000000   Code   RO         1305    .ARM.Collect$$libinit$$00000008  c_w.l(libinit2.o)
    0x08000196   0x00000000   Code   RO         1307    .ARM.Collect$$libinit$$0000000A  c_w.l(libinit2.o)
    0x08000196   0x00000000   Code   RO         1309    .ARM.Collect$$libinit$$0000000C  c_w.l(libinit2.o)
    0x08000196   0x00000000   Code   RO         1312    .ARM.Collect$$libinit$$0000000F  c_w.l(libinit2.o)
    0x08000196   0x00000000   Code   RO         1314    .ARM.Collect$$libinit$$00000011  c_w.l(libinit2.o)
    0x08000196   0x00000000   Code   RO         1316    .ARM.Collect$$libinit$$00000013  c_w.l(libinit2.o)
    0x08000196   0x00000000   Code   RO         1318    .ARM.Collect$$libinit$$00000015  c_w.l(libinit2.o)
    0x08000196   0x00000000   Code   RO         1320    .ARM.Collect$$libinit$$00000017  c_w.l(libinit2.o)
    0x08000196   0x00000000   Code   RO         1322    .ARM.Collect$$libinit$$00000019  c_w.l(libinit2.o)
    0x08000196   0x00000000   Code   RO         1324    .ARM.Collect$$libinit$$0000001B  c_w.l(libinit2.o)
    0x08000196   0x00000000   Code   RO         1326    .ARM.Collect$$libinit$$0000001D  c_w.l(libinit2.o)
    0x08000196   0x00000000   Code   RO         1328    .ARM.Collect$$libinit$$0000001F  c_w.l(libinit2.o)
    0x08000196   0x00000000   Code   RO         1330    .ARM.Collect$$libinit$$00000021  c_w.l(libinit2.o)
    0x08000196   0x00000000   Code   RO         1332    .ARM.Collect$$libinit$$00000023  c_w.l(libinit2.o)
    0x08000196   0x00000000   Code   RO         1336    .ARM.Collect$$libinit$$0000002A  c_w.l(libinit2.o)
    0x08000196   0x00000000   Code   RO         1338    .ARM.Collect$$libinit$$0000002C  c_w.l(libinit2.o)
    0x08000196   0x00000000   Code   RO         1340    .ARM.Collect$$libinit$$0000002E  c_w.l(libinit2.o)
    0x08000196   0x00000000   Code   RO         1342    .ARM.Collect$$libinit$$00000030  c_w.l(libinit2.o)
    0x08000196   0x00000002   Code   RO         1343    .ARM.Collect$$libinit$$00000031  c_w.l(libinit2.o)
    0x08000198   0x00000002   Code   RO         1363    .ARM.Collect$$libshutdown$$00000000  c_w.l(libshutdown.o)
    0x0800019a   0x00000000   Code   RO         1377    .ARM.Collect$$libshutdown$$00000003  c_w.l(libshutdown2.o)
    0x0800019a   0x00000000   Code   RO         1380    .ARM.Collect$$libshutdown$$00000006  c_w.l(libshutdown2.o)
    0x0800019a   0x00000000   Code   RO         1383    .ARM.Collect$$libshutdown$$00000009  c_w.l(libshutdown2.o)
    0x0800019a   0x00000000   Code   RO         1385    .ARM.Collect$$libshutdown$$0000000B  c_w.l(libshutdown2.o)
    0x0800019a   0x00000000   Code   RO         1388    .ARM.Collect$$libshutdown$$0000000E  c_w.l(libshutdown2.o)
    0x0800019a   0x00000002   Code   RO         1389    .ARM.Collect$$libshutdown$$0000000F  c_w.l(libshutdown2.o)
    0x0800019c   0x00000000   Code   RO         1240    .ARM.Collect$$rtentry$$00000000  c_w.l(rtentry.o)
    0x0800019c   0x00000000   Code   RO         1263    .ARM.Collect$$rtentry$$00000002  c_w.l(rtentry2.o)
    0x0800019c   0x00000006   Code   RO         1275    .ARM.Collect$$rtentry$$00000004  c_w.l(rtentry4.o)
    0x080001a2   0x00000000   Code   RO         1265    .ARM.Collect$$rtentry$$00000009  c_w.l(rtentry2.o)
    0x080001a2   0x00000004   Code   RO         1266    .ARM.Collect$$rtentry$$0000000A  c_w.l(rtentry2.o)
    0x080001a6   0x00000000   Code   RO         1268    .ARM.Collect$$rtentry$$0000000C  c_w.l(rtentry2.o)
    0x080001a6   0x00000008   Code   RO         1269    .ARM.Collect$$rtentry$$0000000D  c_w.l(rtentry2.o)
    0x080001ae   0x00000002   Code   RO         1299    .ARM.Collect$$rtexit$$00000000  c_w.l(rtexit.o)
    0x080001b0   0x00000000   Code   RO         1345    .ARM.Collect$$rtexit$$00000002  c_w.l(rtexit2.o)
    0x080001b0   0x00000004   Code   RO         1346    .ARM.Collect$$rtexit$$00000003  c_w.l(rtexit2.o)
    0x080001b4   0x00000006   Code   RO         1347    .ARM.Collect$$rtexit$$00000004  c_w.l(rtexit2.o)
    0x080001ba   0x00000002   PAD
    0x080001bc   0x0000002e   Code   RO          502    .emb_text           bios.o
    0x080001ea   0x00000002   PAD
    0x080001ec   0x0000003c   Code   RO          496    .text               startup_stm32f10x_md_vl.o
    0x08000228   0x0000008a   Code   RO         1178    .text               c_w.l(rt_memcpy_v6.o)
    0x080002b2   0x00000006   Code   RO         1180    .text               c_w.l(heapauxi.o)
    0x080002b8   0x00000016   Code   RO         1241    .text               c_w.l(_rserrno.o)
    0x080002ce   0x00000064   Code   RO         1243    .text               c_w.l(rt_memcpy_w.o)
    0x08000332   0x00000002   PAD
    0x08000334   0x00000008   Code   RO         1280    .text               c_w.l(rt_errno_addr_intlibspace.o)
    0x0800033c   0x00000008   Code   RO         1284    .text               c_w.l(libspace.o)
    0x08000344   0x0000004a   Code   RO         1287    .text               c_w.l(sys_stackheap_outer.o)
    0x0800038e   0x0000000c   Code   RO         1289    .text               c_w.l(exit.o)
    0x0800039a   0x00000002   PAD
    0x0800039c   0x0000000c   Code   RO         1355    .text               c_w.l(sys_exit.o)
    0x080003a8   0x00000002   Code   RO         1366    .text               c_w.l(use_no_semi.o)
    0x080003aa   0x00000000   Code   RO         1368    .text               c_w.l(indicate_semi.o)
    0x080003aa   0x00000002   PAD
    0x080003ac   0x000000bc   Code   RO          503    i.BIOS_Init         bios.o
    0x08000468   0x00000030   Code   RO          868    i.Convert7705       ad7705.o
    0x08000498   0x0000000c   Code   RO          970    i.DS18B20_1_Read    ds18b20.o
    0x080004a4   0x0000000c   Code   RO          971    i.DS18B20_2_Read    ds18b20.o
    0x080004b0   0x0000000c   Code   RO          972    i.DS18B20_3_Read    ds18b20.o
    0x080004bc   0x0000000c   Code   RO          973    i.DS18B20_4_Read    ds18b20.o
    0x080004c8   0x00000078   Code   RO          974    i.DS18B20_Load      ds18b20.o
    0x08000540   0x00000020   Code   RO          975    i.DS18B20_Read      ds18b20.o
    0x08000560   0x00000056   Code   RO          913    i.FM24C64_Load      fm24.o
    0x080005b6   0x00000002   PAD
    0x080005b8   0x00000046   Code   RO          914    i.FM24C64_Save      fm24.o
    0x080005fe   0x00000002   PAD
    0x08000600   0x00000034   Code   RO          504    i.Fan1_OutCmd       bios.o
    0x08000634   0x00000034   Code   RO          505    i.Fan2_OutCmd       bios.o
    0x08000668   0x00000060   Code   RO         1020    i.FanSpeed_fetch    hcboxs.o
    0x080006c8   0x00000090   Code   RO         1021    i.HCBoxControl      hcboxs.o
    0x08000758   0x0000000c   Code   RO          506    i.HCBoxCool_OutCmd  bios.o
    0x08000764   0x00000034   Code   RO          507    i.HCBoxFan_OutCmd   bios.o
    0x08000798   0x00000044   Code   RO         1023    i.HCBoxFan_Update   hcboxs.o
    0x080007dc   0x0000000c   Code   RO          508    i.HCBoxHeat_OutCmd  bios.o
    0x080007e8   0x00000040   Code   RO         1024    i.HCBoxTemp_Update  hcboxs.o
    0x08000828   0x00000118   Code   RO         1025    i.HCBox_Cool        hcboxs.o
    0x08000940   0x000000e0   Code   RO         1026    i.HCBox_Heat        hcboxs.o
    0x08000a20   0x000000c4   Code   RO         1027    i.HCBox_Output      hcboxs.o
    0x08000ae4   0x000000c8   Code   RO         1028    i.HCBox_Wait        hcboxs.o
    0x08000bac   0x00000070   Code   RO         1113    i.Heater_Exec       main_kb6120c-sensor.o
    0x08000c1c   0x00000030   Code   RO          509    i.Heater_OutCmd     bios.o
    0x08000c4c   0x0000008c   Code   RO          869    i.Initialize7705    ad7705.o
    0x08000cd8   0x0000006c   Code   RO         1114    i.KB6120E_ConfigSelect  main_kb6120c-sensor.o
    0x08000d44   0x00000002   Code   RO          510    i.MB_485_Direct_Receive  bios.o
    0x08000d46   0x00000002   PAD
    0x08000d48   0x0000000c   Code   RO          511    i.MB_485_Direct_Transmit  bios.o
    0x08000d54   0x0000001c   Code   RO          314    i.MODBUS_Init       modbus-port-stm32.o
    0x08000d70   0x00000034   Code   RO          512    i.MonitorTickInit   bios.o
    0x08000da4   0x00000014   Code   RO          514    i.MonitorTickTimeout  bios.o
    0x08000db8   0x00000016   Code   RO          515    i.MotorPWM_SetOutput  bios.o
    0x08000dce   0x00000002   PAD
    0x08000dd0   0x00000030   Code   RO          516    i.MotorPower_OutCmd  bios.o
    0x08000e00   0x00000018   Code   RO          315    i.NVIC_EnableIRQ    modbus-port-stm32.o
    0x08000e18   0x00000020   Code   RO          517    i.NVIC_SetPriority  bios.o
    0x08000e38   0x00000040   Code   RO          518    i.OW_1_Init         bios.o
    0x08000e78   0x0000000c   Code   RO          519    i.OW_1_Reset        bios.o
    0x08000e84   0x0000000c   Code   RO          520    i.OW_1_Slot         bios.o
    0x08000e90   0x0000003c   Code   RO          521    i.OW_2_Init         bios.o
    0x08000ecc   0x0000000c   Code   RO          522    i.OW_2_Reset        bios.o
    0x08000ed8   0x0000000c   Code   RO          523    i.OW_2_Slot         bios.o
    0x08000ee4   0x00000040   Code   RO          524    i.OW_3_Init         bios.o
    0x08000f24   0x0000000c   Code   RO          525    i.OW_3_Reset        bios.o
    0x08000f30   0x0000000c   Code   RO          526    i.OW_3_Slot         bios.o
    0x08000f3c   0x00000040   Code   RO          527    i.OW_4_Init         bios.o
    0x08000f7c   0x0000000c   Code   RO          528    i.OW_4_Reset        bios.o
    0x08000f88   0x0000000c   Code   RO          529    i.OW_4_Slot         bios.o
    0x08000f94   0x00000028   Code   RO          976    i.OW_Slot8          ds18b20.o
    0x08000fbc   0x00000018   Code   RO          530    i.PWM1_SetOutput    bios.o
    0x08000fd4   0x00000018   Code   RO          531    i.PWM2_SetOutput    bios.o
    0x08000fec   0x00000018   Code   RO          532    i.PWM3_SetOutput    bios.o
    0x08001004   0x00000018   Code   RO          533    i.PWM4_SetOutput    bios.o
    0x0800101c   0x00000004   Code   RO          316    i.PendSV_Handler    modbus-port-stm32.o
    0x08001020   0x00000030   Code   RO          534    i.PowerAIR_OutCmd   bios.o
    0x08001050   0x0000006e   Code   RO          870    i.Readout7705       ad7705.o
    0x080010be   0x00000002   PAD
    0x080010c0   0x00000028   Code   RO          535    i.STM32_ADC1_Readout  bios.o
    0x080010e8   0x000000dc   Code   RO          536    i.STM32_ADC_Init    bios.o
    0x080011c4   0x00000068   Code   RO          537    i.Select7705        bios.o
    0x0800122c   0x00000088   Code   RO          538    i.SetSysClockTo24   bios.o
    0x080012b4   0x00000114   Code   RO         1115    i.Slice0_Exec       main_kb6120c-sensor.o
    0x080013c8   0x0000007c   Code   RO         1116    i.Slice1_Exec       main_kb6120c-sensor.o
    0x08001444   0x00000054   Code   RO         1117    i.Slice2_Exec       main_kb6120c-sensor.o
    0x08001498   0x00000028   Code   RO          539    i.SysTick_Handler   bios.o
    0x080014c0   0x00000054   Code   RO          541    i.SystemInit        bios.o
    0x08001514   0x00000074   Code   RO          542    i.TIM15_Configure   bios.o
    0x08001588   0x0000006c   Code   RO          543    i.TIM3_Configure    bios.o
    0x080015f4   0x00000020   Code   RO          317    i.TIM4_IRQHandler   modbus-port-stm32.o
    0x08001614   0x00000058   Code   RO          318    i.USART1_IRQHandler  modbus-port-stm32.o
    0x0800166c   0x00000080   Code   RO         1118    i.Update_CH0        main_kb6120c-sensor.o
    0x080016ec   0x00000080   Code   RO         1119    i.Update_CH1        main_kb6120c-sensor.o
    0x0800176c   0x0000005c   Code   RO          931    i._CV_NTC10K        sensor.o
    0x080017c8   0x0000005e   Code   RO          871    i._Convert7705      ad7705.o
    0x08001826   0x00000002   PAD
    0x08001828   0x0000003c   Code   RO          544    i._OW_1_Reset       bios.o
    0x08001864   0x00000044   Code   RO          545    i._OW_1_Slot        bios.o
    0x080018a8   0x0000003c   Code   RO          546    i._OW_2_Reset       bios.o
    0x080018e4   0x00000044   Code   RO          547    i._OW_2_Slot        bios.o
    0x08001928   0x0000003c   Code   RO          548    i._OW_3_Reset       bios.o
    0x08001964   0x00000044   Code   RO          549    i._OW_3_Slot        bios.o
    0x080019a8   0x0000003c   Code   RO          550    i._OW_4_Reset       bios.o
    0x080019e4   0x00000044   Code   RO          551    i._OW_4_Slot        bios.o
    0x08001a28   0x00000060   Code   RO          552    i.bus_SPI1xPortInit  bios.o
    0x08001a88   0x00000014   Code   RO          553    i.bus_SPI1xShift    bios.o
    0x08001a9c   0x0000006c   Code   RO          554    i.bus_i2c_shin      bios.o
    0x08001b08   0x00000064   Code   RO          555    i.bus_i2c_shout     bios.o
    0x08001b6c   0x00000074   Code   RO          556    i.bus_i2c_start     bios.o
    0x08001be0   0x00000028   Code   RO          557    i.bus_i2c_stop      bios.o
    0x08001c08   0x0000001c   Code   RO          558    i.delay             bios.o
    0x08001c24   0x00000030   Code   RO          559    i.delay_us          bios.o
    0x08001c54   0x00000020   Code   RO            3    i.eMBEnable         mb.o
    0x08001c74   0x00000072   Code   RO           89    i.eMBFuncReadCoils  mbfunccoils.o
    0x08001ce6   0x00000072   Code   RO          120    i.eMBFuncReadDiscreteInputs  mbfuncdisc.o
    0x08001d58   0x0000005c   Code   RO          132    i.eMBFuncReadHoldingRegister  mbfuncholding.o
    0x08001db4   0x00000060   Code   RO          162    i.eMBFuncReadInputRegister  mbfuncinput.o
    0x08001e14   0x0000009a   Code   RO          133    i.eMBFuncReadWriteMultipleHoldingRegister  mbfuncholding.o
    0x08001eae   0x00000002   PAD
    0x08001eb0   0x0000003c   Code   RO          174    i.eMBFuncReportSlaveID  mbfuncother.o
    0x08001eec   0x00000056   Code   RO           90    i.eMBFuncWriteCoil  mbfunccoils.o
    0x08001f42   0x00000032   Code   RO          134    i.eMBFuncWriteHoldingRegister  mbfuncholding.o
    0x08001f74   0x00000064   Code   RO           91    i.eMBFuncWriteMultipleCoils  mbfunccoils.o
    0x08001fd8   0x0000004e   Code   RO          135    i.eMBFuncWriteMultipleHoldingRegister  mbfuncholding.o
    0x08002026   0x00000002   PAD
    0x08002028   0x00000080   Code   RO            4    i.eMBInit           mb.o
    0x080020a8   0x000000b0   Code   RO            5    i.eMBPoll           mb.o
    0x08002158   0x00000038   Code   RO          233    i.eMBRTUInit        mbrtu.o
    0x08002190   0x00000044   Code   RO          234    i.eMBRTUReceive     mbrtu.o
    0x080021d4   0x00000058   Code   RO          235    i.eMBRTUSend        mbrtu.o
    0x0800222c   0x0000001c   Code   RO          236    i.eMBRTUStart       mbrtu.o
    0x08002248   0x00000012   Code   RO          237    i.eMBRTUStop        mbrtu.o
    0x0800225a   0x00000002   PAD
    0x0800225c   0x00000074   Code   RO          319    i.eMBRegCoilsCB     modbus-port-stm32.o
    0x080022d0   0x0000004c   Code   RO          320    i.eMBRegDiscreteCB  modbus-port-stm32.o
    0x0800231c   0x000000a4   Code   RO          321    i.eMBRegHoldingCB   modbus-port-stm32.o
    0x080023c0   0x0000003c   Code   RO          322    i.eMBRegInputCB     modbus-port-stm32.o
    0x080023fc   0x00000004   Code   RO         1029    i.get_HCBoxFanSpeed  hcboxs.o
    0x08002400   0x0000000c   Code   RO         1030    i.get_HCBoxOutput   hcboxs.o
    0x0800240c   0x00000020   Code   RO         1031    i.get_HCBoxTemp     hcboxs.o
    0x0800242c   0x00000010   Code   RO          933    i.get_NTC1_Temp     sensor.o
    0x0800243c   0x00000010   Code   RO          934    i.get_NTC2_Temp     sensor.o
    0x0800244c   0x00000194   Code   RO         1229    i.logf              m_ws.l(logf.o)
    0x080025e0   0x0000008c   Code   RO         1120    i.main              main_kb6120c-sensor.o
    0x0800266c   0x00000018   Code   RO          195    i.prveMBError2Exception  mbutils.o
    0x08002684   0x00000004   Code   RO         1238    i.rint              m_ws.l(rint.o)
    0x08002688   0x0000000c   Code   RO         1032    i.set_HCBoxTemp     hcboxs.o
    0x08002694   0x00000030   Code   RO          219    i.usMBCRC16         mbcrc.o
    0x080026c4   0x0000003c   Code   RO          323    i.vMBPortSerialEnable  modbus-port-stm32.o
    0x08002700   0x00000030   Code   RO          324    i.vMBPortTimersDisable  modbus-port-stm32.o
    0x08002730   0x00000030   Code   RO          325    i.vMBPortTimersEnable  modbus-port-stm32.o
    0x08002760   0x0000001c   Code   RO          326    i.xMBPortEventGet   modbus-port-stm32.o
    0x0800277c   0x00000010   Code   RO          327    i.xMBPortEventInit  modbus-port-stm32.o
    0x0800278c   0x0000001c   Code   RO          328    i.xMBPortEventPost  modbus-port-stm32.o
    0x080027a8   0x00000010   Code   RO          329    i.xMBPortSerialGetByte  modbus-port-stm32.o
    0x080027b8   0x000000b4   Code   RO          330    i.xMBPortSerialInit  modbus-port-stm32.o
    0x0800286c   0x0000000c   Code   RO          331    i.xMBPortSerialPutByte  modbus-port-stm32.o
    0x08002878   0x00000050   Code   RO          332    i.xMBPortTimersInit  modbus-port-stm32.o
    0x080028c8   0x00000060   Code   RO          238    i.xMBRTUReceiveFSM  mbrtu.o
    0x08002928   0x00000028   Code   RO          239    i.xMBRTUTimerT35Expired  mbrtu.o
    0x08002950   0x00000050   Code   RO          240    i.xMBRTUTransmitFSM  mbrtu.o
    0x080029a0   0x00000022   Code   RO          196    i.xMBUtilGetBits    mbutils.o
    0x080029c2   0x0000002a   Code   RO          197    i.xMBUtilSetBits    mbutils.o
    0x080029ec   0x00000062   Code   RO         1184    x$fpl$d2f           fz_ws.l(d2f.o)
    0x08002a4e   0x00000002   PAD
    0x08002a50   0x00000010   Code   RO         1245    x$fpl$dcheck1       fz_ws.l(dcheck1.o)
    0x08002a60   0x0000005a   Code   RO         1186    x$fpl$dfixu         fz_ws.l(dfixu.o)
    0x08002aba   0x00000026   Code   RO         1190    x$fpl$dfltu         fz_ws.l(dflt_clz.o)
    0x08002ae0   0x0000009c   Code   RO         1247    x$fpl$dnaninf       fz_ws.l(dnaninf.o)
    0x08002b7c   0x0000000c   Code   RO         1249    x$fpl$dretinf       fz_ws.l(dretinf.o)
    0x08002b88   0x000000b4   Code   RO         1251    x$fpl$drnd          fz_ws.l(drnd.o)
    0x08002c3c   0x00000056   Code   RO         1196    x$fpl$f2d           fz_ws.l(f2d.o)
    0x08002c92   0x00000002   PAD
    0x08002c94   0x000000c4   Code   RO         1198    x$fpl$fadd          fz_ws.l(faddsub_clz.o)
    0x08002d58   0x0000000c   Code   RO         1253    x$fpl$fcheck1       fz_ws.l(fcheck1.o)
    0x08002d64   0x00000018   Code   RO         1255    x$fpl$fcmpinf       fz_ws.l(fcmpi.o)
    0x08002d7c   0x00000184   Code   RO         1205    x$fpl$fdiv          fz_ws.l(fdiv.o)
    0x08002f00   0x0000003e   Code   RO         1208    x$fpl$ffixu         fz_ws.l(ffixu.o)
    0x08002f3e   0x00000002   PAD
    0x08002f40   0x00000030   Code   RO         1213    x$fpl$fflt          fz_ws.l(fflt_clz.o)
    0x08002f70   0x00000026   Code   RO         1212    x$fpl$ffltu         fz_ws.l(fflt_clz.o)
    0x08002f96   0x00000002   PAD
    0x08002f98   0x00000068   Code   RO         1218    x$fpl$fleqf         fz_ws.l(fleqf.o)
    0x08003000   0x00000102   Code   RO         1220    x$fpl$fmul          fz_ws.l(fmul.o)
    0x08003102   0x0000008c   Code   RO         1257    x$fpl$fnaninf       fz_ws.l(fnaninf.o)
    0x0800318e   0x0000000a   Code   RO         1259    x$fpl$fretinf       fz_ws.l(fretinf.o)
    0x08003198   0x00000062   Code   RO         1222    x$fpl$frleqf        fz_ws.l(frleqf.o)
    0x080031fa   0x00000002   PAD
    0x080031fc   0x000000ea   Code   RO         1200    x$fpl$fsub          fz_ws.l(faddsub_clz.o)
    0x080032e6   0x00000064   Code   RO         1282    x$fpl$retnan        fz_ws.l(retnan.o)
    0x0800334a   0x0000005c   Code   RO         1224    x$fpl$scalbn        fz_ws.l(scalbn.o)
    0x080033a6   0x0000004c   Code   RO         1226    x$fpl$scalbnf       fz_ws.l(scalbnf.o)
    0x080033f2   0x00000030   Code   RO         1297    x$fpl$trapveneer    fz_ws.l(trapv.o)
    0x08003422   0x00000000   Code   RO         1261    x$fpl$usenofp       fz_ws.l(usenofp.o)
    0x08003422   0x00000200   Data   RO          220    .constdata          mbcrc.o
    0x08003622   0x0000000a   Data   RO          872    .constdata          ad7705.o
    0x0800362c   0x00000130   Data   RO          977    .constdata          ds18b20.o
    0x0800375c   0x00000040   Data   RO         1230    .constdata          m_ws.l(logf.o)
    0x0800379c   0x00000020   Data   RO         1420    Region$$Table       anon$$obj.o


    Execution Region RW_IRAM1 (Base: 0x20000000, Size: 0x00000c08, Max: 0x00002000, ABSOLUTE)

    Base Addr    Size         Type   Attr      Idx    E Section Name        Object

    0x20000000   0x000000ac   Data   RW            7    .data               mb.o
    0x200000ac   0x00000002   Data   RW          177    .data               mbfuncother.o
    0x200000ae   0x00000002   PAD
    0x200000b0   0x0000000c   Data   RW          242    .data               mbrtu.o
    0x200000bc   0x0000000c   Data   RW          334    .data               modbus-port-stm32.o
    0x200000c8   0x00000020   Data   RW          561    .data               bios.o
    0x200000e8   0x00000038   Data   RW         1034    .data               hcboxs.o
    0x20000120   0x00000006   Data   RW         1122    .data               main_kb6120c-sensor.o
    0x20000126   0x00000002   Data   RW         1123    .data               main_kb6120c-sensor.o
    0x20000128   0x00000020   Zero   RW          176    .bss                mbfuncother.o
    0x20000148   0x00000100   Zero   RW          241    .bss                mbrtu.o
    0x20000248   0x000000a0   Zero   RW          333    .bss                modbus-port-stm32.o
    0x200002e8   0x00000050   Zero   RW          560    .bss                bios.o
    0x20000338   0x0000001e   Zero   RW         1033    .bss                hcboxs.o
    0x20000356   0x00000002   PAD
    0x20000358   0x00000050   Zero   RW         1121    .bss                main_kb6120c-sensor.o
    0x200003a8   0x00000060   Zero   RW         1285    .bss                c_w.l(libspace.o)
    0x20000408   0x00000000   Zero   RW          494    HEAP                startup_stm32f10x_md_vl.o
    0x20000408   0x00000800   Zero   RW          493    STACK               startup_stm32f10x_md_vl.o


==============================================================================

Image component sizes


      Code (inc. data)   RO Data    RW Data    ZI Data      Debug   Object Name

       392          8         10          0          0       4554   ad7705.o
      3058        450          0         32         80      49043   bios.o
       240         20        304          0          0       4286   ds18b20.o
       156          0          0          0          0       1338   fm24.o
      1332        166          0         56         30       7159   hcboxs.o
      1100         96          0          8         80       5453   main_kb6120c-sensor.o
       336         40          0        172          0      10696   mb.o
        48          4        512          0          0        992   mbcrc.o
       300          0          0          0          0       3775   mbfunccoils.o
       114          0          0          0          0       1316   mbfuncdisc.o
       374          0          0          0          0       4371   mbfuncholding.o
        96          0          0          0          0       1343   mbfuncinput.o
        60         10          0          2         32       1119   mbfuncother.o
       474         44          0         12        256       5231   mbrtu.o
       100          0          0          0          0       2106   mbutils.o
      1108        124          0         12        160     238698   modbus-port-stm32.o
       124         22          0          0          0       1420   sensor.o
        60         22        288          0       2048        752   startup_stm32f10x_md_vl.o

    ----------------------------------------------------------------------
      9492       1006       1146        296       2688     343652   Object Totals
         0          0         32          0          0          0   (incl. Generated)
        20          0          0          2          2          0   (incl. Padding)

    ----------------------------------------------------------------------

      Code (inc. data)   RO Data    RW Data    ZI Data      Debug   Library Member Name

         8          0          0          0          0         68   __main.o
        52          8          0          0          0          0   __scatter.o
        26          0          0          0          0          0   __scatter_copy.o
        28          0          0          0          0          0   __scatter_zi.o
        22          0          0          0          0        100   _rserrno.o
        12          0          0          0          0         72   exit.o
         6          0          0          0          0        152   heapauxi.o
         0          0          0          0          0          0   indicate_semi.o
         2          0          0          0          0          0   libinit.o
         2          0          0          0          0          0   libinit2.o
         2          0          0          0          0          0   libshutdown.o
         2          0          0          0          0          0   libshutdown2.o
         8          4          0          0         96         68   libspace.o
         8          4          0          0          0         68   rt_errno_addr_intlibspace.o
       138          0          0          0          0         68   rt_memcpy_v6.o
       100          0          0          0          0         80   rt_memcpy_w.o
         0          0          0          0          0          0   rtentry.o
        12          0          0          0          0          0   rtentry2.o
         6          0          0          0          0          0   rtentry4.o
         2          0          0          0          0          0   rtexit.o
        10          0          0          0          0          0   rtexit2.o
        12          4          0          0          0         68   sys_exit.o
        74          0          0          0          0         80   sys_stackheap_outer.o
         2          0          0          0          0         68   use_no_semi.o
        98          4          0          0          0         92   d2f.o
        16          4          0          0          0         68   dcheck1.o
        90          4          0          0          0         92   dfixu.o
        38          0          0          0          0         68   dflt_clz.o
       156          4          0          0          0         92   dnaninf.o
        12          0          0          0          0         68   dretinf.o
       180          4          0          0          0         80   drnd.o
        86          4          0          0          0         84   f2d.o
       430          8          0          0          0        168   faddsub_clz.o
        12          4          0          0          0         68   fcheck1.o
        24          0          0          0          0         68   fcmpi.o
       388         76          0          0          0         96   fdiv.o
        62          4          0          0          0         84   ffixu.o
        86          0          0          0          0        136   fflt_clz.o
       104          4          0          0          0         84   fleqf.o
       258          4          0          0          0         84   fmul.o
       140          4          0          0          0         84   fnaninf.o
        10          0          0          0          0         68   fretinf.o
        98          0          0          0          0         68   frleqf.o
       100          0          0          0          0         68   retnan.o
        92          0          0          0          0         68   scalbn.o
        76          0          0          0          0         68   scalbnf.o
        48          0          0          0          0         68   trapv.o
         0          0          0          0          0          0   usenofp.o
       404         42         64          0          0        144   logf.o
         4          0          0          0          0         68   rint.o

    ----------------------------------------------------------------------
      3566        190         64          0         96       3028   Library Totals
        20          0          0          0          0          0   (incl. Padding)

    ----------------------------------------------------------------------

      Code (inc. data)   RO Data    RW Data    ZI Data      Debug   Library Name

       534         20          0          0         96        892   c_w.l
      2604        128          0          0          0       1924   fz_ws.l
       408         42         64          0          0        212   m_ws.l

    ----------------------------------------------------------------------
      3566        190         64          0         96       3028   Library Totals

    ----------------------------------------------------------------------

==============================================================================


      Code (inc. data)   RO Data    RW Data    ZI Data      Debug   

     13058       1196       1210        296       2784     337944   Grand Totals
     13058       1196       1210        296       2784     337944   ELF Image Totals
     13058       1196       1210        296          0          0   ROM Totals

==============================================================================

    Total RO  Size (Code + RO Data)                14268 (  13.93kB)
    Total RW  Size (RW Data + ZI Data)              3080 (   3.01kB)
    Total ROM Size (Code + RO Data + RW Data)      14564 (  14.22kB)

==============================================================================

